Archive member included to satisfy reference by file (symbol)

../GUI/Lib\libSTemWin.a(TEXT.o)
                              Core/Src/STemWin_DemoDLG.o (TEXT_CreateIndirect)
../GUI/Lib\libSTemWin.a(PROGBAR.o)
                              Core/Src/STemWin_DemoDLG.o (PROGBAR_CreateIndirect)
../GUI/Lib\libSTemWin.a(GRAPH_DATA_YT.o)
                              Core/Src/STemWin_DemoDLG.o (GRAPH_DATA_YT_Create)
../GUI/Lib\libSTemWin.a(GRAPH.o)
                              ../GUI/Lib\libSTemWin.a(GRAPH_DATA_YT.o) (GRAPH__InvalidateGraph)
../GUI/Lib\libSTemWin.a(FRAMEWIN.o)
                              Core/Src/STemWin_DemoDLG.o (FRAMEWIN_CreateIndirect)
../GUI/Lib\libSTemWin.a(DIALOG.o)
                              Core/Src/STemWin_DemoDLG.o (GUI_CreateDialogBox)
../GUI/Lib\libSTemWin.a(WM__Private.o)
                              ../GUI/Lib\libSTemWin.a(FRAMEWIN.o) (WM__IsAncestor)
../GUI/Lib\libSTemWin.a(WM_UserData.o)
                              ../GUI/Lib\libSTemWin.a(TEXT.o) (WM__GetUserDataEx)
../GUI/Lib\libSTemWin.a(WM_SetTrans.o)
                              ../GUI/Lib\libSTemWin.a(TEXT.o) (WM_SetHasTrans)
../GUI/Lib\libSTemWin.a(WM_SetScrollbar.o)
                              ../GUI/Lib\libSTemWin.a(GRAPH.o) (WM_SetScrollbarH)
../GUI/Lib\libSTemWin.a(WM_SetFocusOnPrevChild.o)
                              ../GUI/Lib\libSTemWin.a(FRAMEWIN.o) (WM_SetFocusOnPrevChild)
../GUI/Lib\libSTemWin.a(WM_SetFocusOnNextChild.o)
                              ../GUI/Lib\libSTemWin.a(FRAMEWIN.o) (WM_SetFocusOnNextChild)
../GUI/Lib\libSTemWin.a(WM_SetCaptureMove.o)
                              ../GUI/Lib\libSTemWin.a(FRAMEWIN.o) (WM_SetCaptureMove)
../GUI/Lib\libSTemWin.a(WM_SetCapture.o)
                              ../GUI/Lib\libSTemWin.a(WM_SetCaptureMove.o) (WM_SetCapture)
../GUI/Lib\libSTemWin.a(WM_Move.o)
                              ../GUI/Lib\libSTemWin.a(FRAMEWIN.o) (WM_MoveWindow)
../GUI/Lib\libSTemWin.a(WM_MemDev.o)
                              ../GUI/Lib\libSTemWin.a(FRAMEWIN.o) (WM_DisableMemdev)
../GUI/Lib\libSTemWin.a(WM_Lib.o)
                              ../GUI/Lib\libSTemWin.a(TEXT.o) (WM_GetClientRectEx)
../GUI/Lib\libSTemWin.a(WM_Hide.o)
                              ../GUI/Lib\libSTemWin.a(FRAMEWIN.o) (WM_HideWindow)
../GUI/Lib\libSTemWin.a(WM_GetWindowSize.o)
                              ../GUI/Lib\libSTemWin.a(FRAMEWIN.o) (WM__GetWindowSizeX)
../GUI/Lib\libSTemWin.a(WM_BringToTop.o)
                              ../GUI/Lib\libSTemWin.a(FRAMEWIN.o) (WM_BringToTop)
../GUI/Lib\libSTemWin.a(WM.o)
                              ../GUI/Lib\libSTemWin.a(WM__Private.o) (WM__ahWinFocus)
../GUI/Lib\libSTemWin.a(GUIDEV_StaticDevices.o)
                              ../GUI/Lib\libSTemWin.a(WM.o) (GUI_MEMDEV_Paint1Static)
../GUI/Lib\libSTemWin.a(GUIDEV_SetOrg.o)
                              ../GUI/Lib\libSTemWin.a(GUIDEV_StaticDevices.o) (GUI_MEMDEV_SetOrg)
../GUI/Lib\libSTemWin.a(GUIDEV_GetYSize.o)
                              ../GUI/Lib\libSTemWin.a(GUIDEV_StaticDevices.o) (GUI_MEMDEV_GetYSize)
../GUI/Lib\libSTemWin.a(GUIDEV_GetXSize.o)
                              ../GUI/Lib\libSTemWin.a(GUIDEV_StaticDevices.o) (GUI_MEMDEV_GetXSize)
../GUI/Lib\libSTemWin.a(GUIDEV_GetPos.o)
                              ../GUI/Lib\libSTemWin.a(GUIDEV_StaticDevices.o) (GUI_MEMDEV_GetXPos)
../GUI/Lib\libSTemWin.a(GUIDEV_GetDataPtr.o)
                              ../GUI/Lib\libSTemWin.a(GUIDEV_StaticDevices.o) (GUI_MEMDEV_GetDataPtr)
../GUI/Lib\libSTemWin.a(GUIDEV_CreateFixed.o)
                              ../GUI/Lib\libSTemWin.a(GUIDEV_StaticDevices.o) (GUI_MEMDEV_CreateFixed)
../GUI/Lib\libSTemWin.a(GUIDEV_Banding.o)
                              ../GUI/Lib\libSTemWin.a(WM.o) (GUI_MEMDEV_Draw)
../GUI/Lib\libSTemWin.a(GUIDEV_32.o)
                              ../GUI/Lib\libSTemWin.a(GUIDEV_StaticDevices.o) (GUI_MEMDEV_DEVICE_32)
../GUI/Lib\libSTemWin.a(GUIDEV.o)
                              ../GUI/Lib\libSTemWin.a(GUIDEV_StaticDevices.o) (GUI_MEMDEV__CreateFixed)
../GUI/Lib\libSTemWin.a(F6x8.o)
                              Core/Src/GUIConf.o (GUI_Font6x8)
../GUI/Lib\libSTemWin.a(F20_ASCII.o)
                              Core/Src/STemWin_DemoDLG.o (GUI_Font20_ASCII)
../GUI/Lib\libSTemWin.a(F13_1.o)
                              Core/Src/STemWin_DemoDLG.o (GUI_Font13_1)
../GUI/Lib\libSTemWin.a(GUIDRV_FlexColor_Func66709.o)
                              Core/Src/LCDConf_FlexColor.o (GUIDRV_FlexColor_SetFunc66709)
../GUI/Lib\libSTemWin.a(GUIDRV_FlexColor_16bpp_C0B8.o)
                              Core/Src/LCDConf_FlexColor.o (GUIDRV_FlexColor_SetMode16bppC0B8)
../GUI/Lib\libSTemWin.a(GUIDRV_FlexColor.o)
                              ../GUI/Lib\libSTemWin.a(GUIDRV_FlexColor_16bpp_C0B8.o) (GUIDRV_FlexColor__SetPixelIndexNoCache)
../GUI/Lib\libSTemWin.a(LCD_UpdateColorIndices.o)
                              ../GUI/Lib\libSTemWin.a(GUIDEV.o) (LCD_UpdateColorIndices)
../GUI/Lib\libSTemWin.a(LCD_SetClipRectEx.o)
[...]
Memory Configuration

Name             Origin             Length             Attributes
CCMRAM           0x0000000010000000 0x0000000000010000 xrw
RAM              0x0000000020000000 0x0000000000020000 xrw
FLASH            0x0000000008000000 0x0000000000100000 xr
*default*        0x0000000000000000 0xffffffffffffffff

Linker script and memory map

LOAD c:/st/stm32cubeide_1.5.0/stm32cubeide/plugins/com.st.stm32cube.ide.mcu.externaltools.gnu-tools-for-stm32.7-2018-q2-update.win32_1.5.0.202011040924/tools/bin/../lib/gcc/arm-none-eabi/7.3.1/thumb/v7e-m/fpv4-sp/hard/crti.o
LOAD c:/st/stm32cubeide_1.5.0/stm32cubeide/plugins/com.st.stm32cube.ide.mcu.externaltools.gnu-tools-for-stm32.7-2018-q2-update.win32_1.5.0.202011040924/tools/bin/../lib/gcc/arm-none-eabi/7.3.1/thumb/v7e-m/fpv4-sp/hard/crtbegin.o
LOAD c:/st/stm32cubeide_1.5.0/stm32cubeide/plugins/com.st.stm32cube.ide.mcu.externaltools.gnu-tools-for-stm32.7-2018-q2-update.win32_1.5.0.202011040924/tools/bin/../lib/gcc/arm-none-eabi/7.3.1/../../../../arm-none-eabi/lib/thumb/v7e-m/fpv4-sp/hard/crt0.o
LOAD Core/Src/GUIConf.o
LOAD Core/Src/GUI_X.o
LOAD Core/Src/LCDConf_FlexColor.o
LOAD Core/Src/STemWin_DemoDLG.o
LOAD Core/Src/main.o
LOAD Core/Src/stm32f4xx_hal_msp.o
LOAD Core/Src/stm32f4xx_it.o
LOAD Core/Src/syscalls.o
LOAD Core/Src/sysmem.o
LOAD Core/Src/system_stm32f4xx.o
LOAD Core/Startup/startup_stm32f407vgtx.o
LOAD Drivers/STM32F4xx_HAL_Driver/Src/stm32f4xx_hal.o
LOAD Drivers/STM32F4xx_HAL_Driver/Src/stm32f4xx_hal_adc.o
LOAD Drivers/STM32F4xx_HAL_Driver/Src/stm32f4xx_hal_adc_ex.o
LOAD Drivers/STM32F4xx_HAL_Driver/Src/stm32f4xx_hal_cortex.o
LOAD Drivers/STM32F4xx_HAL_Driver/Src/stm32f4xx_hal_crc.o
LOAD Drivers/STM32F4xx_HAL_Driver/Src/stm32f4xx_hal_dma.o
LOAD Drivers/STM32F4xx_HAL_Driver/Src/stm32f4xx_hal_dma_ex.o
LOAD Drivers/STM32F4xx_HAL_Driver/Src/stm32f4xx_hal_exti.o
LOAD Drivers/STM32F4xx_HAL_Driver/Src/stm32f4xx_hal_flash.o
LOAD Drivers/STM32F4xx_HAL_Driver/Src/stm32f4xx_hal_flash_ex.o
LOAD Drivers/STM32F4xx_HAL_Driver/Src/stm32f4xx_hal_flash_ramfunc.o
LOAD Drivers/STM32F4xx_HAL_Driver/Src/stm32f4xx_hal_gpio.o
LOAD Drivers/STM32F4xx_HAL_Driver/Src/stm32f4xx_hal_pwr.o
LOAD Drivers/STM32F4xx_HAL_Driver/Src/stm32f4xx_hal_pwr_ex.o
LOAD Drivers/STM32F4xx_HAL_Driver/Src/stm32f4xx_hal_rcc.o
LOAD Drivers/STM32F4xx_HAL_Driver/Src/stm32f4xx_hal_rcc_ex.o
LOAD Drivers/STM32F4xx_HAL_Driver/Src/stm32f4xx_hal_spi.o
LOAD Drivers/STM32F4xx_HAL_Driver/Src/stm32f4xx_hal_tim.o
LOAD Drivers/STM32F4xx_HAL_Driver/Src/stm32f4xx_hal_tim_ex.o
LOAD ../GUI/Lib\libSTemWin.a
START GROUP
LOAD c:/st/stm32cubeide_1.5.0/stm32cubeide/plugins/com.st.stm32cube.ide.mcu.externaltools.gnu-tools-for-stm32.7-2018-q2-update.win32_1.5.0.202011040924/tools/bin/../lib/gcc/arm-none-eabi/7.3.1/../../../../arm-none-eabi/lib/thumb/v7e-m/fpv4-sp/hard\libc_nano.a
LOAD c:/st/stm32cubeide_1.5.0/stm32cubeide/plugins/com.st.stm32cube.ide.mcu.externaltools.gnu-tools-for-stm32.7-2018-q2-update.win32_1.5.0.202011040924/tools/bin/../lib/gcc/arm-none-eabi/7.3.1/../../../../arm-none-eabi/lib/thumb/v7e-m/fpv4-sp/hard\libm.a
END GROUP
START GROUP
LOAD c:/st/stm32cubeide_1.5.0/stm32cubeide/plugins/com.st.stm32cube.ide.mcu.externaltools.gnu-tools-for-stm32.7-2018-q2-update.win32_1.5.0.202011040924/tools/bin/../lib/gcc/arm-none-eabi/7.3.1/thumb/v7e-m/fpv4-sp/hard\libgcc.a
LOAD c:/st/stm32cubeide_1.5.0/stm32cubeide/plugins/com.st.stm32cube.ide.mcu.externaltools.gnu-tools-for-stm32.7-2018-q2-update.win32_1.5.0.202011040924/tools/bin/../lib/gcc/arm-none-eabi/7.3.1/../../../../arm-none-eabi/lib/thumb/v7e-m/fpv4-sp/hard\libc_nano.a
END GROUP
START GROUP
LOAD c:/st/stm32cubeide_1.5.0/stm32cubeide/plugins/com.st.stm32cube.ide.mcu.externaltools.gnu-tools-for-stm32.7-2018-q2-update.win32_1.5.0.202011040924/tools/bin/../lib/gcc/arm-none-eabi/7.3.1/thumb/v7e-m/fpv4-sp/hard\libgcc.a
LOAD c:/st/stm32cubeide_1.5.0/stm32cubeide/plugins/com.st.stm32cube.ide.mcu.externaltools.gnu-tools-for-stm32.7-2018-q2-update.win32_1.5.0.202011040924/tools/bin/../lib/gcc/arm-none-eabi/7.3.1/../../../../arm-none-eabi/lib/thumb/v7e-m/fpv4-sp/hard\libc_nano.a
LOAD c:/st/stm32cubeide_1.5.0/stm32cubeide/plugins/com.st.stm32cube.ide.mcu.externaltools.gnu-tools-for-stm32.7-2018-q2-update.win32_1.5.0.202011040924/tools/bin/../lib/gcc/arm-none-eabi/7.3.1/../../../../arm-none-eabi/lib/thumb/v7e-m/fpv4-sp/hard\libnosys.a
END GROUP
START GROUP
LOAD c:/st/stm32cubeide_1.5.0/stm32cubeide/plugins/com.st.stm32cube.ide.mcu.externaltools.gnu-tools-for-stm32.7-2018-q2-update.win32_1.5.0.202011040924/tools/bin/../lib/gcc/arm-none-eabi/7.3.1/thumb/v7e-m/fpv4-sp/hard\libgcc.a
LOAD c:/st/stm32cubeide_1.5.0/stm32cubeide/plugins/com.st.stm32cube.ide.mcu.externaltools.gnu-tools-for-stm32.7-2018-q2-update.win32_1.5.0.202011040924/tools/bin/../lib/gcc/arm-none-eabi/7.3.1/../../../../arm-none-eabi/lib/thumb/v7e-m/fpv4-sp/hard\libc_nano.a
LOAD c:/st/stm32cubeide_1.5.0/stm32cubeide/plugins/com.st.stm32cube.ide.mcu.externaltools.gnu-tools-for-stm32.7-2018-q2-update.win32_1.5.0.202011040924/tools/bin/../lib/gcc/arm-none-eabi/7.3.1/../../../../arm-none-eabi/lib/thumb/v7e-m/fpv4-sp/hard\libnosys.a
END GROUP
LOAD c:/st/stm32cubeide_1.5.0/stm32cubeide/plugins/com.st.stm32cube.ide.mcu.externaltools.gnu-tools-for-stm32.7-2018-q2-update.win32_1.5.0.202011040924/tools/bin/../lib/gcc/arm-none-eabi/7.3.1/thumb/v7e-m/fpv4-sp/hard/crtend.o
LOAD c:/st/stm32cubeide_1.5.0/stm32cubeide/plugins/com.st.stm32cube.ide.mcu.externaltools.gnu-tools-for-stm32.7-2018-q2-update.win32_1.5.0.202011040924/tools/bin/../lib/gcc/arm-none-eabi/7.3.1/thumb/v7e-m/fpv4-sp/hard/crtn.o
                0x0000000020020000                _estack = (ORIGIN (RAM) + LENGTH (RAM))
                0x0000000000000200                _Min_Heap_Size = 0x200
                0x0000000000000400                _Min_Stack_Size = 0x400

.isr_vector     0x0000000008000000      0x188
                0x0000000008000000                . = ALIGN (0x4)
 *(.isr_vector)
 .isr_vector    0x0000000008000000      0x188 Core/Startup/startup_stm32f407vgtx.o
                0x0000000008000000                g_pfnVectors
                0x0000000008000188                . = ALIGN (0x4)

.text           0x0000000008000188     0xff84
                0x0000000008000188                . = ALIGN (0x4)
 *(.text)
 .text          0x0000000008000188       0x40 c:/st/stm32cubeide_1.5.0/stm32cubeide/plugins/com.st.stm32cube.ide.mcu.externaltools.gnu-tools-for-stm32.7-2018-q2-update.win32_1.5.0.202011040924/tools/bin/../lib/gcc/arm-none-eabi/7.3.1/thumb/v7e-m/fpv4-sp/hard/crtbegin.o
 .text          0x00000000080001c8       0x10 c:/st/stm32cubeide_1.5.0/stm32cubeide/plugins/com.st.stm32cube.ide.mcu.externaltools.gnu-tools-for-stm32.7-2018-q2-update.win32_1.5.0.202011040924/tools/bin/../lib/gcc/arm-none-eabi/7.3.1/../../../../arm-none-eabi/lib/thumb/v7e-m/fpv4-sp/hard\libc_nano.a(lib_a-strlen.o)
                0x00000000080001c8                strlen
 .text          0x00000000080001d8       0x30 c:/st/stm32cubeide_1.5.0/stm32cubeide/plugins/com.st.stm32cube.ide.mcu.externaltools.gnu-tools-for-stm32.7-2018-q2-update.win32_1.5.0.202011040924/tools/bin/../lib/gcc/arm-none-eabi/7.3.1/thumb/v7e-m/fpv4-sp/hard\libgcc.a(_aeabi_uldivmod.o)
                0x00000000080001d8                __aeabi_uldivmod
 .text          0x0000000008000208      0x2cc c:/st/stm32cubeide_1.5.0/stm32cubeide/plugins/com.st.stm32cube.ide.mcu.externaltools.gnu-tools-for-stm32.7-2018-q2-update.win32_1.5.0.202011040924/tools/bin/../lib/gcc/arm-none-eabi/7.3.1/thumb/v7e-m/fpv4-sp/hard\libgcc.a(_udivmoddi4.o)
                0x0000000008000208                __udivmoddi4
 .text          0x00000000080004d4        0x4 c:/st/stm32cubeide_1.5.0/stm32cubeide/plugins/com.st.stm32cube.ide.mcu.externaltools.gnu-tools-for-stm32.7-2018-q2-update.win32_1.5.0.202011040924/tools/bin/../lib/gcc/arm-none-eabi/7.3.1/thumb/v7e-m/fpv4-sp/hard\libgcc.a(_dvmd_tls.o)
                0x00000000080004d4                __aeabi_idiv0
                0x00000000080004d4                __aeabi_ldiv0
 *(.text*)
 .text.GUI_X_Config
                0x00000000080004d8       0x20 Core/Src/GUIConf.o
                0x00000000080004d8                GUI_X_Config
 .text.GUI_X_GetTime
                0x00000000080004f8       0x18 Core/Src/GUI_X.o
                0x00000000080004f8                GUI_X_GetTime
 .text.GUI_X_Init
                0x0000000008000510        0xe Core/Src/GUI_X.o
                0x0000000008000510                GUI_X_Init
 *fill*         0x000000000800051e        0x2 
 .text.LcdWriteReg
                0x0000000008000520       0x44 Core/Src/LCDConf_FlexColor.o
 .text.LcdReadReg
                0x0000000008000564       0x10 Core/Src/LCDConf_FlexColor.o
 .text.LcdWriteData
                0x0000000008000574       0x44 Core/Src/LCDConf_FlexColor.o
 .text.LcdWriteDataMultiple
                0x00000000080005b8       0x4c Core/Src/LCDConf_FlexColor.o
 .text.LcdReadDataMultiple
                0x0000000008000604       0x22 Core/Src/LCDConf_FlexColor.o
 *fill*         0x0000000008000626        0x2 
 .text.LcdInit  0x0000000008000628      0x278 Core/Src/LCDConf_FlexColor.o
                0x0000000008000628                LcdInit
 .text.LCD_X_Config
                0x00000000080008a0       0xa4 Core/Src/LCDConf_FlexColor.o
                0x00000000080008a0                LCD_X_Config
 .text.LCD_X_DisplayDriver
                0x0000000008000944       0x2a Core/Src/LCDConf_FlexColor.o
                0x0000000008000944                LCD_X_DisplayDriver
 *fill*         0x000000000800096e        0x2 
 .text._cbDialog
                0x0000000008000970       0x5c Core/Src/STemWin_DemoDLG.o
 .text.MainLCDTask
                0x00000000080009cc      0x168 Core/Src/STemWin_DemoDLG.o
                0x00000000080009cc                MainLCDTask
 .text.main     0x0000000008000b34       0x26 Core/Src/main.o
                0x0000000008000b34                main
 *fill*         0x0000000008000b5a        0x2 
 .text.SystemClock_Config
                0x0000000008000b5c       0xd4 Core/Src/main.o
                0x0000000008000b5c                SystemClock_Config
 .text.MX_ADC1_Init
                0x0000000008000c30       0xa4 Core/Src/main.o
 .text.MX_CRC_Init
                0x0000000008000cd4       0x28 Core/Src/main.o
 .text.MX_SPI1_Init
                0x0000000008000cfc       0x6c Core/Src/main.o
 .text.MX_GPIO_Init
                0x0000000008000d68       0xa0 Core/Src/main.o
 .text.Error_Handler
                0x0000000008000e08        0x8 Core/Src/main.o
                0x0000000008000e08                Error_Handler
 .text.HAL_MspInit
                0x0000000008000e10       0x50 Core/Src/stm32f4xx_hal_msp.o
                0x0000000008000e10                HAL_MspInit
 .text.HAL_ADC_MspInit
                0x0000000008000e60       0x88 Core/Src/stm32f4xx_hal_msp.o
                0x0000000008000e60                HAL_ADC_MspInit
 .text.HAL_CRC_MspInit
                0x0000000008000ee8       0x44 Core/Src/stm32f4xx_hal_msp.o
                0x0000000008000ee8                HAL_CRC_MspInit
 .text.HAL_SPI_MspInit
                0x0000000008000f2c       0x90 Core/Src/stm32f4xx_hal_msp.o
                0x0000000008000f2c                HAL_SPI_MspInit
 .text.NMI_Handler
                0x0000000008000fbc        0x6 Core/Src/stm32f4xx_it.o
                0x0000000008000fbc                NMI_Handler
 .text.HardFault_Handler
                0x0000000008000fc2        0x6 Core/Src/stm32f4xx_it.o
                0x0000000008000fc2                HardFault_Handler
 .text.MemManage_Handler
                0x0000000008000fc8        0x6 Core/Src/stm32f4xx_it.o
                0x0000000008000fc8                MemManage_Handler
 .text.BusFault_Handler
                0x0000000008000fce        0x6 Core/Src/stm32f4xx_it.o
                0x0000000008000fce                BusFault_Handler
 .text.UsageFault_Handler
                0x0000000008000fd4        0x6 Core/Src/stm32f4xx_it.o
                0x0000000008000fd4                UsageFault_Handler
 .text.SVC_Handler
                0x0000000008000fda        0xe Core/Src/stm32f4xx_it.o
                0x0000000008000fda                SVC_Handler
 .text.DebugMon_Handler
                0x0000000008000fe8        0xe Core/Src/stm32f4xx_it.o
                0x0000000008000fe8                DebugMon_Handler
 .text.PendSV_Handler
                0x0000000008000ff6        0xe Core/Src/stm32f4xx_it.o
                0x0000000008000ff6                PendSV_Handler
 .text.SysTick_Handler
                0x0000000008001004        0xc Core/Src/stm32f4xx_it.o
                0x0000000008001004                SysTick_Handler
 .text.SystemInit
                0x0000000008001010       0x2c Core/Src/system_stm32f4xx.o
                0x0000000008001010                SystemInit
 .text.Reset_Handler
                0x000000000800103c       0x50 Core/Startup/startup_stm32f407vgtx.o
                0x000000000800103c                Reset_Handler
 .text.Default_Handler
                0x000000000800108c        0x2 Core/Startup/startup_stm32f407vgtx.o
                0x000000000800108c                RTC_Alarm_IRQHandler
                0x000000000800108c                HASH_RNG_IRQHandler
                0x000000000800108c                EXTI2_IRQHandler
                0x000000000800108c                TIM8_CC_IRQHandler
                0x000000000800108c                TIM1_CC_IRQHandler
                0x000000000800108c                DMA2_Stream5_IRQHandler
                0x000000000800108c                DMA1_Stream5_IRQHandler
                0x000000000800108c                PVD_IRQHandler
                0x000000000800108c                SDIO_IRQHandler
                0x000000000800108c                TAMP_STAMP_IRQHandler
                0x000000000800108c                CAN2_RX1_IRQHandler
                0x000000000800108c                EXTI3_IRQHandler
                0x000000000800108c                TIM8_TRG_COM_TIM14_IRQHandler
                0x000000000800108c                TIM1_UP_TIM10_IRQHandler
                0x000000000800108c                TIM8_UP_TIM13_IRQHandler
                0x000000000800108c                I2C3_ER_IRQHandler
                0x000000000800108c                EXTI0_IRQHandler
                0x000000000800108c                I2C2_EV_IRQHandler
                0x000000000800108c                DMA1_Stream2_IRQHandler
                0x000000000800108c                CAN1_RX0_IRQHandler
                0x000000000800108c                FPU_IRQHandler
                0x000000000800108c                OTG_HS_WKUP_IRQHandler
                0x000000000800108c                CAN2_SCE_IRQHandler
                0x000000000800108c                DMA2_Stream2_IRQHandler
                0x000000000800108c                SPI1_IRQHandler
                0x000000000800108c                TIM6_DAC_IRQHandler
                0x000000000800108c                TIM1_BRK_TIM9_IRQHandler
                0x000000000800108c                DCMI_IRQHandler
                0x000000000800108c                CAN2_RX0_IRQHandler
                0x000000000800108c                DMA2_Stream3_IRQHandler
                0x000000000800108c                USART6_IRQHandler
                0x000000000800108c                USART3_IRQHandler
                0x000000000800108c                CAN1_RX1_IRQHandler
                0x000000000800108c                UART5_IRQHandler
                0x000000000800108c                DMA2_Stream0_IRQHandler
                0x000000000800108c                TIM4_IRQHandler
                0x000000000800108c                I2C1_EV_IRQHandler
                0x000000000800108c                DMA1_Stream6_IRQHandler
                0x000000000800108c                DMA1_Stream1_IRQHandler
                0x000000000800108c                UART4_IRQHandler
                0x000000000800108c                TIM3_IRQHandler
                0x000000000800108c                RCC_IRQHandler
                0x000000000800108c                TIM8_BRK_TIM12_IRQHandler
                0x000000000800108c                Default_Handler
                0x000000000800108c                EXTI15_10_IRQHandler
                0x000000000800108c                ADC_IRQHandler
                0x000000000800108c                DMA1_Stream7_IRQHandler
                0x000000000800108c                TIM7_IRQHandler
                0x000000000800108c                CAN2_TX_IRQHandler
                0x000000000800108c                TIM5_IRQHandler
                0x000000000800108c                DMA2_Stream7_IRQHandler
                0x000000000800108c                I2C3_EV_IRQHandler
                0x000000000800108c                EXTI9_5_IRQHandler
                0x000000000800108c                RTC_WKUP_IRQHandler
                0x000000000800108c                ETH_WKUP_IRQHandler
                0x000000000800108c                SPI2_IRQHandler
                0x000000000800108c                OTG_HS_EP1_IN_IRQHandler
                0x000000000800108c                DMA1_Stream0_IRQHandler
                0x000000000800108c                CAN1_TX_IRQHandler
                0x000000000800108c                EXTI4_IRQHandler
                0x000000000800108c                FSMC_IRQHandler
                0x000000000800108c                ETH_IRQHandler
                0x000000000800108c                OTG_HS_EP1_OUT_IRQHandler
                0x000000000800108c                WWDG_IRQHandler
                0x000000000800108c                TIM2_IRQHandler
                0x000000000800108c                OTG_FS_WKUP_IRQHandler
                0x000000000800108c                TIM1_TRG_COM_TIM11_IRQHandler
                0x000000000800108c                OTG_HS_IRQHandler
                0x000000000800108c                EXTI1_IRQHandler
                0x000000000800108c                USART2_IRQHandler
                0x000000000800108c                I2C2_ER_IRQHandler
                0x000000000800108c                DMA2_Stream1_IRQHandler
                0x000000000800108c                CAN1_SCE_IRQHandler
                0x000000000800108c                FLASH_IRQHandler
                0x000000000800108c                DMA2_Stream4_IRQHandler
                0x000000000800108c                USART1_IRQHandler
                0x000000000800108c                OTG_FS_IRQHandler
                0x000000000800108c                SPI3_IRQHandler
                0x000000000800108c                DMA1_Stream4_IRQHandler
                0x000000000800108c                I2C1_ER_IRQHandler
                0x000000000800108c                DMA2_Stream6_IRQHandler
                0x000000000800108c                DMA1_Stream3_IRQHandler
 *fill*         0x000000000800108e        0x2 
 .text.HAL_Init
                0x0000000008001090       0x44 Drivers/STM32F4xx_HAL_Driver/Src/stm32f4xx_hal.o
                0x0000000008001090                HAL_Init
 .text.HAL_InitTick
                0x00000000080010d4       0x60 Drivers/STM32F4xx_HAL_Driver/Src/stm32f4xx_hal.o
                0x00000000080010d4                HAL_InitTick
 .text.HAL_IncTick
                0x0000000008001134       0x28 Drivers/STM32F4xx_HAL_Driver/Src/stm32f4xx_hal.o
                0x0000000008001134                HAL_IncTick
 .text.HAL_GetTick
                0x000000000800115c       0x18 Drivers/STM32F4xx_HAL_Driver/Src/stm32f4xx_hal.o
                0x000000000800115c                HAL_GetTick
 .text.HAL_Delay
                0x0000000008001174       0x44 Drivers/STM32F4xx_HAL_Driver/Src/stm32f4xx_hal.o
                0x0000000008001174                HAL_Delay
 .text.HAL_ADC_Init
                0x00000000080011b8       0x86 Drivers/STM32F4xx_HAL_Driver/Src/stm32f4xx_hal_adc.o
                0x00000000080011b8                HAL_ADC_Init
 *fill*         0x000000000800123e        0x2 
 .text.HAL_ADC_Start
                0x0000000008001240      0x18c Drivers/STM32F4xx_HAL_Driver/Src/stm32f4xx_hal_adc.o
                0x0000000008001240                HAL_ADC_Start
 .text.HAL_ADC_Stop
                0x00000000080013cc       0x66 Drivers/STM32F4xx_HAL_Driver/Src/stm32f4xx_hal_adc.o
                0x00000000080013cc                HAL_ADC_Stop
 .text.HAL_ADC_PollForConversion
                0x0000000008001432      0x108 Drivers/STM32F4xx_HAL_Driver/Src/stm32f4xx_hal_adc.o
                0x0000000008001432                HAL_ADC_PollForConversion
 .text.HAL_ADC_GetValue
                0x000000000800153a       0x1a Drivers/STM32F4xx_HAL_Driver/Src/stm32f4xx_hal_adc.o
                0x000000000800153a                HAL_ADC_GetValue
 .text.HAL_ADC_ConfigChannel
                0x0000000008001554      0x244 Drivers/STM32F4xx_HAL_Driver/Src/stm32f4xx_hal_adc.o
                0x0000000008001554                HAL_ADC_ConfigChannel
 .text.ADC_Init
                0x0000000008001798      0x1f8 Drivers/STM32F4xx_HAL_Driver/Src/stm32f4xx_hal_adc.o
 .text.__NVIC_SetPriorityGrouping
                0x0000000008001990       0x48 Drivers/STM32F4xx_HAL_Driver/Src/stm32f4xx_hal_cortex.o
 .text.__NVIC_GetPriorityGrouping
                0x00000000080019d8       0x1c Drivers/STM32F4xx_HAL_Driver/Src/stm32f4xx_hal_cortex.o
 .text.__NVIC_SetPriority
                0x00000000080019f4       0x54 Drivers/STM32F4xx_HAL_Driver/Src/stm32f4xx_hal_cortex.o
 .text.NVIC_EncodePriority
                0x0000000008001a48       0x66 Drivers/STM32F4xx_HAL_Driver/Src/stm32f4xx_hal_cortex.o
 *fill*         0x0000000008001aae        0x2 
 .text.SysTick_Config
                0x0000000008001ab0       0x44 Drivers/STM32F4xx_HAL_Driver/Src/stm32f4xx_hal_cortex.o
 .text.HAL_NVIC_SetPriorityGrouping
                0x0000000008001af4       0x16 Drivers/STM32F4xx_HAL_Driver/Src/stm32f4xx_hal_cortex.o
                0x0000000008001af4                HAL_NVIC_SetPriorityGrouping
 .text.HAL_NVIC_SetPriority
                0x0000000008001b0a       0x38 Drivers/STM32F4xx_HAL_Driver/Src/stm32f4xx_hal_cortex.o
                0x0000000008001b0a                HAL_NVIC_SetPriority
 .text.HAL_SYSTICK_Config
                0x0000000008001b42       0x18 Drivers/STM32F4xx_HAL_Driver/Src/stm32f4xx_hal_cortex.o
                0x0000000008001b42                HAL_SYSTICK_Config
 .text.HAL_CRC_Init
                0x0000000008001b5a       0x38 Drivers/STM32F4xx_HAL_Driver/Src/stm32f4xx_hal_crc.o
                0x0000000008001b5a                HAL_CRC_Init
 *fill*         0x0000000008001b92        0x2 
 .text.HAL_GPIO_Init
                0x0000000008001b94      0x334 Drivers/STM32F4xx_HAL_Driver/Src/stm32f4xx_hal_gpio.o
                0x0000000008001b94                HAL_GPIO_Init
 .text.HAL_GPIO_WritePin
                0x0000000008001ec8       0x32 Drivers/STM32F4xx_HAL_Driver/Src/stm32f4xx_hal_gpio.o
                0x0000000008001ec8                HAL_GPIO_WritePin
 *fill*         0x0000000008001efa        0x2 
 .text.HAL_RCC_OscConfig
                0x0000000008001efc      0x4e0 Drivers/STM32F4xx_HAL_Driver/Src/stm32f4xx_hal_rcc.o
                0x0000000008001efc                HAL_RCC_OscConfig
 .text.HAL_RCC_ClockConfig
                0x00000000080023dc      0x1cc Drivers/STM32F4xx_HAL_Driver/Src/stm32f4xx_hal_rcc.o
                0x00000000080023dc                HAL_RCC_ClockConfig
 .text.HAL_RCC_GetSysClockFreq
                0x00000000080025a8      0x1b0 Drivers/STM32F4xx_HAL_Driver/Src/stm32f4xx_hal_rcc.o
                0x00000000080025a8                HAL_RCC_GetSysClockFreq
 .text.HAL_SPI_Init
                0x0000000008002758       0xc8 Drivers/STM32F4xx_HAL_Driver/Src/stm32f4xx_hal_spi.o
                0x0000000008002758                HAL_SPI_Init
 .text.HAL_SPI_Transmit
                0x0000000008002820      0x268 Drivers/STM32F4xx_HAL_Driver/Src/stm32f4xx_hal_spi.o
                0x0000000008002820                HAL_SPI_Transmit
 .text.SPI_WaitFlagStateUntilTimeout
                0x0000000008002a88       0xd4 Drivers/STM32F4xx_HAL_Driver/Src/stm32f4xx_hal_spi.o
 .text.SPI_EndRxTxTransaction
                0x0000000008002b5c       0x84 Drivers/STM32F4xx_HAL_Driver/Src/stm32f4xx_hal_spi.o
 .text.TEXT_Callback
                0x0000000008002be0       0xc6 ../GUI/Lib\libSTemWin.a(TEXT.o)
                0x0000000008002be0                TEXT_Callback
 *fill*         0x0000000008002ca6        0x2 
 .text.TEXT_CreateUser
                0x0000000008002ca8       0x84 ../GUI/Lib\libSTemWin.a(TEXT.o)
                0x0000000008002ca8                TEXT_CreateUser
 .text.TEXT_CreateIndirect
                0x0000000008002d2c       0x3e ../GUI/Lib\libSTemWin.a(TEXT.o)
                0x0000000008002d2c                TEXT_CreateIndirect
 .text.TEXT_SetFont
                0x0000000008002d6a       0x26 ../GUI/Lib\libSTemWin.a(TEXT.o)
                0x0000000008002d6a                TEXT_SetFont
 .text.TEXT_SetText
                0x0000000008002d90       0x52 ../GUI/Lib\libSTemWin.a(TEXT.o)
                0x0000000008002d90                TEXT_SetText
 .text.PROGBAR_Callback
                0x0000000008002de2       0x5a ../GUI/Lib\libSTemWin.a(PROGBAR.o)
                0x0000000008002de2                PROGBAR_Callback
 .text._SetValue
                0x0000000008002e3c       0x34 ../GUI/Lib\libSTemWin.a(PROGBAR.o)
 .text.PROGBAR__GetTextLocked
                0x0000000008002e70        0x6 ../GUI/Lib\libSTemWin.a(PROGBAR.o)
                0x0000000008002e70                PROGBAR__GetTextLocked
 .text.PROGBAR__GetTextRect
                0x0000000008002e76       0x88 ../GUI/Lib\libSTemWin.a(PROGBAR.o)
                0x0000000008002e76                PROGBAR__GetTextRect
 .text.PROGBAR__Value2Pos
                0x0000000008002efe       0x4c ../GUI/Lib\libSTemWin.a(PROGBAR.o)
                0x0000000008002efe                PROGBAR__Value2Pos
 *fill*         0x0000000008002f4a        0x2 
 .text.PROGBAR_CreateUser
                0x0000000008002f4c       0xbc ../GUI/Lib\libSTemWin.a(PROGBAR.o)
                0x0000000008002f4c                PROGBAR_CreateUser
 .text.PROGBAR_CreateIndirect
                0x0000000008003008       0x3a ../GUI/Lib\libSTemWin.a(PROGBAR.o)
                0x0000000008003008                PROGBAR_CreateIndirect
 .text.PROGBAR_SetValue
                0x0000000008003042      0x156 ../GUI/Lib\libSTemWin.a(PROGBAR.o)
                0x0000000008003042                PROGBAR_SetValue
 .text._OnDelete
                0x0000000008003198       0x28 ../GUI/Lib\libSTemWin.a(GRAPH_DATA_YT.o)
 .text._OnPaint
                0x00000000080031c0       0xe0 ../GUI/Lib\libSTemWin.a(GRAPH_DATA_YT.o)
 .text._InvalidateNewItem
                0x00000000080032a0       0x66 ../GUI/Lib\libSTemWin.a(GRAPH_DATA_YT.o)
 *fill*         0x0000000008003306        0x2 
 .text.GRAPH_DATA_YT_Create
                0x0000000008003308       0x78 ../GUI/Lib\libSTemWin.a(GRAPH_DATA_YT.o)
                0x0000000008003308                GRAPH_DATA_YT_Create
 .text.GRAPH_DATA_YT_AddValue
                0x0000000008003380       0x36 ../GUI/Lib\libSTemWin.a(GRAPH_DATA_YT.o)
                0x0000000008003380                GRAPH_DATA_YT_AddValue
 .text.GRAPH_DATA_YT_SetAlign
                0x00000000080033b6       0x28 ../GUI/Lib\libSTemWin.a(GRAPH_DATA_YT.o)
                0x00000000080033b6                GRAPH_DATA_YT_SetAlign
 .text.GRAPH_DATA_YT_Clear
                0x00000000080033de       0x22 ../GUI/Lib\libSTemWin.a(GRAPH_DATA_YT.o)
                0x00000000080033de                GRAPH_DATA_YT_Clear
 .text._ManageScrollbars
                0x0000000008003400       0xbc ../GUI/Lib\libSTemWin.a(GRAPH.o)
 .text._OnScrollValueChanged
                0x00000000080034bc       0x38 ../GUI/Lib\libSTemWin.a(GRAPH.o)
 .text.GRAPH_Callback
                0x00000000080034f4      0x4f6 ../GUI/Lib\libSTemWin.a(GRAPH.o)
                0x00000000080034f4                GRAPH_Callback
 .text.GRAPH__InvalidateGraph
                0x00000000080039ea       0x5e ../GUI/Lib\libSTemWin.a(GRAPH.o)
                0x00000000080039ea                GRAPH__InvalidateGraph
 .text.GRAPH__AddValue
                0x0000000008003a48       0x5a ../GUI/Lib\libSTemWin.a(GRAPH.o)
                0x0000000008003a48                GRAPH__AddValue
 *fill*         0x0000000008003aa2        0x2 
 .text.GRAPH_CreateUser
                0x0000000008003aa4       0x74 ../GUI/Lib\libSTemWin.a(GRAPH.o)
                0x0000000008003aa4                GRAPH_CreateUser
 .text.GRAPH_CreateIndirect
                0x0000000008003b18       0x3a ../GUI/Lib\libSTemWin.a(GRAPH.o)
                0x0000000008003b18                GRAPH_CreateIndirect
 .text.GRAPH_AttachData
                0x0000000008003b52       0x44 ../GUI/Lib\libSTemWin.a(GRAPH.o)
                0x0000000008003b52                GRAPH_AttachData
 .text.GRAPH_SetGridVis
                0x0000000008003b96       0x30 ../GUI/Lib\libSTemWin.a(GRAPH.o)
                0x0000000008003b96                GRAPH_SetGridVis
 .text.GRAPH_SetBorder
                0x0000000008003bc6       0x3c ../GUI/Lib\libSTemWin.a(GRAPH.o)
                0x0000000008003bc6                GRAPH_SetBorder
 .text.FRAMEWIN__GetBorderSize
                0x0000000008003c02       0x44 ../GUI/Lib\libSTemWin.a(FRAMEWIN.o)
                0x0000000008003c02                FRAMEWIN__GetBorderSize
 .text._SetActive
                0x0000000008003c46       0x38 ../GUI/Lib\libSTemWin.a(FRAMEWIN.o)
 .text.FRAMEWIN__cbClient
                0x0000000008003c7e       0xe4 ../GUI/Lib\libSTemWin.a(FRAMEWIN.o)
 .text.FRAMEWIN__CalcTitleHeight
                0x0000000008003d62       0x1e ../GUI/Lib\libSTemWin.a(FRAMEWIN.o)
                0x0000000008003d62                FRAMEWIN__CalcTitleHeight
 .text.FRAMEWIN__GetTitleLimits
                0x0000000008003d80       0x98 ../GUI/Lib\libSTemWin.a(FRAMEWIN.o)
                0x0000000008003d80                FRAMEWIN__GetTitleLimits
 .text.FRAMEWIN__CalcPositions
                0x0000000008003e18       0xde ../GUI/Lib\libSTemWin.a(FRAMEWIN.o)
                0x0000000008003e18                FRAMEWIN__CalcPositions
 .text.FRAMEWIN_SetText
                0x0000000008003ef6       0x3e ../GUI/Lib\libSTemWin.a(FRAMEWIN.o)
                0x0000000008003ef6                FRAMEWIN_SetText
 .text.FRAMEWIN_CreateUser
                0x0000000008003f34       0xf4 ../GUI/Lib\libSTemWin.a(FRAMEWIN.o)
                0x0000000008003f34                FRAMEWIN_CreateUser
 .text.FRAMEWIN_CreateIndirect
                0x0000000008004028       0x42 ../GUI/Lib\libSTemWin.a(FRAMEWIN.o)
                0x0000000008004028                FRAMEWIN_CreateIndirect
 .text.FRAMEWIN_SetActive
                0x000000000800406a        0x8 ../GUI/Lib\libSTemWin.a(FRAMEWIN.o)
                0x000000000800406a                FRAMEWIN_SetActive
 .text.FRAMEWIN_Callback
                0x0000000008004072      0x282 ../GUI/Lib\libSTemWin.a(FRAMEWIN.o)
                0x0000000008004072                FRAMEWIN_Callback
 .text.FRAMEWIN_GetActive
                0x00000000080042f4       0x24 ../GUI/Lib\libSTemWin.a(FRAMEWIN.o)
                0x00000000080042f4                FRAMEWIN_GetActive
 .text.GUI_CreateDialogBox
                0x0000000008004318       0xa4 ../GUI/Lib\libSTemWin.a(DIALOG.o)
                0x0000000008004318                GUI_CreateDialogBox
 .text.WM__ForEachDesc
                0x00000000080043bc       0x2a ../GUI/Lib\libSTemWin.a(WM__Private.o)
                0x00000000080043bc                WM__ForEachDesc
 .text.WM__GetFirstSibling
                0x00000000080043e6       0x12 ../GUI/Lib\libSTemWin.a(WM__Private.o)
                0x00000000080043e6                WM__GetFirstSibling
 .text.WM__GetLastSibling
                0x00000000080043f8       0x18 ../GUI/Lib\libSTemWin.a(WM__Private.o)
                0x00000000080043f8                WM__GetLastSibling
 .text.WM__GetPrevSibling
                0x0000000008004410       0x26 ../GUI/Lib\libSTemWin.a(WM__Private.o)
                0x0000000008004410                WM__GetPrevSibling
 .text.WM__IsAncestor
                0x0000000008004436       0x22 ../GUI/Lib\libSTemWin.a(WM__Private.o)
                0x0000000008004436                WM__IsAncestor
 .text.WM__IsAncestorOrSelf
                0x0000000008004458        0xc ../GUI/Lib\libSTemWin.a(WM__Private.o)
                0x0000000008004458                WM__IsAncestorOrSelf
 .text.WM__IsChild
                0x0000000008004464       0x28 ../GUI/Lib\libSTemWin.a(WM__Private.o)
                0x0000000008004464                WM__IsChild
 .text.WM__GetFocusedChild
                0x000000000800448c       0x24 ../GUI/Lib\libSTemWin.a(WM__Private.o)
                0x000000000800448c                WM__GetFocusedChild
 .text.WM__Screen2Client
                0x00000000080044b0       0x12 ../GUI/Lib\libSTemWin.a(WM__Private.o)
                0x00000000080044b0                WM__Screen2Client
 *fill*         0x00000000080044c2        0x2 
 .text.WM__SendMessage
                0x00000000080044c4       0x3c ../GUI/Lib\libSTemWin.a(WM__Private.o)
                0x00000000080044c4                WM__SendMessage
 .text.WM__SendMessageNoPara
                0x0000000008004500       0x28 ../GUI/Lib\libSTemWin.a(WM__Private.o)
                0x0000000008004500                WM__SendMessageNoPara
 .text.WM__UpdateChildPositions
                0x0000000008004528       0xf4 ../GUI/Lib\libSTemWin.a(WM__Private.o)
                0x0000000008004528                WM__UpdateChildPositions
 .text.WM__AddCriticalHandle
                0x000000000800461c       0x10 ../GUI/Lib\libSTemWin.a(WM__Private.o)
                0x000000000800461c                WM__AddCriticalHandle
 .text.WM__GetClientRectEx
                0x000000000800462c       0x22 ../GUI/Lib\libSTemWin.a(WM__Private.o)
                0x000000000800462c                WM__GetClientRectEx
 *fill*         0x000000000800464e        0x2 
 .text.WM_SetHasTrans
                0x0000000008004650       0x40 ../GUI/Lib\libSTemWin.a(WM_SetTrans.o)
                0x0000000008004650                WM_SetHasTrans
 .text.WM_GetHasTrans
                0x0000000008004690       0x12 ../GUI/Lib\libSTemWin.a(WM_SetTrans.o)
                0x0000000008004690                WM_GetHasTrans
 .text._SetScrollbar
                0x00000000080046a2       0x52 ../GUI/Lib\libSTemWin.a(WM_SetScrollbar.o)
 .text.WM__SetScrollbarV
                0x00000000080046f4        0x8 ../GUI/Lib\libSTemWin.a(WM_SetScrollbar.o)
                0x00000000080046f4                WM__SetScrollbarV
 .text.WM__SetScrollbarH
                0x00000000080046fc        0x8 ../GUI/Lib\libSTemWin.a(WM_SetScrollbar.o)
                0x00000000080046fc                WM__SetScrollbarH
 .text.WM_SetScrollbarH
                0x0000000008004704        0x4 ../GUI/Lib\libSTemWin.a(WM_SetScrollbar.o)
                0x0000000008004704                WM_SetScrollbarH
 .text.WM_SetScrollbarV
                0x0000000008004708        0x4 ../GUI/Lib\libSTemWin.a(WM_SetScrollbar.o)
                0x0000000008004708                WM_SetScrollbarV
 .text._GetPrevChild
                0x000000000800470c       0x1e ../GUI/Lib\libSTemWin.a(WM_SetFocusOnPrevChild.o)
 .text.WM_SetFocusOnPrevChild
                0x000000000800472a       0x38 ../GUI/Lib\libSTemWin.a(WM_SetFocusOnPrevChild.o)
                0x000000000800472a                WM_SetFocusOnPrevChild
 .text._GetNextChild
                0x0000000008004762       0x26 ../GUI/Lib\libSTemWin.a(WM_SetFocusOnNextChild.o)
 .text.WM_SetFocusOnNextChild
                0x0000000008004788       0x5c ../GUI/Lib\libSTemWin.a(WM_SetFocusOnNextChild.o)
                0x0000000008004788                WM_SetFocusOnNextChild
 .text.WM_SetCaptureMove
                0x00000000080047e4       0x9c ../GUI/Lib\libSTemWin.a(WM_SetCaptureMove.o)
                0x00000000080047e4                WM_SetCaptureMove
 .text.WM__ReleaseCapture
                0x0000000008004880       0x34 ../GUI/Lib\libSTemWin.a(WM_SetCapture.o)
 .text.WM_SetCapture
                0x00000000080048b4       0x34 ../GUI/Lib\libSTemWin.a(WM_SetCapture.o)
                0x00000000080048b4                WM_SetCapture
 .text._MoveDescendents
                0x00000000080048e8       0x6c ../GUI/Lib\libSTemWin.a(WM_Move.o)
 .text.WM__MoveWindow
                0x0000000008004954       0xa8 ../GUI/Lib\libSTemWin.a(WM_Move.o)
                0x0000000008004954                WM__MoveWindow
 .text.WM_MoveWindow
                0x00000000080049fc        0x4 ../GUI/Lib\libSTemWin.a(WM_Move.o)
                0x00000000080049fc                WM_MoveWindow
 .text.WM_DisableMemdev
                0x0000000008004a00       0x16 ../GUI/Lib\libSTemWin.a(WM_MemDev.o)
                0x0000000008004a00                WM_DisableMemdev
 .text.WM_ForEachDesc
                0x0000000008004a16        0x4 ../GUI/Lib\libSTemWin.a(WM_Lib.o)
                0x0000000008004a16                WM_ForEachDesc
 .text.WM_GetClientRectEx
                0x0000000008004a1a        0x4 ../GUI/Lib\libSTemWin.a(WM_Lib.o)
                0x0000000008004a1a                WM_GetClientRectEx
 *fill*         0x0000000008004a1e        0x2 
 .text.WM_GetClientRect
                0x0000000008004a20       0x1c ../GUI/Lib\libSTemWin.a(WM_Lib.o)
                0x0000000008004a20                WM_GetClientRect
 .text.WM_GetClientWindow
                0x0000000008004a3c       0x1c ../GUI/Lib\libSTemWin.a(WM_Lib.o)
                0x0000000008004a3c                WM_GetClientWindow
 .text.WM_GetDesktopWindow
                0x0000000008004a58       0x18 ../GUI/Lib\libSTemWin.a(WM_Lib.o)
                0x0000000008004a58                WM_GetDesktopWindow
 .text.WM_CheckScrollBounds
                0x0000000008004a70       0x1e ../GUI/Lib\libSTemWin.a(WM_Lib.o)
                0x0000000008004a70                WM_CheckScrollBounds
 .text.WM_GetFirstChild
                0x0000000008004a8e       0x10 ../GUI/Lib\libSTemWin.a(WM_Lib.o)
                0x0000000008004a8e                WM_GetFirstChild
 .text.WM_GetFlags
                0x0000000008004a9e        0xe ../GUI/Lib\libSTemWin.a(WM_Lib.o)
                0x0000000008004a9e                WM_GetFlags
 .text.WM_GetFocusedWindow
                0x0000000008004aac       0x14 ../GUI/Lib\libSTemWin.a(WM_Lib.o)
                0x0000000008004aac                WM_GetFocusedWindow
 .text.WM_GetId
                0x0000000008004ac0       0x20 ../GUI/Lib\libSTemWin.a(WM_Lib.o)
                0x0000000008004ac0                WM_GetId
 .text._GetDialogItem
                0x0000000008004ae0       0x44 ../GUI/Lib\libSTemWin.a(WM_Lib.o)
 .text.WM_GetDialogItem
                0x0000000008004b24       0x42 ../GUI/Lib\libSTemWin.a(WM_Lib.o)
                0x0000000008004b24                WM_GetDialogItem
 .text.WM_GetInsideRectEx
                0x0000000008004b66       0x18 ../GUI/Lib\libSTemWin.a(WM_Lib.o)
                0x0000000008004b66                WM_GetInsideRectEx
 .text.WM_GetNextSibling
                0x0000000008004b7e       0x10 ../GUI/Lib\libSTemWin.a(WM_Lib.o)
                0x0000000008004b7e                WM_GetNextSibling
 .text.WM_GetWindowOrgX
                0x0000000008004b8e       0x10 ../GUI/Lib\libSTemWin.a(WM_Lib.o)
                0x0000000008004b8e                WM_GetWindowOrgX
 .text.WM_GetWindowOrgY
                0x0000000008004b9e       0x10 ../GUI/Lib\libSTemWin.a(WM_Lib.o)
                0x0000000008004b9e                WM_GetWindowOrgY
 *fill*         0x0000000008004bae        0x2 
 .text.WM_GetOrgX
                0x0000000008004bb0       0x10 ../GUI/Lib\libSTemWin.a(WM_Lib.o)
                0x0000000008004bb0                WM_GetOrgX
 .text.WM_GetOrgY
                0x0000000008004bc0       0x10 ../GUI/Lib\libSTemWin.a(WM_Lib.o)
                0x0000000008004bc0                WM_GetOrgY
 .text.WM_GetParent
                0x0000000008004bd0       0x10 ../GUI/Lib\libSTemWin.a(WM_Lib.o)
                0x0000000008004bd0                WM_GetParent
 .text.WM_BringToBottom
                0x0000000008004be0       0x86 ../GUI/Lib\libSTemWin.a(WM_Lib.o)
                0x0000000008004be0                WM_BringToBottom
 .text.WM_GetScrollbarH
                0x0000000008004c66        0xa ../GUI/Lib\libSTemWin.a(WM_Lib.o)
                0x0000000008004c66                WM_GetScrollbarH
 .text.WM_GetScrollbarV
                0x0000000008004c70        0xa ../GUI/Lib\libSTemWin.a(WM_Lib.o)
                0x0000000008004c70                WM_GetScrollbarV
 .text.WM_GetScrollPartner
                0x0000000008004c7a       0x28 ../GUI/Lib\libSTemWin.a(WM_Lib.o)
                0x0000000008004c7a                WM_GetScrollPartner
 .text.WM_GetWindowRectEx
                0x0000000008004ca2       0x16 ../GUI/Lib\libSTemWin.a(WM_Lib.o)
                0x0000000008004ca2                WM_GetWindowRectEx
 .text.WM_GetInsideRectExScrollbar
                0x0000000008004cb8       0xa8 ../GUI/Lib\libSTemWin.a(WM_Lib.o)
                0x0000000008004cb8                WM_GetInsideRectExScrollbar
 .text.WM_HasCaptured
                0x0000000008004d60       0x1c ../GUI/Lib\libSTemWin.a(WM_Lib.o)
                0x0000000008004d60                WM_HasCaptured
 .text.WM_HasFocus
                0x0000000008004d7c       0x1c ../GUI/Lib\libSTemWin.a(WM_Lib.o)
                0x0000000008004d7c                WM_HasFocus
 .text.WM_IsFocusable
                0x0000000008004d98       0x32 ../GUI/Lib\libSTemWin.a(WM_Lib.o)
                0x0000000008004d98                WM_IsFocusable
 .text.WM_IsWindow
                0x0000000008004dca        0x4 ../GUI/Lib\libSTemWin.a(WM_Lib.o)
                0x0000000008004dca                WM_IsWindow
 *fill*         0x0000000008004dce        0x2 
 .text.WM_OnKey
                0x0000000008004dd0       0x34 ../GUI/Lib\libSTemWin.a(WM_Lib.o)
                0x0000000008004dd0                WM_OnKey
 .text.WM_ResizeWindow
                0x0000000008004e04       0xf6 ../GUI/Lib\libSTemWin.a(WM_Lib.o)
                0x0000000008004e04                WM_ResizeWindow
 .text.WM_SendMessageNoPara
                0x0000000008004efa        0x4 ../GUI/Lib\libSTemWin.a(WM_Lib.o)
                0x0000000008004efa                WM_SendMessageNoPara
 .text.WM_SendToParent
                0x0000000008004efe       0x1c ../GUI/Lib\libSTemWin.a(WM_Lib.o)
                0x0000000008004efe                WM_SendToParent
 .text.WM_NotifyParent
                0x0000000008004f1a       0x14 ../GUI/Lib\libSTemWin.a(WM_Lib.o)
                0x0000000008004f1a                WM_NotifyParent
 *fill*         0x0000000008004f2e        0x2 
 .text.WM_SetFocus
                0x0000000008004f30       0x9c ../GUI/Lib\libSTemWin.a(WM_Lib.o)
                0x0000000008004f30                WM_SetFocus
 .text.WM_SetScrollState
                0x0000000008004fcc       0x18 ../GUI/Lib\libSTemWin.a(WM_Lib.o)
                0x0000000008004fcc                WM_SetScrollState
 .text.WM_SetSize
                0x0000000008004fe4       0x48 ../GUI/Lib\libSTemWin.a(WM_Lib.o)
                0x0000000008004fe4                WM_SetSize
 .text.WM_SetUserClipRect
                0x000000000800502c       0x18 ../GUI/Lib\libSTemWin.a(WM_Lib.o)
                0x000000000800502c                WM_SetUserClipRect
 .text.WM_InvalidateWindowAndDescs
                0x0000000008005044       0x26 ../GUI/Lib\libSTemWin.a(WM_Lib.o)
                0x0000000008005044                WM_InvalidateWindowAndDescs
 .text.WM_ShowWindow
                0x000000000800506a       0x28 ../GUI/Lib\libSTemWin.a(WM_Lib.o)
                0x000000000800506a                WM_ShowWindow
 *fill*         0x0000000008005092        0x2 
 .text.WM_ValidateWindow
                0x0000000008005094       0x30 ../GUI/Lib\libSTemWin.a(WM_Lib.o)
                0x0000000008005094                WM_ValidateWindow
 .text.WM_HideWindow
                0x00000000080050c4       0x2c ../GUI/Lib\libSTemWin.a(WM_Hide.o)
                0x00000000080050c4                WM_HideWindow
 .text.WM__GetWindowSizeX
                0x00000000080050f0        0xe ../GUI/Lib\libSTemWin.a(WM_GetWindowSize.o)
                0x00000000080050f0                WM__GetWindowSizeX
 .text.WM__GetWindowSizeY
                0x00000000080050fe        0xe ../GUI/Lib\libSTemWin.a(WM_GetWindowSize.o)
                0x00000000080050fe                WM__GetWindowSizeY
 .text.WM_GetWindowSizeX
                0x000000000800510c       0x2a ../GUI/Lib\libSTemWin.a(WM_GetWindowSize.o)
                0x000000000800510c                WM_GetWindowSizeX
 .text.WM_GetWindowSizeY
                0x0000000008005136       0x2a ../GUI/Lib\libSTemWin.a(WM_GetWindowSize.o)
                0x0000000008005136                WM_GetWindowSizeY
 .text._cbInvalidateOne
                0x0000000008005160        0x4 ../GUI/Lib\libSTemWin.a(WM_BringToTop.o)
 .text.WM_BringToTop
                0x0000000008005164       0x78 ../GUI/Lib\libSTemWin.a(WM_BringToTop.o)
                0x0000000008005164                WM_BringToTop
 .text._OnExit  0x00000000080051dc       0xac ../GUI/Lib\libSTemWin.a(WM.o)
 .text._Paint1  0x0000000008005288       0x24 ../GUI/Lib\libSTemWin.a(WM.o)
 .text._Findy1  0x00000000080052ac       0xac ../GUI/Lib\libSTemWin.a(WM.o)
 .text._Findx0  0x0000000008005358       0x88 ../GUI/Lib\libSTemWin.a(WM.o)
 .text._Findx1  0x00000000080053e0       0x76 ../GUI/Lib\libSTemWin.a(WM.o)
 *fill*         0x0000000008005456        0x2 
 .text._Paint1Trans
                0x0000000008005458       0x94 ../GUI/Lib\libSTemWin.a(WM.o)
 .text._PaintTransChildren
                0x00000000080054ec       0xb6 ../GUI/Lib\libSTemWin.a(WM.o)
 *fill*         0x00000000080055a2        0x2 
 .text.WM__PaintWinAndOverlays
                0x00000000080055a4       0x78 ../GUI/Lib\libSTemWin.a(WM.o)
 .text._cbPaintMemDev
                0x000000000800561c       0x68 ../GUI/Lib\libSTemWin.a(WM.o)
 .text.WM__ClipAtParentBorders
                0x0000000008005684       0x5c ../GUI/Lib\libSTemWin.a(WM.o)
                0x0000000008005684                WM__ClipAtParentBorders
 .text.WM__InsertWindowIntoList
                0x00000000080056e0       0xa4 ../GUI/Lib\libSTemWin.a(WM.o)
                0x00000000080056e0                WM__InsertWindowIntoList
 .text.WM__RemoveWindowFromList
                0x0000000008005784       0x3c ../GUI/Lib\libSTemWin.a(WM.o)
                0x0000000008005784                WM__RemoveWindowFromList
 .text.WM__Client2Screen
                0x00000000080057c0       0x10 ../GUI/Lib\libSTemWin.a(WM.o)
                0x00000000080057c0                WM__Client2Screen
 .text._SetClipRectUserIntersect
                0x00000000080057d0       0x50 ../GUI/Lib\libSTemWin.a(WM.o)
 .text.WM__ActivateClipRect
                0x0000000008005820       0x48 ../GUI/Lib\libSTemWin.a(WM.o)
                0x0000000008005820                WM__ActivateClipRect
 .text.WM__IsWindow
                0x0000000008005868       0x20 ../GUI/Lib\libSTemWin.a(WM.o)
                0x0000000008005868                WM__IsWindow
 .text.WM__InvalidateDrawAndDescs
                0x0000000008005888       0x50 ../GUI/Lib\libSTemWin.a(WM.o)
                0x0000000008005888                WM__InvalidateDrawAndDescs
 .text.WM__RectIsNZ
                0x00000000080058d8       0x22 ../GUI/Lib\libSTemWin.a(WM.o)
                0x00000000080058d8                WM__RectIsNZ
 .text.WM_SendMessage
                0x00000000080058fa        0x8 ../GUI/Lib\libSTemWin.a(WM.o)
                0x00000000080058fa                WM_SendMessage
 .text.WM__SendMsgNoData
                0x0000000008005902       0x16 ../GUI/Lib\libSTemWin.a(WM.o)
                0x0000000008005902                WM__SendMsgNoData
 .text.WM__GetClientRectWin
                0x0000000008005918       0x18 ../GUI/Lib\libSTemWin.a(WM.o)
                0x0000000008005918                WM__GetClientRectWin
 .text.WM__GetTopLevelLayer
                0x0000000008005930       0x28 ../GUI/Lib\libSTemWin.a(WM.o)
                0x0000000008005930                WM__GetTopLevelLayer
 .text._Invalidate1Abs
                0x0000000008005958       0xa0 ../GUI/Lib\libSTemWin.a(WM.o)
 .text.WM__Invalidate1Abs
                0x00000000080059f8        0x6 ../GUI/Lib\libSTemWin.a(WM.o)
                0x00000000080059f8                WM__Invalidate1Abs
 .text.WM_InvalidateWindowAndDescsEx
                0x00000000080059fe       0x64 ../GUI/Lib\libSTemWin.a(WM.o)
                0x00000000080059fe                WM_InvalidateWindowAndDescsEx
 .text.WM__InvalidateRect
                0x0000000008005a62       0x78 ../GUI/Lib\libSTemWin.a(WM.o)
                0x0000000008005a62                WM__InvalidateRect
 .text.WM__InvalidateParent
                0x0000000008005ada       0x2a ../GUI/Lib\libSTemWin.a(WM.o)
                0x0000000008005ada                WM__InvalidateParent
 .text.WM__InvalidateRectEx
                0x0000000008005b04        0x6 ../GUI/Lib\libSTemWin.a(WM.o)
                0x0000000008005b04                WM__InvalidateRectEx
 .text.WM__DetachWindow
                0x0000000008005b0a       0x2a ../GUI/Lib\libSTemWin.a(WM.o)
                0x0000000008005b0a                WM__DetachWindow
 .text.WM_InvalidateRect
                0x0000000008005b34       0x78 ../GUI/Lib\libSTemWin.a(WM.o)
                0x0000000008005b34                WM_InvalidateRect
 .text.WM_InvalidateWindow
                0x0000000008005bac        0x6 ../GUI/Lib\libSTemWin.a(WM.o)
                0x0000000008005bac                WM_InvalidateWindow
 .text.WM__SelectTopLevelLayer
                0x0000000008005bb2       0x14 ../GUI/Lib\libSTemWin.a(WM.o)
                0x0000000008005bb2                WM__SelectTopLevelLayer
 *fill*         0x0000000008005bc6        0x2 
 .text.WM_SelectWindow
                0x0000000008005bc8       0x40 ../GUI/Lib\libSTemWin.a(WM.o)
                0x0000000008005bc8                WM_SelectWindow
 .text.WM_CreateWindowAsChild
                0x0000000008005c08      0x154 ../GUI/Lib\libSTemWin.a(WM.o)
                0x0000000008005c08                WM_CreateWindowAsChild
 .text.WM_DeleteWindow
                0x0000000008005d5c      0x114 ../GUI/Lib\libSTemWin.a(WM.o)
                0x0000000008005d5c                WM_DeleteWindow
 .text._Exec1Input
                0x0000000008005e70       0x84 ../GUI/Lib\libSTemWin.a(WM.o)
 .text.WM_GetActiveWindow
                0x0000000008005ef4        0xc ../GUI/Lib\libSTemWin.a(WM.o)
                0x0000000008005ef4                WM_GetActiveWindow
 .text.WM__GetNextIVR
                0x0000000008005f00      0x184 ../GUI/Lib\libSTemWin.a(WM.o)
                0x0000000008005f00                WM__GetNextIVR
 .text.WM__InitIVRSearch
                0x0000000008006084       0xfc ../GUI/Lib\libSTemWin.a(WM.o)
                0x0000000008006084                WM__InitIVRSearch
 .text.WM_SetDefault
                0x0000000008006180       0x14 ../GUI/Lib\libSTemWin.a(WM.o)
                0x0000000008006180                WM_SetDefault
 .text.WM__Paint1
                0x0000000008006194       0x90 ../GUI/Lib\libSTemWin.a(WM.o)
                0x0000000008006194                WM__Paint1
 .text.WM__Paint
                0x0000000008006224       0xac ../GUI/Lib\libSTemWin.a(WM.o)
                0x0000000008006224                WM__Paint
 .text._Exec1Draw
                0x00000000080062d0       0x80 ../GUI/Lib\libSTemWin.a(WM.o)
 .text.WM__DeleteSecure
                0x0000000008006350       0x1c ../GUI/Lib\libSTemWin.a(WM.o)
                0x0000000008006350                WM__DeleteSecure
 .text.WM_Exec  0x000000000800636c       0x78 ../GUI/Lib\libSTemWin.a(WM.o)
                0x000000000800636c                WM_Exec
 .text.WM_Activate
                0x00000000080063e4       0x10 ../GUI/Lib\libSTemWin.a(WM.o)
                0x00000000080063e4                WM_Activate
 .text.WM_Deactivate
                0x00000000080063f4       0x14 ../GUI/Lib\libSTemWin.a(WM.o)
                0x00000000080063f4                WM_Deactivate
 .text.WM_DefaultProc
                0x0000000008006408       0x48 ../GUI/Lib\libSTemWin.a(WM.o)
                0x0000000008006408                WM_DefaultProc
 .text._cbBackWin
                0x0000000008006450       0x68 ../GUI/Lib\libSTemWin.a(WM.o)
 .text.WM_Init  0x00000000080064b8       0xf4 ../GUI/Lib\libSTemWin.a(WM.o)
                0x00000000080064b8                WM_Init
 .text._CreateStaticDevice
                0x00000000080065ac      0x174 ../GUI/Lib\libSTemWin.a(GUIDEV_StaticDevices.o)
 .text.GUI_MEMDEV_Paint1Static
                0x0000000008006720       0x1c ../GUI/Lib\libSTemWin.a(GUIDEV_StaticDevices.o)
                0x0000000008006720                GUI_MEMDEV_Paint1Static
 .text.GUI_MEMDEV_SetOrg
                0x000000000800673c       0x54 ../GUI/Lib\libSTemWin.a(GUIDEV_SetOrg.o)
                0x000000000800673c                GUI_MEMDEV_SetOrg
 .text.GUI_MEMDEV_GetYSize
                0x0000000008006790       0x2c ../GUI/Lib\libSTemWin.a(GUIDEV_GetYSize.o)
                0x0000000008006790                GUI_MEMDEV_GetYSize
 .text.GUI_MEMDEV_GetDataPtr
                0x00000000080067bc       0x1e ../GUI/Lib\libSTemWin.a(GUIDEV_GetDataPtr.o)
                0x00000000080067bc                GUI_MEMDEV_GetDataPtr
 *fill*         0x00000000080067da        0x2 
 .text.GUI_MEMDEV_Draw
                0x00000000080067dc      0x150 ../GUI/Lib\libSTemWin.a(GUIDEV_Banding.o)
                0x00000000080067dc                GUI_MEMDEV_Draw
 .text._GetDevData
                0x000000000800692c       0x10 ../GUI/Lib\libSTemWin.a(GUIDEV_32.o)
 .text._GetDevFunc
                0x000000000800693c       0x10 ../GUI/Lib\libSTemWin.a(GUIDEV_32.o)
 .text._GetDevProp
                0x000000000800694c        0xa ../GUI/Lib\libSTemWin.a(GUIDEV_32.o)
 .text._SetOrg  0x0000000008006956        0xc ../GUI/Lib\libSTemWin.a(GUIDEV_32.o)
 .text._GetRect
                0x0000000008006962       0x32 ../GUI/Lib\libSTemWin.a(GUIDEV_32.o)
 .text._XY2PTR  0x0000000008006994       0x40 ../GUI/Lib\libSTemWin.a(GUIDEV_32.o)
 .text._GetPixelIndex
                0x00000000080069d4        0xe ../GUI/Lib\libSTemWin.a(GUIDEV_32.o)
 *fill*         0x00000000080069e2        0x2 
 .text._XorPixel
                0x00000000080069e4       0x5c ../GUI/Lib\libSTemWin.a(GUIDEV_32.o)
 .text._SetPixelIndex
                0x0000000008006a40       0x4c ../GUI/Lib\libSTemWin.a(GUIDEV_32.o)
 .text._DrawVLine
                0x0000000008006a8c       0xbc ../GUI/Lib\libSTemWin.a(GUIDEV_32.o)
 .text._FillRect
                0x0000000008006b48       0xb8 ../GUI/Lib\libSTemWin.a(GUIDEV_32.o)
 .text._DrawHLine
                0x0000000008006c00        0xe ../GUI/Lib\libSTemWin.a(GUIDEV_32.o)
 *fill*         0x0000000008006c0e        0x2 
 .text._DrawBitmap
                0x0000000008006c10      0x740 ../GUI/Lib\libSTemWin.a(GUIDEV_32.o)
 .text.GUI_MEMDEV__WriteToActiveAt
                0x0000000008007350       0x38 ../GUI/Lib\libSTemWin.a(GUIDEV.o)
                0x0000000008007350                GUI_MEMDEV__WriteToActiveAt
 .text.GUI_MEMDEV__CreateFixed
                0x0000000008007388      0x104 ../GUI/Lib\libSTemWin.a(GUIDEV.o)
                0x0000000008007388                GUI_MEMDEV__CreateFixed
 .text.GUI_MEMDEV_GetBitsPerPixel
                0x000000000800748c       0x2a ../GUI/Lib\libSTemWin.a(GUIDEV.o)
                0x000000000800748c                GUI_MEMDEV_GetBitsPerPixel
 *fill*         0x00000000080074b6        0x2 
 .text.GUI_MEMDEV_Delete
                0x00000000080074b8       0x44 ../GUI/Lib\libSTemWin.a(GUIDEV.o)
                0x00000000080074b8                GUI_MEMDEV_Delete
 .text.GUI_MEMDEV_CreateEx
                0x00000000080074fc       0x78 ../GUI/Lib\libSTemWin.a(GUIDEV.o)
                0x00000000080074fc                GUI_MEMDEV_CreateEx
 .text.GUI_MEMDEV_Select
                0x0000000008007574       0x4c ../GUI/Lib\libSTemWin.a(GUIDEV.o)
                0x0000000008007574                GUI_MEMDEV_Select
 .text.GUI_MEMDEV_CopyToLCDAt
                0x00000000080075c0       0xa4 ../GUI/Lib\libSTemWin.a(GUIDEV.o)
                0x00000000080075c0                GUI_MEMDEV_CopyToLCDAt
 .text.GUI_MEMDEV_CopyToLCD
                0x0000000008007664        0xc ../GUI/Lib\libSTemWin.a(GUIDEV.o)
                0x0000000008007664                GUI_MEMDEV_CopyToLCD
 .text._SetPhysRAMAddr
                0x0000000008007670       0xa2 ../GUI/Lib\libSTemWin.a(GUIDRV_FlexColor_Func66709.o)
 .text._SetRect
                0x0000000008007712       0xa6 ../GUI/Lib\libSTemWin.a(GUIDRV_FlexColor_Func66709.o)
 .text._SetOrientation
                0x00000000080077b8       0x3c ../GUI/Lib\libSTemWin.a(GUIDRV_FlexColor_Func66709.o)
 .text._ReadPixel_16bpp_B8
                0x00000000080077f4       0x38 ../GUI/Lib\libSTemWin.a(GUIDRV_FlexColor_Func66709.o)
 .text._ReadPixel_16bpp_B16_I
                0x000000000800782c       0x3e ../GUI/Lib\libSTemWin.a(GUIDRV_FlexColor_Func66709.o)
 .text._SetReg_B8
                0x000000000800786a       0x18 ../GUI/Lib\libSTemWin.a(GUIDRV_FlexColor_Func66709.o)
 .text._SetReg_B16
                0x0000000008007882        0xc ../GUI/Lib\libSTemWin.a(GUIDRV_FlexColor_Func66709.o)
 .text._WritePara_B8
                0x000000000800788e        0xc ../GUI/Lib\libSTemWin.a(GUIDRV_FlexColor_Func66709.o)
 .text._WritePara_B16
                0x000000000800789a        0xc ../GUI/Lib\libSTemWin.a(GUIDRV_FlexColor_Func66709.o)
 *fill*         0x00000000080078a6        0x2 
 .text._SetInterface
                0x00000000080078a8       0x34 ../GUI/Lib\libSTemWin.a(GUIDRV_FlexColor_Func66709.o)
 .text._ReadRect_16bpp_B8
                0x00000000080078dc       0x60 ../GUI/Lib\libSTemWin.a(GUIDRV_FlexColor_Func66709.o)
 .text._ReadRect_16bpp_B16_I
                0x000000000800793c       0x62 ../GUI/Lib\libSTemWin.a(GUIDRV_FlexColor_Func66709.o)
 *fill*         0x000000000800799e        0x2 
 .text.GUIDRV_FlexColor_SetFunc66709
                0x00000000080079a0       0x74 ../GUI/Lib\libSTemWin.a(GUIDRV_FlexColor_Func66709.o)
                0x00000000080079a0                GUIDRV_FlexColor_SetFunc66709
 .text._WriteU16_A1
                0x0000000008007a14       0x18 ../GUI/Lib\libSTemWin.a(GUIDRV_FlexColor_16bpp_C0B8.o)
 .text._WriteDataMP
                0x0000000008007a2c       0x46 ../GUI/Lib\libSTemWin.a(GUIDRV_FlexColor_16bpp_C0B8.o)
 .text._ReadData
                0x0000000008007a72        0xa ../GUI/Lib\libSTemWin.a(GUIDRV_FlexColor_16bpp_C0B8.o)
 .text._WriteData
                0x0000000008007a7c        0x6 ../GUI/Lib\libSTemWin.a(GUIDRV_FlexColor_16bpp_C0B8.o)
 *fill*         0x0000000008007a82        0x2 
 .text._FillRect
                0x0000000008007a84      0x10c ../GUI/Lib\libSTemWin.a(GUIDRV_FlexColor_16bpp_C0B8.o)
 .text._DrawBitmap
                0x0000000008007b90      0x514 ../GUI/Lib\libSTemWin.a(GUIDRV_FlexColor_16bpp_C0B8.o)
 .text.GUIDRV_FlexColor_SetMode16bppC0B8
                0x00000000080080a4       0x68 ../GUI/Lib\libSTemWin.a(GUIDRV_FlexColor_16bpp_C0B8.o)
                0x00000000080080a4                GUIDRV_FlexColor_SetMode16bppC0B8
 .text._Log2PhysX_X0Y0S0
                0x000000000800810c        0x4 ../GUI/Lib\libSTemWin.a(GUIDRV_FlexColor.o)
 .text._Log2PhysX_X1Y0S0
                0x0000000008008110        0x8 ../GUI/Lib\libSTemWin.a(GUIDRV_FlexColor.o)
 .text._Log2PhysX_X0Y1S0
                0x0000000008008118        0x4 ../GUI/Lib\libSTemWin.a(GUIDRV_FlexColor.o)
 .text._Log2PhysX_X1Y1S0
                0x000000000800811c        0x8 ../GUI/Lib\libSTemWin.a(GUIDRV_FlexColor.o)
 .text._Log2PhysX_X0Y0S1
                0x0000000008008124        0x4 ../GUI/Lib\libSTemWin.a(GUIDRV_FlexColor.o)
 .text._Log2PhysX_X1Y0S1
                0x0000000008008128        0x8 ../GUI/Lib\libSTemWin.a(GUIDRV_FlexColor.o)
 .text._Log2PhysX_X0Y1S1
                0x0000000008008130        0x4 ../GUI/Lib\libSTemWin.a(GUIDRV_FlexColor.o)
 .text._Log2PhysX_X1Y1S1
                0x0000000008008134        0x8 ../GUI/Lib\libSTemWin.a(GUIDRV_FlexColor.o)
 .text._Log2PhysY_X0Y0S0
                0x000000000800813c        0x4 ../GUI/Lib\libSTemWin.a(GUIDRV_FlexColor.o)
 .text._Log2PhysY_X1Y0S0
                0x0000000008008140        0x4 ../GUI/Lib\libSTemWin.a(GUIDRV_FlexColor.o)
 .text._Log2PhysY_X0Y1S0
                0x0000000008008144        0x8 ../GUI/Lib\libSTemWin.a(GUIDRV_FlexColor.o)
 .text._Log2PhysY_X1Y1S0
                0x000000000800814c        0x8 ../GUI/Lib\libSTemWin.a(GUIDRV_FlexColor.o)
 .text._Log2PhysY_X0Y0S1
                0x0000000008008154        0x4 ../GUI/Lib\libSTemWin.a(GUIDRV_FlexColor.o)
 .text._Log2PhysY_X1Y0S1
                0x0000000008008158        0x4 ../GUI/Lib\libSTemWin.a(GUIDRV_FlexColor.o)
 .text._Log2PhysY_X0Y1S1
                0x000000000800815c        0x8 ../GUI/Lib\libSTemWin.a(GUIDRV_FlexColor.o)
 .text._Log2PhysY_X1Y1S1
                0x0000000008008164        0x8 ../GUI/Lib\libSTemWin.a(GUIDRV_FlexColor.o)
 .text._SetPixelIndex
                0x000000000800816c        0xc ../GUI/Lib\libSTemWin.a(GUIDRV_FlexColor.o)
 .text._GetPixelIndex
                0x0000000008008178        0xc ../GUI/Lib\libSTemWin.a(GUIDRV_FlexColor.o)
 .text._XorPixel
                0x0000000008008184       0x28 ../GUI/Lib\libSTemWin.a(GUIDRV_FlexColor.o)
 .text._DrawHLine
                0x00000000080081ac       0x10 ../GUI/Lib\libSTemWin.a(GUIDRV_FlexColor.o)
 .text._DrawVLine
                0x00000000080081bc       0x12 ../GUI/Lib\libSTemWin.a(GUIDRV_FlexColor.o)
 .text._FillRect
                0x00000000080081ce       0x12 ../GUI/Lib\libSTemWin.a(GUIDRV_FlexColor.o)
 .text._DrawBitmap
                0x00000000080081e0       0x28 ../GUI/Lib\libSTemWin.a(GUIDRV_FlexColor.o)
 .text._GetDevFunc_SetRect
                0x0000000008008208        0x2 ../GUI/Lib\libSTemWin.a(GUIDRV_FlexColor.o)
 *fill*         0x000000000800820a        0x2 
 .text._GetDevFunc_SetRectOutside
                0x000000000800820c       0x40 ../GUI/Lib\libSTemWin.a(GUIDRV_FlexColor.o)
 .text._ReadPixelCust_16bpp
                0x000000000800824c        0xe ../GUI/Lib\libSTemWin.a(GUIDRV_FlexColor.o)
 .text._ReadPixelCust_18bpp
                0x000000000800825a        0xe ../GUI/Lib\libSTemWin.a(GUIDRV_FlexColor.o)
 .text._ReadRectCust_16bpp
                0x0000000008008268       0x36 ../GUI/Lib\libSTemWin.a(GUIDRV_FlexColor.o)
 .text._ReadRectCust_18bpp
                0x000000000800829e       0x36 ../GUI/Lib\libSTemWin.a(GUIDRV_FlexColor.o)
 .text._GetDevFunc
                0x00000000080082d4       0x7c ../GUI/Lib\libSTemWin.a(GUIDRV_FlexColor.o)
 .text._GetDevProp
                0x0000000008008350       0x5a ../GUI/Lib\libSTemWin.a(GUIDRV_FlexColor.o)
 .text._GetDevData
                0x00000000080083aa        0xc ../GUI/Lib\libSTemWin.a(GUIDRV_FlexColor.o)
 .text._GetRect
                0x00000000080083b6       0x16 ../GUI/Lib\libSTemWin.a(GUIDRV_FlexColor.o)
 .text.GUIDRV_FlexColor__SetLog2Phys
                0x00000000080083cc       0x48 ../GUI/Lib\libSTemWin.a(GUIDRV_FlexColor.o)
                0x00000000080083cc                GUIDRV_FlexColor__SetLog2Phys
 .text._SetOrg  0x0000000008008414       0x16 ../GUI/Lib\libSTemWin.a(GUIDRV_FlexColor.o)
 .text.GUIDRV_FlexColor__SetPixelIndexNoCache
                0x000000000800842a       0x90 ../GUI/Lib\libSTemWin.a(GUIDRV_FlexColor.o)
                0x000000000800842a                GUIDRV_FlexColor__SetPixelIndexNoCache
 .text.GUIDRV_FlexColor__GetPixelIndexNoCache
                0x00000000080084ba       0xb2 ../GUI/Lib\libSTemWin.a(GUIDRV_FlexColor.o)
                0x00000000080084ba                GUIDRV_FlexColor__GetPixelIndexNoCache
 .text.GUIDRV_FlexColor__InitOnce
                0x000000000800856c       0x3c ../GUI/Lib\libSTemWin.a(GUIDRV_FlexColor.o)
                0x000000000800856c                GUIDRV_FlexColor__InitOnce
 .text._SetDevFunc
                0x00000000080085a8       0x9c ../GUI/Lib\libSTemWin.a(GUIDRV_FlexColor.o)
 .text._GetDevFunc_Init
                0x0000000008008644       0x4a ../GUI/Lib\libSTemWin.a(GUIDRV_FlexColor.o)
 .text._GetDevFunc_SetSize
                0x000000000800868e       0x14 ../GUI/Lib\libSTemWin.a(GUIDRV_FlexColor.o)
 .text._GetDevFunc_SetVSize
                0x00000000080086a2       0x14 ../GUI/Lib\libSTemWin.a(GUIDRV_FlexColor.o)
 .text._GetDevFunc_Off
                0x00000000080086b6       0x16 ../GUI/Lib\libSTemWin.a(GUIDRV_FlexColor.o)
 .text._GetDevFunc_On
                0x00000000080086cc       0x16 ../GUI/Lib\libSTemWin.a(GUIDRV_FlexColor.o)
 .text.GUIDRV_FlexColor_Config
                0x00000000080086e2       0x3c ../GUI/Lib\libSTemWin.a(GUIDRV_FlexColor.o)
                0x00000000080086e2                GUIDRV_FlexColor_Config
 .text.GUIDRV_FlexColor_SetFunc
                0x000000000800871e       0x32 ../GUI/Lib\libSTemWin.a(GUIDRV_FlexColor.o)
                0x000000000800871e                GUIDRV_FlexColor_SetFunc
 .text.LCD_UpdateColorIndices
                0x0000000008008750       0x24 ../GUI/Lib\libSTemWin.a(LCD_UpdateColorIndices.o)
                0x0000000008008750                LCD_UpdateColorIndices
 .text.LCD_SetClipRectEx
                0x0000000008008774       0x30 ../GUI/Lib\libSTemWin.a(LCD_SetClipRectEx.o)
                0x0000000008008774                LCD_SetClipRectEx
 .text.LCD_SetVSizeEx
                0x00000000080087a4       0x30 ../GUI/Lib\libSTemWin.a(LCD_Set.o)
                0x00000000080087a4                LCD_SetVSizeEx
 .text.LCD_SetSizeEx
                0x00000000080087d4       0x30 ../GUI/Lib\libSTemWin.a(LCD_Set.o)
                0x00000000080087d4                LCD_SetSizeEx
 .text.LCD_SetLUTEntryEx
                0x0000000008008804       0x30 ../GUI/Lib\libSTemWin.a(LCD_Set.o)
                0x0000000008008804                LCD_SetLUTEntryEx
 .text._GetDevProp
                0x0000000008008834       0x1e ../GUI/Lib\libSTemWin.a(LCD_GetEx.o)
 .text._GetMaxValue
                0x0000000008008852       0x22 ../GUI/Lib\libSTemWin.a(LCD_GetEx.o)
 .text.LCD_GetXSizeEx
                0x0000000008008874        0x6 ../GUI/Lib\libSTemWin.a(LCD_GetEx.o)
                0x0000000008008874                LCD_GetXSizeEx
 .text.LCD_GetYSizeEx
                0x000000000800887a        0x6 ../GUI/Lib\libSTemWin.a(LCD_GetEx.o)
                0x000000000800887a                LCD_GetYSizeEx
 .text.LCD_GetVXSizeEx
                0x0000000008008880        0x6 ../GUI/Lib\libSTemWin.a(LCD_GetEx.o)
                0x0000000008008880                LCD_GetVXSizeEx
 .text.LCD_GetVYSizeEx
                0x0000000008008886        0x6 ../GUI/Lib\libSTemWin.a(LCD_GetEx.o)
                0x0000000008008886                LCD_GetVYSizeEx
 .text.LCD_GetBitsPerPixelEx
                0x000000000800888c        0x6 ../GUI/Lib\libSTemWin.a(LCD_GetEx.o)
                0x000000000800888c                LCD_GetBitsPerPixelEx
 .text.LCD_GetNumColorsEx
                0x0000000008008892        0x6 ../GUI/Lib\libSTemWin.a(LCD_GetEx.o)
                0x0000000008008892                LCD_GetNumColorsEx
 .text.LCD_GetXSize
                0x0000000008008898       0x10 ../GUI/Lib\libSTemWin.a(LCD_GetEx.o)
                0x0000000008008898                LCD_GetXSize
 .text.LCD_GetYSize
                0x00000000080088a8       0x10 ../GUI/Lib\libSTemWin.a(LCD_GetEx.o)
                0x00000000080088a8                LCD_GetYSize
 .text.LCD_GetNumColors
                0x00000000080088b8       0x10 ../GUI/Lib\libSTemWin.a(LCD_GetEx.o)
                0x00000000080088b8                LCD_GetNumColors
 .text.GUI_GetBitsPerPixelEx
                0x00000000080088c8       0x18 ../GUI/Lib\libSTemWin.a(LCD_GetEx.o)
                0x00000000080088c8                GUI_GetBitsPerPixelEx
 .text.LCD_GetPaletteEx
                0x00000000080088e0       0x14 ../GUI/Lib\libSTemWin.a(LCD_GetEx.o)
                0x00000000080088e0                LCD_GetPaletteEx
 .text.LCD_GetPalette
                0x00000000080088f4       0x10 ../GUI/Lib\libSTemWin.a(LCD_GetEx.o)
                0x00000000080088f4                LCD_GetPalette
 .text.GUI_GetpfIndex2ColorEx
                0x0000000008008904       0x10 ../GUI/Lib\libSTemWin.a(LCD_GetEx.o)
                0x0000000008008904                GUI_GetpfIndex2ColorEx
 .text.GUI_GetpfColor2IndexEx
                0x0000000008008914       0x10 ../GUI/Lib\libSTemWin.a(LCD_GetEx.o)
                0x0000000008008914                GUI_GetpfColor2IndexEx
 .text.LCD_GetXSizeMax
                0x0000000008008924        0x6 ../GUI/Lib\libSTemWin.a(LCD_GetEx.o)
                0x0000000008008924                LCD_GetXSizeMax
 .text.LCD_GetYSizeMax
                0x000000000800892a        0x6 ../GUI/Lib\libSTemWin.a(LCD_GetEx.o)
                0x000000000800892a                LCD_GetYSizeMax
 .text.LCD_GetVXSizeMax
                0x0000000008008930        0x6 ../GUI/Lib\libSTemWin.a(LCD_GetEx.o)
                0x0000000008008930                LCD_GetVXSizeMax
 *fill*         0x0000000008008936        0x2 
 .text.LCD_SetDisplaySize
                0x0000000008008938       0x14 ../GUI/Lib\libSTemWin.a(LCD_GetEx.o)
                0x0000000008008938                LCD_SetDisplaySize
 .text.LCD_GetXSizeDisplay
                0x000000000800894c        0xc ../GUI/Lib\libSTemWin.a(LCD_GetEx.o)
                0x000000000800894c                LCD_GetXSizeDisplay
 .text.LCD_GetYSizeDisplay
                0x0000000008008958        0xc ../GUI/Lib\libSTemWin.a(LCD_GetEx.o)
                0x0000000008008958                LCD_GetYSizeDisplay
 .text.LCD__GetBPP
                0x0000000008008964       0x7e ../GUI/Lib\libSTemWin.a(LCD_GetEx.o)
                0x0000000008008964                LCD__GetBPP
 .text.LCD__GetBPPDevice
                0x00000000080089e2       0x2c ../GUI/Lib\libSTemWin.a(LCD_GetEx.o)
                0x00000000080089e2                LCD__GetBPPDevice
 *fill*         0x0000000008008a0e        0x2 
 .text._SetDrawMode
                0x0000000008008a10       0x28 ../GUI/Lib\libSTemWin.a(LCD.o)
 .text.LCD_SetDrawMode
                0x0000000008008a38       0x10 ../GUI/Lib\libSTemWin.a(LCD.o)
                0x0000000008008a38                LCD_SetDrawMode
 .text.LCD_DrawPixel
                0x0000000008008a48       0x5c ../GUI/Lib\libSTemWin.a(LCD.o)
                0x0000000008008a48                LCD_DrawPixel
 .text.LCD_DrawHLine
                0x0000000008008aa4       0x4c ../GUI/Lib\libSTemWin.a(LCD.o)
                0x0000000008008aa4                LCD_DrawHLine
 .text.LCD_DrawVLine
                0x0000000008008af0       0x4c ../GUI/Lib\libSTemWin.a(LCD.o)
                0x0000000008008af0                LCD_DrawVLine
 .text.LCD_FillRect
                0x0000000008008b3c       0x58 ../GUI/Lib\libSTemWin.a(LCD.o)
                0x0000000008008b3c                LCD_FillRect
 .text.LCD__DrawBitmap_1bpp
                0x0000000008008b94      0x1b8 ../GUI/Lib\libSTemWin.a(LCD.o)
                0x0000000008008b94                LCD__DrawBitmap_1bpp
 .text.LCD_DrawBitmap
                0x0000000008008d4c      0x218 ../GUI/Lib\libSTemWin.a(LCD.o)
                0x0000000008008d4c                LCD_DrawBitmap
 .text.LCD_SetClipRectMax
                0x0000000008008f64       0x20 ../GUI/Lib\libSTemWin.a(LCD.o)
                0x0000000008008f64                LCD_SetClipRectMax
 .text.emWin_LCD_Init
                0x0000000008008f84       0xa8 ../GUI/Lib\libSTemWin.a(LCD.o)
                0x0000000008008f84                emWin_LCD_Init
 .text.LCD_Color2Index
                0x000000000800902c       0x20 ../GUI/Lib\libSTemWin.a(LCD.o)
                0x000000000800902c                LCD_Color2Index
 .text.LCD_Index2Color
                0x000000000800904c       0x20 ../GUI/Lib\libSTemWin.a(LCD.o)
                0x000000000800904c                LCD_Index2Color
 .text.LCD_SetColorIndex
                0x000000000800906c       0x18 ../GUI/Lib\libSTemWin.a(LCD.o)
                0x000000000800906c                LCD_SetColorIndex
 .text._SetColor
                0x0000000008009084       0x20 ../GUI/Lib\libSTemWin.a(LCD.o)
 .text.LCD_SetBkColorIndex
                0x00000000080090a4       0x18 ../GUI/Lib\libSTemWin.a(LCD.o)
                0x00000000080090a4                LCD_SetBkColorIndex
 .text._SetBkColor
                0x00000000080090bc       0x20 ../GUI/Lib\libSTemWin.a(LCD.o)
 .text.LCD_SetBkColor
                0x00000000080090dc       0x10 ../GUI/Lib\libSTemWin.a(LCD.o)
                0x00000000080090dc                LCD_SetBkColor
 .text.LCD_SetColor
                0x00000000080090ec       0x10 ../GUI/Lib\libSTemWin.a(LCD.o)
                0x00000000080090ec                LCD_SetColor
 .text.GUI__DivideRound32
                0x00000000080090fc       0x1a ../GUI/Lib\libSTemWin.a(GUI__Private.o)
                0x00000000080090fc                GUI__DivideRound32
 .text.GUI__HandleEOLine
                0x0000000008009116       0x28 ../GUI/Lib\libSTemWin.a(GUI__Private.o)
                0x0000000008009116                GUI__HandleEOLine
 .text.GUI__IntersectRect
                0x000000000800913e       0x3c ../GUI/Lib\libSTemWin.a(GUI__Private.o)
                0x000000000800913e                GUI__IntersectRect
 .text.GUI__IntersectRects
                0x000000000800917a       0x64 ../GUI/Lib\libSTemWin.a(GUI__Private.o)
                0x000000000800917a                GUI__IntersectRects
 .text.GUI__memset16
                0x00000000080091de       0x5c ../GUI/Lib\libSTemWin.a(GUI__Private.o)
                0x00000000080091de                GUI__memset16
 .text.GUI__ReduceRect
                0x000000000800923a       0x1c ../GUI/Lib\libSTemWin.a(GUI__Private.o)
                0x000000000800923a                GUI__ReduceRect
 .text.GUI__sqrt32
                0x0000000008009256       0x26 ../GUI/Lib\libSTemWin.a(GUI__Private.o)
                0x0000000008009256                GUI__sqrt32
 .text.GUI__strcmp
                0x000000000800927c       0x2c ../GUI/Lib\libSTemWin.a(GUI__Private.o)
                0x000000000800927c                GUI__strcmp
 .text.GUI__strcmp_hp
                0x00000000080092a8       0x28 ../GUI/Lib\libSTemWin.a(GUI__Private.o)
                0x00000000080092a8                GUI__strcmp_hp
 .text.GUI__strlen
                0x00000000080092d0       0x12 ../GUI/Lib\libSTemWin.a(GUI__Private.o)
                0x00000000080092d0                GUI__strlen
 *fill*         0x00000000080092e2        0x2 
 .text.GUI__SetText
                0x00000000080092e4       0x7c ../GUI/Lib\libSTemWin.a(GUI__Private.o)
                0x00000000080092e4                GUI__SetText
 .text.GUI__ManageCacheEx
                0x0000000008009360       0xe8 ../GUI/Lib\libSTemWin.a(GUI__ManageCache.o)
                0x0000000008009360                GUI__ManageCacheEx
 .text.GUI__ManageCache
                0x0000000008009448       0x10 ../GUI/Lib\libSTemWin.a(GUI__ManageCache.o)
                0x0000000008009448                GUI__ManageCache
 .text.GUI__MixColors
                0x0000000008009458       0x5a ../GUI/Lib\libSTemWin.a(GUI__Alpha.o)
                0x0000000008009458                GUI__MixColors
 *fill*         0x00000000080094b2        0x2 
 .text._OnExit  0x00000000080094b4       0x40 ../GUI/Lib\libSTemWin.a(GUI__Alpha.o)
 .text.GUI__GetAlphaBuffer
                0x00000000080094f4       0xc8 ../GUI/Lib\libSTemWin.a(GUI__Alpha.o)
                0x00000000080094f4                GUI__GetAlphaBuffer
 .text.GUI__DoAlphaBlending
                0x00000000080095bc      0x1d4 ../GUI/Lib\libSTemWin.a(GUI__Alpha.o)
                0x00000000080095bc                GUI__DoAlphaBlending
 .text.GUI__AllocAlphaBuffer
                0x0000000008009790       0x1a ../GUI/Lib\libSTemWin.a(GUI__Alpha.o)
                0x0000000008009790                GUI__AllocAlphaBuffer
 *fill*         0x00000000080097aa        0x2 
 .text.GUI_SignalEvent
                0x00000000080097ac       0x10 ../GUI/Lib\libSTemWin.a(GUI_WaitEvent.o)
                0x00000000080097ac                GUI_SignalEvent
 .text.GUI_AddDecMin
                0x00000000080097bc       0x1a ../GUI/Lib\libSTemWin.a(GUI_Val.o)
                0x00000000080097bc                GUI_AddDecMin
 *fill*         0x00000000080097d6        0x2 
 .text.GUI_UC__GetCharCodeInc
                0x00000000080097d8       0x28 ../GUI/Lib\libSTemWin.a(GUI_UC.o)
                0x00000000080097d8                GUI_UC__GetCharCodeInc
 .text.GUI_UC__NumChars2NumBytes
                0x0000000008009800       0x24 ../GUI/Lib\libSTemWin.a(GUI_UC.o)
                0x0000000008009800                GUI_UC__NumChars2NumBytes
 .text.GUI__GetNumChars
                0x0000000008009824       0x1c ../GUI/Lib\libSTemWin.a(GUI_UC.o)
                0x0000000008009824                GUI__GetNumChars
 .text._OnExit  0x0000000008009840       0x1c ../GUI/Lib\libSTemWin.a(GUI_Timer.o)
 .text.GUI_TIMER_Exec
                0x000000000800985c       0x70 ../GUI/Lib\libSTemWin.a(GUI_Timer.o)
                0x000000000800985c                GUI_TIMER_Exec
 .text._Link    0x00000000080098cc       0x9c ../GUI/Lib\libSTemWin.a(GUI_Timer.o)
 .text._Unlink  0x0000000008009968       0x4c ../GUI/Lib\libSTemWin.a(GUI_Timer.o)
 .text.GUI_TIMER__GetFirstTimer
                0x00000000080099b4       0x30 ../GUI/Lib\libSTemWin.a(GUI_Timer.o)
                0x00000000080099b4                GUI_TIMER__GetFirstTimer
 .text.GUI_TIMER__GetNextTimerLin
                0x00000000080099e4       0x38 ../GUI/Lib\libSTemWin.a(GUI_Timer.o)
                0x00000000080099e4                GUI_TIMER__GetNextTimerLin
 .text.GUI_TIMER_Create
                0x0000000008009a1c       0x9c ../GUI/Lib\libSTemWin.a(GUI_Timer.o)
                0x0000000008009a1c                GUI_TIMER_Create
 .text.GUI_TIMER_Delete
                0x0000000008009ab8       0x68 ../GUI/Lib\libSTemWin.a(GUI_Timer.o)
                0x0000000008009ab8                GUI_TIMER_Delete
 .text.GUI_TIMER_SetPeriod
                0x0000000008009b20       0x1c ../GUI/Lib\libSTemWin.a(GUI_Timer.o)
                0x0000000008009b20                GUI_TIMER_SetPeriod
 .text.GUI_TIMER_Restart
                0x0000000008009b3c       0x32 ../GUI/Lib\libSTemWin.a(GUI_Timer.o)
                0x0000000008009b3c                GUI_TIMER_Restart
 .text.GUI_TIMER_GetFlag
                0x0000000008009b6e       0x2a ../GUI/Lib\libSTemWin.a(GUI_Timer.o)
                0x0000000008009b6e                GUI_TIMER_GetFlag
 .text.GUI_GetTime
                0x0000000008009b98        0x4 ../GUI/Lib\libSTemWin.a(GUI_Time.o)
                0x0000000008009b98                GUI_GetTime
 .text.GUI__AlphaPreserveTrans
                0x0000000008009b9c       0x24 ../GUI/Lib\libSTemWin.a(GUI_SetAlpha.o)
                0x0000000008009b9c                GUI__AlphaPreserveTrans
 .text.GUI_SelectLayer
                0x0000000008009bc0       0x2c ../GUI/Lib\libSTemWin.a(GUI_SelectLayer.o)
                0x0000000008009bc0                GUI_SelectLayer
 .text.GUI_StoreKey
                0x0000000008009bec       0x10 ../GUI/Lib\libSTemWin.a(GUI_OnKey.o)
                0x0000000008009bec                GUI_StoreKey
 .text.GUI_PollKeyMsg
                0x0000000008009bfc       0x38 ../GUI/Lib\libSTemWin.a(GUI_OnKey.o)
                0x0000000008009bfc                GUI_PollKeyMsg
 .text._SetLineColor
                0x0000000008009c34       0x88 ../GUI/Lib\libSTemWin.a(GUI_DrawLine.o)
 .text.GUI_sin  0x0000000008009cbc       0x58 ../GUI/Lib\libSTemWin.a(GUI_DrawLine.o)
                0x0000000008009cbc                GUI_sin
 .text.GUI_cos  0x0000000008009d14        0x8 ../GUI/Lib\libSTemWin.a(GUI_DrawLine.o)
                0x0000000008009d14                GUI_cos
 .text.GL_DrawLine1Ex
                0x0000000008009d1c      0x1c4 ../GUI/Lib\libSTemWin.a(GUI_DrawLine.o)
                0x0000000008009d1c                GL_DrawLine1Ex
 .text.GL_DrawLineEx
                0x0000000008009ee0      0x1ac ../GUI/Lib\libSTemWin.a(GUI_DrawLine.o)
                0x0000000008009ee0                GL_DrawLineEx
 .text.GL_DrawLine
                0x000000000800a08c       0x16 ../GUI/Lib\libSTemWin.a(GUI_DrawLine.o)
                0x000000000800a08c                GL_DrawLine
 *fill*         0x000000000800a0a2        0x2 
 .text.GUI_DrawLine
                0x000000000800a0a4       0x3c ../GUI/Lib\libSTemWin.a(GUI_DrawLine.o)
                0x000000000800a0a4                GUI_DrawLine
 .text.GUI_DrawHLine
                0x000000000800a0e0       0x48 ../GUI/Lib\libSTemWin.a(GUI_DrawLib.o)
                0x000000000800a0e0                GUI_DrawHLine
 .text.GUI_DrawPixel
                0x000000000800a128       0x44 ../GUI/Lib\libSTemWin.a(GUI_DrawLib.o)
                0x000000000800a128                GUI_DrawPixel
 .text.GL_DrawPoint
                0x000000000800a16c       0x28 ../GUI/Lib\libSTemWin.a(GUI_DrawLib.o)
                0x000000000800a16c                GL_DrawPoint
 .text.GUI_DrawVLine
                0x000000000800a194       0x44 ../GUI/Lib\libSTemWin.a(GUI_DrawLib.o)
                0x000000000800a194                GUI_DrawVLine
 .text.GUI_FillRect
                0x000000000800a1d8       0x44 ../GUI/Lib\libSTemWin.a(GUI_DrawLib.o)
                0x000000000800a1d8                GUI_FillRect
 .text.GUI_FillRectEx
                0x000000000800a21c       0x16 ../GUI/Lib\libSTemWin.a(GUI_DrawLib.o)
                0x000000000800a21c                GUI_FillRectEx
 *fill*         0x000000000800a232        0x2 
 .text.GUI_DrawGraphEx
                0x000000000800a234      0x210 ../GUI/Lib\libSTemWin.a(GUI_DrawGraphEx.o)
                0x000000000800a234                GUI_DrawGraphEx
 .text.GUI_DispString
                0x000000000800a444      0x108 ../GUI/Lib\libSTemWin.a(GUI_DispString.o)
                0x000000000800a444                GUI_DispString
 .text.GUI_DispStringAt
                0x000000000800a54c       0x10 ../GUI/Lib\libSTemWin.a(GUI_DispString.o)
                0x000000000800a54c                GUI_DispStringAt
 .text.GUI__DispStringInRect
                0x000000000800a55c      0x14c ../GUI/Lib\libSTemWin.a(GUI_DispString.o)
                0x000000000800a55c                GUI__DispStringInRect
 .text.GUI_DispStringInRectMax
                0x000000000800a6a8       0x46 ../GUI/Lib\libSTemWin.a(GUI_DispString.o)
                0x000000000800a6a8                GUI_DispStringInRectMax
 .text.GUI_DispStringInRect
                0x000000000800a6ee        0x8 ../GUI/Lib\libSTemWin.a(GUI_DispString.o)
                0x000000000800a6ee                GUI_DispStringInRect
 .text.GUI_WrapGetNumLines
                0x000000000800a6f6       0x20 ../GUI/Lib\libSTemWin.a(GUI_DispString.o)
                0x000000000800a6f6                GUI_WrapGetNumLines
 .text.GUI_DispStringInRectWrap
                0x000000000800a716      0x13e ../GUI/Lib\libSTemWin.a(GUI_DispString.o)
                0x000000000800a716                GUI_DispStringInRectWrap
 .text.GUI_GetStringDistX
                0x000000000800a854       0x14 ../GUI/Lib\libSTemWin.a(GUI_DispString.o)
                0x000000000800a854                GUI_GetStringDistX
 .text.GUI_DEVICE__GetpDriver
                0x000000000800a868       0x20 ../GUI/Lib\libSTemWin.a(GUI_Device.o)
                0x000000000800a868                GUI_DEVICE__GetpDriver
 .text.GUI_DEVICE_Delete
                0x000000000800a888        0x4 ../GUI/Lib\libSTemWin.a(GUI_Device.o)
                0x000000000800a888                GUI_DEVICE_Delete
 .text.GUI_DEVICE_Create
                0x000000000800a88c       0x4c ../GUI/Lib\libSTemWin.a(GUI_Device.o)
                0x000000000800a88c                GUI_DEVICE_Create
 .text.GUI_DEVICE_Unlink
                0x000000000800a8d8       0x34 ../GUI/Lib\libSTemWin.a(GUI_Device.o)
                0x000000000800a8d8                GUI_DEVICE_Unlink
 .text.GUI_DEVICE_Link
                0x000000000800a90c       0x84 ../GUI/Lib\libSTemWin.a(GUI_Device.o)
                0x000000000800a90c                GUI_DEVICE_Link
 .text.GUI_DEVICE_CreateAndLink
                0x000000000800a990       0x28 ../GUI/Lib\libSTemWin.a(GUI_Device.o)
                0x000000000800a990                GUI_DEVICE_CreateAndLink
 .text._OnExit  0x000000000800a9b8       0x4c ../GUI/Lib\libSTemWin.a(GUI_Core.o)
 .text._InitContext
                0x000000000800aa04       0x88 ../GUI/Lib\libSTemWin.a(GUI_Core.o)
 .text.GUI_SetDefaultFont
                0x000000000800aa8c        0xc ../GUI/Lib\libSTemWin.a(GUI_Core.o)
                0x000000000800aa8c                GUI_SetDefaultFont
 .text.GUI_ClearRect
                0x000000000800aa98       0x64 ../GUI/Lib\libSTemWin.a(GUI_Core.o)
                0x000000000800aa98                GUI_ClearRect
 .text.GUI_Clear
                0x000000000800aafc       0x20 ../GUI/Lib\libSTemWin.a(GUI_Core.o)
                0x000000000800aafc                GUI_Clear
 .text.GUI__RegisterExit
                0x000000000800ab1c       0x24 ../GUI/Lib\libSTemWin.a(GUI_Core.o)
                0x000000000800ab1c                GUI__RegisterExit
 .text.GUI__Config
                0x000000000800ab40       0x30 ../GUI/Lib\libSTemWin.a(GUI_Core.o)
                0x000000000800ab40                GUI__Config
 .text.GUI_Init
                0x000000000800ab70       0xc4 ../GUI/Lib\libSTemWin.a(GUI_Core.o)
                0x000000000800ab70                GUI_Init
 .text.GUI__GetFontSizeY
                0x000000000800ac34       0x14 ../GUI/Lib\libSTemWin.a(GUI_Common.o)
                0x000000000800ac34                GUI__GetFontSizeY
 .text.GUI_Long2Len
                0x000000000800ac48       0x30 ../GUI/Lib\libSTemWin.a(GUI_Common.o)
                0x000000000800ac48                GUI_Long2Len
 .text.GUI_AddDecShift
                0x000000000800ac78       0x9c ../GUI/Lib\libSTemWin.a(GUI_Common.o)
                0x000000000800ac78                GUI_AddDecShift
 .text.GUI_CalcColorDist
                0x000000000800ad14       0x50 ../GUI/Lib\libSTemWin.a(GUI_Common.o)
                0x000000000800ad14                GUI_CalcColorDist
 .text.GUI_GetClientRect
                0x000000000800ad64        0x8 ../GUI/Lib\libSTemWin.a(GUI_Common.o)
                0x000000000800ad64                GUI_GetClientRect
 .text.GUI_GetBkColor
                0x000000000800ad6c        0xe ../GUI/Lib\libSTemWin.a(GUI_Common.o)
                0x000000000800ad6c                GUI_GetBkColor
 .text.GUI_GetColor
                0x000000000800ad7a        0xe ../GUI/Lib\libSTemWin.a(GUI_Common.o)
                0x000000000800ad7a                GUI_GetColor
 .text.GUI_GetFontSizeY
                0x000000000800ad88        0x4 ../GUI/Lib\libSTemWin.a(GUI_Common.o)
                0x000000000800ad88                GUI_GetFontSizeY
 .text.GUI_GetLineStyle
                0x000000000800ad8c        0xc ../GUI/Lib\libSTemWin.a(GUI_Common.o)
                0x000000000800ad8c                GUI_GetLineStyle
 .text.GUI_GetOrg
                0x000000000800ad98       0x1c ../GUI/Lib\libSTemWin.a(GUI_Common.o)
                0x000000000800ad98                GUI_GetOrg
 .text.GUI_GetYSizeOfFont
                0x000000000800adb4        0x8 ../GUI/Lib\libSTemWin.a(GUI_Common.o)
                0x000000000800adb4                GUI_GetYSizeOfFont
 .text.GUI_MergeRect
                0x000000000800adbc       0x56 ../GUI/Lib\libSTemWin.a(GUI_Common.o)
                0x000000000800adbc                GUI_MergeRect
 .text.GUI_MoveRect
                0x000000000800ae12       0x20 ../GUI/Lib\libSTemWin.a(GUI_Common.o)
                0x000000000800ae12                GUI_MoveRect
 *fill*         0x000000000800ae32        0x2 
 .text.GUI_Exec1
                0x000000000800ae34       0x40 ../GUI/Lib\libSTemWin.a(GUI_Common.o)
                0x000000000800ae34                GUI_Exec1
 .text.GUI_Exec
                0x000000000800ae74       0x12 ../GUI/Lib\libSTemWin.a(GUI_Common.o)
                0x000000000800ae74                GUI_Exec
 *fill*         0x000000000800ae86        0x2 
 .text.GUI_GotoXY
                0x000000000800ae88       0x10 ../GUI/Lib\libSTemWin.a(GUI_Common.o)
                0x000000000800ae88                GUI_GotoXY
 .text.GUI_SetPenSize
                0x000000000800ae98       0x10 ../GUI/Lib\libSTemWin.a(GUI_Common.o)
                0x000000000800ae98                GUI_SetPenSize
 .text.GUI_RectsIntersect
                0x000000000800aea8       0x3a ../GUI/Lib\libSTemWin.a(GUI_Common.o)
                0x000000000800aea8                GUI_RectsIntersect
 *fill*         0x000000000800aee2        0x2 
 .text.GUI_SaveContext_W
                0x000000000800aee4       0x14 ../GUI/Lib\libSTemWin.a(GUI_Common.o)
                0x000000000800aee4                GUI_SaveContext_W
 .text.GUI_RestoreContext
                0x000000000800aef8       0x14 ../GUI/Lib\libSTemWin.a(GUI_Common.o)
                0x000000000800aef8                GUI_RestoreContext
 .text.GUI_SelectLCD
                0x000000000800af0c       0x12 ../GUI/Lib\libSTemWin.a(GUI_Common.o)
                0x000000000800af0c                GUI_SelectLCD
 .text.GUI_SetBkColor
                0x000000000800af1e        0x4 ../GUI/Lib\libSTemWin.a(GUI_Common.o)
                0x000000000800af1e                GUI_SetBkColor
 .text.GUI_SetColor
                0x000000000800af22        0x4 ../GUI/Lib\libSTemWin.a(GUI_Common.o)
                0x000000000800af22                GUI_SetColor
 .text.GUI_SetDrawMode
                0x000000000800af26        0x4 ../GUI/Lib\libSTemWin.a(GUI_Common.o)
                0x000000000800af26                GUI_SetDrawMode
 *fill*         0x000000000800af2a        0x2 
 .text.GUI_SetFont
                0x000000000800af2c       0x14 ../GUI/Lib\libSTemWin.a(GUI_Common.o)
                0x000000000800af2c                GUI_SetFont
 .text.GUI_SetLineStyle
                0x000000000800af40       0x10 ../GUI/Lib\libSTemWin.a(GUI_Common.o)
                0x000000000800af40                GUI_SetLineStyle
 .text.GUI_SetOrg
                0x000000000800af50       0x34 ../GUI/Lib\libSTemWin.a(GUI_Common.o)
                0x000000000800af50                GUI_SetOrg
 .text.GUI_SetTextAlign
                0x000000000800af84       0x14 ../GUI/Lib\libSTemWin.a(GUI_Common.o)
                0x000000000800af84                GUI_SetTextAlign
 .text.GUI_SetTextMode
                0x000000000800af98       0x14 ../GUI/Lib\libSTemWin.a(GUI_Common.o)
                0x000000000800af98                GUI_SetTextMode
 .text.GL_SetDefault
                0x000000000800afac       0x48 ../GUI/Lib\libSTemWin.a(GUI_Common.o)
                0x000000000800afac                GL_SetDefault
 .text.GL_FillCircle
                0x000000000800aff4       0xc4 ../GUI/Lib\libSTemWin.a(GUI_Circ.o)
                0x000000000800aff4                GL_FillCircle
 .text.GUIPROP__FindChar
                0x000000000800b0b8       0x14 ../GUI/Lib\libSTemWin.a(GUI_CharP.o)
                0x000000000800b0b8                GUIPROP__FindChar
 .text.GUIPROP_DispChar
                0x000000000800b0cc       0xec ../GUI/Lib\libSTemWin.a(GUI_CharP.o)
                0x000000000800b0cc                GUIPROP_DispChar
 .text.GUIPROP_GetCharDistX
                0x000000000800b1b8       0x3c ../GUI/Lib\libSTemWin.a(GUI_CharP.o)
                0x000000000800b1b8                GUIPROP_GetCharDistX
 .text.GUIPROP_GetFontInfo
                0x000000000800b1f4        0x6 ../GUI/Lib\libSTemWin.a(GUI_CharP.o)
                0x000000000800b1f4                GUIPROP_GetFontInfo
 .text.GUIPROP_IsInFont
                0x000000000800b1fa       0x10 ../GUI/Lib\libSTemWin.a(GUI_CharP.o)
                0x000000000800b1fa                GUIPROP_IsInFont
 *fill*         0x000000000800b20a        0x2 
 .text.GUIMONO_DispChar
                0x000000000800b20c      0x150 ../GUI/Lib\libSTemWin.a(GUI_CharM.o)
                0x000000000800b20c                GUIMONO_DispChar
 .text.GUIMONO_GetCharDistX
                0x000000000800b35c       0x18 ../GUI/Lib\libSTemWin.a(GUI_CharM.o)
                0x000000000800b35c                GUIMONO_GetCharDistX
 .text.GUIMONO_GetFontInfo
                0x000000000800b374        0x6 ../GUI/Lib\libSTemWin.a(GUI_CharM.o)
                0x000000000800b374                GUIMONO_GetFontInfo
 .text.GUIMONO_IsInFont
                0x000000000800b37a       0x36 ../GUI/Lib\libSTemWin.a(GUI_CharM.o)
                0x000000000800b37a                GUIMONO_IsInFont
 .text._Log2VisBuffered
                0x000000000800b3b0        0x2 ../GUI/Lib\libSTemWin.a(GUI_CharLine.o)
 *fill*         0x000000000800b3b2        0x2 
 .text._DispLine
                0x000000000800b3b4       0x9c ../GUI/Lib\libSTemWin.a(GUI_CharLine.o)
 .text.GUI__GetLineNumChars
                0x000000000800b450       0x3c ../GUI/Lib\libSTemWin.a(GUI_CharLine.o)
                0x000000000800b450                GUI__GetLineNumChars
 .text.GUI__GetOverlap
                0x000000000800b48c       0x1e ../GUI/Lib\libSTemWin.a(GUI_CharLine.o)
                0x000000000800b48c                GUI__GetOverlap
 *fill*         0x000000000800b4aa        0x2 
 .text.GUI__GetLineDistX
                0x000000000800b4ac       0x60 ../GUI/Lib\libSTemWin.a(GUI_CharLine.o)
                0x000000000800b4ac                GUI__GetLineDistX
 .text.GUI__DispLine
                0x000000000800b50c       0xa8 ../GUI/Lib\libSTemWin.a(GUI_CharLine.o)
                0x000000000800b50c                GUI__DispLine
 .text.GUI_GetYAdjust
                0x000000000800b5b4       0x30 ../GUI/Lib\libSTemWin.a(GUI_Char.o)
                0x000000000800b5b4                GUI_GetYAdjust
 .text.GUI_GetFontDistY
                0x000000000800b5e4       0x10 ../GUI/Lib\libSTemWin.a(GUI_Char.o)
                0x000000000800b5e4                GUI_GetFontDistY
 .text.GUI_GetCharDistX
                0x000000000800b5f4       0x14 ../GUI/Lib\libSTemWin.a(GUI_Char.o)
                0x000000000800b5f4                GUI_GetCharDistX
 .text.GUI_GetCharDistXEx
                0x000000000800b608       0x14 ../GUI/Lib\libSTemWin.a(GUI_Char.o)
                0x000000000800b608                GUI_GetCharDistXEx
 .text._PushFreeBlock
                0x000000000800b61c       0x24 ../GUI/Lib\libSTemWin.a(GUI_Alloc.o)
 .text._RemoveFreeBlock