Archive member included to satisfy reference by file (symbol)

c:/st/stm32cubeide_1.5.0/stm32cubeide/plugins/com.st.stm32cube.ide.mcu.externaltools.gnu-tools-for-stm32.7-2018-q2-update.win32_1.5.0.202011040924/tools/bin/../lib/gcc/arm-none-eabi/7.3.1/../../../../arm-none-eabi/lib/thumb/v7e-m/fpv4-sp/hard\libc_nano.a(lib_a-errno.o)
                              Core/Src/syscalls.o (__errno)
c:/st/stm32cubeide_1.5.0/stm32cubeide/plugins/com.st.stm32cube.ide.mcu.externaltools.gnu-tools-for-stm32.7-2018-q2-update.win32_1.5.0.202011040924/tools/bin/../lib/gcc/arm-none-eabi/7.3.1/../../../../arm-none-eabi/lib/thumb/v7e-m/fpv4-sp/hard\libc_nano.a(lib_a-exit.o)
                              c:/st/stm32cubeide_1.5.0/stm32cubeide/plugins/com.st.stm32cube.ide.mcu.externaltools.gnu-tools-for-stm32.7-2018-q2-update.win32_1.5.0.202011040924/tools/bin/../lib/gcc/arm-none-eabi/7.3.1/../../../../arm-none-eabi/lib/thumb/v7e-m/fpv4-sp/hard/crt0.o (exit)
c:/st/stm32cubeide_1.5.0/stm32cubeide/plugins/com.st.stm32cube.ide.mcu.externaltools.gnu-tools-for-stm32.7-2018-q2-update.win32_1.5.0.202011040924/tools/bin/../lib/gcc/arm-none-eabi/7.3.1/../../../../arm-none-eabi/lib/thumb/v7e-m/fpv4-sp/hard\libc_nano.a(lib_a-impure.o)
                              c:/st/stm32cubeide_1.5.0/stm32cubeide/plugins/com.st.stm32cube.ide.mcu.externaltools.gnu-tools-for-stm32.7-2018-q2-update.win32_1.5.0.202011040924/tools/bin/../lib/gcc/arm-none-eabi/7.3.1/../../../../arm-none-eabi/lib/thumb/v7e-m/fpv4-sp/hard\libc_nano.a(lib_a-exit.o) (_global_impure_ptr)
c:/st/stm32cubeide_1.5.0/stm32cubeide/plugins/com.st.stm32cube.ide.mcu.externaltools.gnu-tools-for-stm32.7-2018-q2-update.win32_1.5.0.202011040924/tools/bin/../lib/gcc/arm-none-eabi/7.3.1/../../../../arm-none-eabi/lib/thumb/v7e-m/fpv4-sp/hard\libc_nano.a(lib_a-init.o)
                              c:/st/stm32cubeide_1.5.0/stm32cubeide/plugins/com.st.stm32cube.ide.mcu.externaltools.gnu-tools-for-stm32.7-2018-q2-update.win32_1.5.0.202011040924/tools/bin/../lib/gcc/arm-none-eabi/7.3.1/../../../../arm-none-eabi/lib/thumb/v7e-m/fpv4-sp/hard/crt0.o (__libc_init_array)
c:/st/stm32cubeide_1.5.0/stm32cubeide/plugins/com.st.stm32cube.ide.mcu.externaltools.gnu-tools-for-stm32.7-2018-q2-update.win32_1.5.0.202011040924/tools/bin/../lib/gcc/arm-none-eabi/7.3.1/../../../../arm-none-eabi/lib/thumb/v7e-m/fpv4-sp/hard\libc_nano.a(lib_a-memset.o)
                              c:/st/stm32cubeide_1.5.0/stm32cubeide/plugins/com.st.stm32cube.ide.mcu.externaltools.gnu-tools-for-stm32.7-2018-q2-update.win32_1.5.0.202011040924/tools/bin/../lib/gcc/arm-none-eabi/7.3.1/../../../../arm-none-eabi/lib/thumb/v7e-m/fpv4-sp/hard/crt0.o (memset)
c:/st/stm32cubeide_1.5.0/stm32cubeide/plugins/com.st.stm32cube.ide.mcu.externaltools.gnu-tools-for-stm32.7-2018-q2-update.win32_1.5.0.202011040924/tools/bin/../lib/gcc/arm-none-eabi/7.3.1/thumb/v7e-m/fpv4-sp/hard\libgcc.a(_aeabi_uldivmod.o)
                              Drivers/STM32F4xx_HAL_Driver/Src/stm32f4xx_hal_rcc.o (__aeabi_uldivmod)
c:/st/stm32cubeide_1.5.0/stm32cubeide/plugins/com.st.stm32cube.ide.mcu.externaltools.gnu-tools-for-stm32.7-2018-q2-update.win32_1.5.0.202011040924/tools/bin/../lib/gcc/arm-none-eabi/7.3.1/thumb/v7e-m/fpv4-sp/hard\libgcc.a(_udivmoddi4.o)
                              c:/st/stm32cubeide_1.5.0/stm32cubeide/plugins/com.st.stm32cube.ide.mcu.externaltools.gnu-tools-for-stm32.7-2018-q2-update.win32_1.5.0.202011040924/tools/bin/../lib/gcc/arm-none-eabi/7.3.1/thumb/v7e-m/fpv4-sp/hard\libgcc.a(_aeabi_uldivmod.o) (__udivmoddi4)
c:/st/stm32cubeide_1.5.0/stm32cubeide/plugins/com.st.stm32cube.ide.mcu.externaltools.gnu-tools-for-stm32.7-2018-q2-update.win32_1.5.0.202011040924/tools/bin/../lib/gcc/arm-none-eabi/7.3.1/thumb/v7e-m/fpv4-sp/hard\libgcc.a(_dvmd_tls.o)
                              c:/st/stm32cubeide_1.5.0/stm32cubeide/plugins/com.st.stm32cube.ide.mcu.externaltools.gnu-tools-for-stm32.7-2018-q2-update.win32_1.5.0.202011040924/tools/bin/../lib/gcc/arm-none-eabi/7.3.1/thumb/v7e-m/fpv4-sp/hard\libgcc.a(_aeabi_uldivmod.o) (__aeabi_ldiv0)

Allocating common symbols
Common symbol       size              file

USERPath            0x4               FATFS/App/fatfs.o
hspi2               0x58              Core/Src/main.o
fs                  0x230             Core/Src/main.o
uwTick              0x4               Drivers/STM32F4xx_HAL_Driver/Src/stm32f4xx_hal.o
pFlash              0x20              Drivers/STM32F4xx_HAL_Driver/Src/stm32f4xx_hal_flash.o
brw                 0x1               Core/Src/main.o
file                0x230             Core/Src/main.o
buffer              0x64              Core/Src/main.o
retUSER             0x1               FATFS/App/fatfs.o
Timer2              0x2               Core/Src/fatfs_sd.o
res                 0x1               Core/Src/main.o
Timer1              0x2               Core/Src/fatfs_sd.o
USERFile            0x230             FATFS/App/fatfs.o
USERFatFS           0x230             FATFS/App/fatfs.o

Discarded input sections

[...]
Memory Configuration

Name             Origin             Length             Attributes
CCMRAM           0x0000000010000000 0x0000000000010000 xrw
RAM              0x0000000020000000 0x0000000000020000 xrw
FLASH            0x0000000008000000 0x0000000000100000 xr
*default*        0x0000000000000000 0xffffffffffffffff

Linker script and memory map

LOAD c:/st/stm32cubeide_1.5.0/stm32cubeide/plugins/com.st.stm32cube.ide.mcu.externaltools.gnu-tools-for-stm32.7-2018-q2-update.win32_1.5.0.202011040924/tools/bin/../lib/gcc/arm-none-eabi/7.3.1/thumb/v7e-m/fpv4-sp/hard/crti.o
LOAD c:/st/stm32cubeide_1.5.0/stm32cubeide/plugins/com.st.stm32cube.ide.mcu.externaltools.gnu-tools-for-stm32.7-2018-q2-update.win32_1.5.0.202011040924/tools/bin/../lib/gcc/arm-none-eabi/7.3.1/thumb/v7e-m/fpv4-sp/hard/crtbegin.o
LOAD c:/st/stm32cubeide_1.5.0/stm32cubeide/plugins/com.st.stm32cube.ide.mcu.externaltools.gnu-tools-for-stm32.7-2018-q2-update.win32_1.5.0.202011040924/tools/bin/../lib/gcc/arm-none-eabi/7.3.1/../../../../arm-none-eabi/lib/thumb/v7e-m/fpv4-sp/hard/crt0.o
LOAD Core/Src/fatfs_sd.o
LOAD Core/Src/main.o
LOAD Core/Src/stm32f4xx_hal_msp.o
LOAD Core/Src/stm32f4xx_it.o
LOAD Core/Src/syscalls.o
LOAD Core/Src/sysmem.o
LOAD Core/Src/system_stm32f4xx.o
LOAD Core/Startup/startup_stm32f407vgtx.o
LOAD Drivers/STM32F4xx_HAL_Driver/Src/stm32f4xx_hal.o
LOAD Drivers/STM32F4xx_HAL_Driver/Src/stm32f4xx_hal_cortex.o
LOAD Drivers/STM32F4xx_HAL_Driver/Src/stm32f4xx_hal_dma.o
LOAD Drivers/STM32F4xx_HAL_Driver/Src/stm32f4xx_hal_dma_ex.o
LOAD Drivers/STM32F4xx_HAL_Driver/Src/stm32f4xx_hal_exti.o
LOAD Drivers/STM32F4xx_HAL_Driver/Src/stm32f4xx_hal_flash.o
LOAD Drivers/STM32F4xx_HAL_Driver/Src/stm32f4xx_hal_flash_ex.o
LOAD Drivers/STM32F4xx_HAL_Driver/Src/stm32f4xx_hal_flash_ramfunc.o
LOAD Drivers/STM32F4xx_HAL_Driver/Src/stm32f4xx_hal_gpio.o
LOAD Drivers/STM32F4xx_HAL_Driver/Src/stm32f4xx_hal_pwr.o
LOAD Drivers/STM32F4xx_HAL_Driver/Src/stm32f4xx_hal_pwr_ex.o
LOAD Drivers/STM32F4xx_HAL_Driver/Src/stm32f4xx_hal_rcc.o
LOAD Drivers/STM32F4xx_HAL_Driver/Src/stm32f4xx_hal_rcc_ex.o
LOAD Drivers/STM32F4xx_HAL_Driver/Src/stm32f4xx_hal_spi.o
LOAD Drivers/STM32F4xx_HAL_Driver/Src/stm32f4xx_hal_tim.o
LOAD Drivers/STM32F4xx_HAL_Driver/Src/stm32f4xx_hal_tim_ex.o
LOAD FATFS/App/fatfs.o
LOAD FATFS/Target/user_diskio.o
LOAD Middlewares/Third_Party/FatFs/src/diskio.o
LOAD Middlewares/Third_Party/FatFs/src/ff.o
LOAD Middlewares/Third_Party/FatFs/src/ff_gen_drv.o
LOAD Middlewares/Third_Party/FatFs/src/option/syscall.o
START GROUP
LOAD c:/st/stm32cubeide_1.5.0/stm32cubeide/plugins/com.st.stm32cube.ide.mcu.externaltools.gnu-tools-for-stm32.7-2018-q2-update.win32_1.5.0.202011040924/tools/bin/../lib/gcc/arm-none-eabi/7.3.1/../../../../arm-none-eabi/lib/thumb/v7e-m/fpv4-sp/hard\libc_nano.a
LOAD c:/st/stm32cubeide_1.5.0/stm32cubeide/plugins/com.st.stm32cube.ide.mcu.externaltools.gnu-tools-for-stm32.7-2018-q2-update.win32_1.5.0.202011040924/tools/bin/../lib/gcc/arm-none-eabi/7.3.1/../../../../arm-none-eabi/lib/thumb/v7e-m/fpv4-sp/hard\libm.a
END GROUP
START GROUP
LOAD c:/st/stm32cubeide_1.5.0/stm32cubeide/plugins/com.st.stm32cube.ide.mcu.externaltools.gnu-tools-for-stm32.7-2018-q2-update.win32_1.5.0.202011040924/tools/bin/../lib/gcc/arm-none-eabi/7.3.1/thumb/v7e-m/fpv4-sp/hard\libgcc.a
LOAD c:/st/stm32cubeide_1.5.0/stm32cubeide/plugins/com.st.stm32cube.ide.mcu.externaltools.gnu-tools-for-stm32.7-2018-q2-update.win32_1.5.0.202011040924/tools/bin/../lib/gcc/arm-none-eabi/7.3.1/../../../../arm-none-eabi/lib/thumb/v7e-m/fpv4-sp/hard\libc_nano.a
END GROUP
START GROUP
LOAD c:/st/stm32cubeide_1.5.0/stm32cubeide/plugins/com.st.stm32cube.ide.mcu.externaltools.gnu-tools-for-stm32.7-2018-q2-update.win32_1.5.0.202011040924/tools/bin/../lib/gcc/arm-none-eabi/7.3.1/thumb/v7e-m/fpv4-sp/hard\libgcc.a
LOAD c:/st/stm32cubeide_1.5.0/stm32cubeide/plugins/com.st.stm32cube.ide.mcu.externaltools.gnu-tools-for-stm32.7-2018-q2-update.win32_1.5.0.202011040924/tools/bin/../lib/gcc/arm-none-eabi/7.3.1/../../../../arm-none-eabi/lib/thumb/v7e-m/fpv4-sp/hard\libc_nano.a
LOAD c:/st/stm32cubeide_1.5.0/stm32cubeide/plugins/com.st.stm32cube.ide.mcu.externaltools.gnu-tools-for-stm32.7-2018-q2-update.win32_1.5.0.202011040924/tools/bin/../lib/gcc/arm-none-eabi/7.3.1/../../../../arm-none-eabi/lib/thumb/v7e-m/fpv4-sp/hard\libnosys.a
END GROUP
START GROUP
LOAD c:/st/stm32cubeide_1.5.0/stm32cubeide/plugins/com.st.stm32cube.ide.mcu.externaltools.gnu-tools-for-stm32.7-2018-q2-update.win32_1.5.0.202011040924/tools/bin/../lib/gcc/arm-none-eabi/7.3.1/thumb/v7e-m/fpv4-sp/hard\libgcc.a
LOAD c:/st/stm32cubeide_1.5.0/stm32cubeide/plugins/com.st.stm32cube.ide.mcu.externaltools.gnu-tools-for-stm32.7-2018-q2-update.win32_1.5.0.202011040924/tools/bin/../lib/gcc/arm-none-eabi/7.3.1/../../../../arm-none-eabi/lib/thumb/v7e-m/fpv4-sp/hard\libc_nano.a
LOAD c:/st/stm32cubeide_1.5.0/stm32cubeide/plugins/com.st.stm32cube.ide.mcu.externaltools.gnu-tools-for-stm32.7-2018-q2-update.win32_1.5.0.202011040924/tools/bin/../lib/gcc/arm-none-eabi/7.3.1/../../../../arm-none-eabi/lib/thumb/v7e-m/fpv4-sp/hard\libnosys.a
END GROUP
LOAD c:/st/stm32cubeide_1.5.0/stm32cubeide/plugins/com.st.stm32cube.ide.mcu.externaltools.gnu-tools-for-stm32.7-2018-q2-update.win32_1.5.0.202011040924/tools/bin/../lib/gcc/arm-none-eabi/7.3.1/thumb/v7e-m/fpv4-sp/hard/crtend.o
LOAD c:/st/stm32cubeide_1.5.0/stm32cubeide/plugins/com.st.stm32cube.ide.mcu.externaltools.gnu-tools-for-stm32.7-2018-q2-update.win32_1.5.0.202011040924/tools/bin/../lib/gcc/arm-none-eabi/7.3.1/thumb/v7e-m/fpv4-sp/hard/crtn.o
                0x0000000020020000                _estack = (ORIGIN (RAM) + LENGTH (RAM))
                0x0000000000000200                _Min_Heap_Size = 0x200
                0x0000000000000400                _Min_Stack_Size = 0x400

.isr_vector     0x0000000008000000      0x188
                0x0000000008000000                . = ALIGN (0x4)
 *(.isr_vector)
 .isr_vector    0x0000000008000000      0x188 Core/Startup/startup_stm32f407vgtx.o
                0x0000000008000000                g_pfnVectors
                0x0000000008000188                . = ALIGN (0x4)

.text           0x0000000008000188     0x4f00
                0x0000000008000188                . = ALIGN (0x4)
 *(.text)
 .text          0x0000000008000188       0x40 c:/st/stm32cubeide_1.5.0/stm32cubeide/plugins/com.st.stm32cube.ide.mcu.externaltools.gnu-tools-for-stm32.7-2018-q2-update.win32_1.5.0.202011040924/tools/bin/../lib/gcc/arm-none-eabi/7.3.1/thumb/v7e-m/fpv4-sp/hard/crtbegin.o
 .text          0x00000000080001c8       0x30 c:/st/stm32cubeide_1.5.0/stm32cubeide/plugins/com.st.stm32cube.ide.mcu.externaltools.gnu-tools-for-stm32.7-2018-q2-update.win32_1.5.0.202011040924/tools/bin/../lib/gcc/arm-none-eabi/7.3.1/thumb/v7e-m/fpv4-sp/hard\libgcc.a(_aeabi_uldivmod.o)
                0x00000000080001c8                __aeabi_uldivmod
 .text          0x00000000080001f8      0x2cc c:/st/stm32cubeide_1.5.0/stm32cubeide/plugins/com.st.stm32cube.ide.mcu.externaltools.gnu-tools-for-stm32.7-2018-q2-update.win32_1.5.0.202011040924/tools/bin/../lib/gcc/arm-none-eabi/7.3.1/thumb/v7e-m/fpv4-sp/hard\libgcc.a(_udivmoddi4.o)
                0x00000000080001f8                __udivmoddi4
 .text          0x00000000080004c4        0x4 c:/st/stm32cubeide_1.5.0/stm32cubeide/plugins/com.st.stm32cube.ide.mcu.externaltools.gnu-tools-for-stm32.7-2018-q2-update.win32_1.5.0.202011040924/tools/bin/../lib/gcc/arm-none-eabi/7.3.1/thumb/v7e-m/fpv4-sp/hard\libgcc.a(_dvmd_tls.o)
                0x00000000080004c4                __aeabi_idiv0
                0x00000000080004c4                __aeabi_ldiv0
 *(.text*)
 .text.SELECT   0x00000000080004c8       0x20 Core/Src/fatfs_sd.o
 .text.DESELECT
                0x00000000080004e8       0x20 Core/Src/fatfs_sd.o
 .text.SPI_TxByte
                0x0000000008000508       0x34 Core/Src/fatfs_sd.o
 .text.SPI_TxBuffer
                0x000000000800053c       0x34 Core/Src/fatfs_sd.o
 .text.SPI_RxByte
                0x0000000008000570       0x38 Core/Src/fatfs_sd.o
 .text.SPI_RxBytePtr
                0x00000000080005a8       0x1c Core/Src/fatfs_sd.o
 .text.SD_ReadyWait
                0x00000000080005c4       0x34 Core/Src/fatfs_sd.o
 .text.SD_PowerOn
                0x00000000080005f8       0x84 Core/Src/fatfs_sd.o
 .text.SD_PowerOff
                0x000000000800067c       0x18 Core/Src/fatfs_sd.o
 .text.SD_CheckPower
                0x0000000008000694       0x18 Core/Src/fatfs_sd.o
 .text.SD_RxDataBlock
                0x00000000080006ac       0x5c Core/Src/fatfs_sd.o
 .text.SD_TxDataBlock
                0x0000000008000708       0x86 Core/Src/fatfs_sd.o
 .text.SD_SendCmd
                0x000000000800078e       0xa8 Core/Src/fatfs_sd.o
 *fill*         0x0000000008000836        0x2 
 .text.SD_disk_initialize
                0x0000000008000838      0x1cc Core/Src/fatfs_sd.o
                0x0000000008000838                SD_disk_initialize
 .text.SD_disk_status
                0x0000000008000a04       0x2c Core/Src/fatfs_sd.o
                0x0000000008000a04                SD_disk_status
 .text.SD_disk_read
                0x0000000008000a30       0xd4 Core/Src/fatfs_sd.o
                0x0000000008000a30                SD_disk_read
 .text.SD_disk_write
                0x0000000008000b04      0x108 Core/Src/fatfs_sd.o
                0x0000000008000b04                SD_disk_write
 .text.SD_disk_ioctl
                0x0000000008000c0c      0x254 Core/Src/fatfs_sd.o
                0x0000000008000c0c                SD_disk_ioctl
 .text.main     0x0000000008000e60       0xe4 Core/Src/main.o
                0x0000000008000e60                main
 .text.SystemClock_Config
                0x0000000008000f44       0xd4 Core/Src/main.o
                0x0000000008000f44                SystemClock_Config
 .text.MX_SPI2_Init
                0x0000000008001018       0x6c Core/Src/main.o
 .text.MX_GPIO_Init
                0x0000000008001084       0x88 Core/Src/main.o
 .text.Error_Handler
                0x000000000800110c        0x8 Core/Src/main.o
                0x000000000800110c                Error_Handler
 .text.HAL_MspInit
                0x0000000008001114       0x50 Core/Src/stm32f4xx_hal_msp.o
                0x0000000008001114                HAL_MspInit
 .text.HAL_SPI_MspInit
                0x0000000008001164       0x90 Core/Src/stm32f4xx_hal_msp.o
                0x0000000008001164                HAL_SPI_MspInit
 .text.NMI_Handler
                0x00000000080011f4        0x6 Core/Src/stm32f4xx_it.o
                0x00000000080011f4                NMI_Handler
 .text.HardFault_Handler
                0x00000000080011fa        0x6 Core/Src/stm32f4xx_it.o
                0x00000000080011fa                HardFault_Handler
 .text.MemManage_Handler
                0x0000000008001200        0x6 Core/Src/stm32f4xx_it.o
                0x0000000008001200                MemManage_Handler
 .text.BusFault_Handler
                0x0000000008001206        0x6 Core/Src/stm32f4xx_it.o
                0x0000000008001206                BusFault_Handler
 .text.UsageFault_Handler
                0x000000000800120c        0x6 Core/Src/stm32f4xx_it.o
                0x000000000800120c                UsageFault_Handler
 .text.SVC_Handler
                0x0000000008001212        0xe Core/Src/stm32f4xx_it.o
                0x0000000008001212                SVC_Handler
 .text.DebugMon_Handler
                0x0000000008001220        0xe Core/Src/stm32f4xx_it.o
                0x0000000008001220                DebugMon_Handler
 .text.PendSV_Handler
                0x000000000800122e        0xe Core/Src/stm32f4xx_it.o
                0x000000000800122e                PendSV_Handler
 .text.SysTick_Handler
                0x000000000800123c        0xc Core/Src/stm32f4xx_it.o
                0x000000000800123c                SysTick_Handler
 .text.SystemInit
                0x0000000008001248       0x2c Core/Src/system_stm32f4xx.o
                0x0000000008001248                SystemInit
 .text.Reset_Handler
                0x0000000008001274       0x50 Core/Startup/startup_stm32f407vgtx.o
                0x0000000008001274                Reset_Handler
 .text.Default_Handler
                0x00000000080012c4        0x2 Core/Startup/startup_stm32f407vgtx.o
                0x00000000080012c4                RTC_Alarm_IRQHandler
                0x00000000080012c4                HASH_RNG_IRQHandler
                0x00000000080012c4                EXTI2_IRQHandler
                0x00000000080012c4                TIM8_CC_IRQHandler
                0x00000000080012c4                TIM1_CC_IRQHandler
                0x00000000080012c4                DMA2_Stream5_IRQHandler
                0x00000000080012c4                DMA1_Stream5_IRQHandler
                0x00000000080012c4                PVD_IRQHandler
                0x00000000080012c4                SDIO_IRQHandler
                0x00000000080012c4                TAMP_STAMP_IRQHandler
                0x00000000080012c4                CAN2_RX1_IRQHandler
                0x00000000080012c4                EXTI3_IRQHandler
                0x00000000080012c4                TIM8_TRG_COM_TIM14_IRQHandler
                0x00000000080012c4                TIM1_UP_TIM10_IRQHandler
                0x00000000080012c4                TIM8_UP_TIM13_IRQHandler
                0x00000000080012c4                I2C3_ER_IRQHandler
                0x00000000080012c4                EXTI0_IRQHandler
                0x00000000080012c4                I2C2_EV_IRQHandler
                0x00000000080012c4                DMA1_Stream2_IRQHandler
                0x00000000080012c4                CAN1_RX0_IRQHandler
                0x00000000080012c4                FPU_IRQHandler
                0x00000000080012c4                OTG_HS_WKUP_IRQHandler
                0x00000000080012c4                CAN2_SCE_IRQHandler
                0x00000000080012c4                DMA2_Stream2_IRQHandler
                0x00000000080012c4                SPI1_IRQHandler
                0x00000000080012c4                TIM6_DAC_IRQHandler
                0x00000000080012c4                TIM1_BRK_TIM9_IRQHandler
                0x00000000080012c4                DCMI_IRQHandler
                0x00000000080012c4                CAN2_RX0_IRQHandler
                0x00000000080012c4                DMA2_Stream3_IRQHandler
                0x00000000080012c4                USART6_IRQHandler
                0x00000000080012c4                USART3_IRQHandler
                0x00000000080012c4                CAN1_RX1_IRQHandler
                0x00000000080012c4                UART5_IRQHandler
                0x00000000080012c4                DMA2_Stream0_IRQHandler
                0x00000000080012c4                TIM4_IRQHandler
                0x00000000080012c4                I2C1_EV_IRQHandler
                0x00000000080012c4                DMA1_Stream6_IRQHandler
                0x00000000080012c4                DMA1_Stream1_IRQHandler
                0x00000000080012c4                UART4_IRQHandler
                0x00000000080012c4                TIM3_IRQHandler
                0x00000000080012c4                RCC_IRQHandler
                0x00000000080012c4                TIM8_BRK_TIM12_IRQHandler
                0x00000000080012c4                Default_Handler
                0x00000000080012c4                EXTI15_10_IRQHandler
                0x00000000080012c4                ADC_IRQHandler
                0x00000000080012c4                DMA1_Stream7_IRQHandler
                0x00000000080012c4                TIM7_IRQHandler
                0x00000000080012c4                CAN2_TX_IRQHandler
                0x00000000080012c4                TIM5_IRQHandler
                0x00000000080012c4                DMA2_Stream7_IRQHandler
                0x00000000080012c4                I2C3_EV_IRQHandler
                0x00000000080012c4                EXTI9_5_IRQHandler
                0x00000000080012c4                RTC_WKUP_IRQHandler
                0x00000000080012c4                ETH_WKUP_IRQHandler
                0x00000000080012c4                SPI2_IRQHandler
                0x00000000080012c4                OTG_HS_EP1_IN_IRQHandler
                0x00000000080012c4                DMA1_Stream0_IRQHandler
                0x00000000080012c4                CAN1_TX_IRQHandler
                0x00000000080012c4                EXTI4_IRQHandler
                0x00000000080012c4                FSMC_IRQHandler
                0x00000000080012c4                ETH_IRQHandler
                0x00000000080012c4                OTG_HS_EP1_OUT_IRQHandler
                0x00000000080012c4                WWDG_IRQHandler
                0x00000000080012c4                TIM2_IRQHandler
                0x00000000080012c4                OTG_FS_WKUP_IRQHandler
                0x00000000080012c4                TIM1_TRG_COM_TIM11_IRQHandler
                0x00000000080012c4                OTG_HS_IRQHandler
                0x00000000080012c4                EXTI1_IRQHandler
                0x00000000080012c4                USART2_IRQHandler
                0x00000000080012c4                I2C2_ER_IRQHandler
                0x00000000080012c4                DMA2_Stream1_IRQHandler
                0x00000000080012c4                CAN1_SCE_IRQHandler
                0x00000000080012c4                FLASH_IRQHandler
                0x00000000080012c4                DMA2_Stream4_IRQHandler
                0x00000000080012c4                USART1_IRQHandler
                0x00000000080012c4                OTG_FS_IRQHandler
                0x00000000080012c4                SPI3_IRQHandler
                0x00000000080012c4                DMA1_Stream4_IRQHandler
                0x00000000080012c4                I2C1_ER_IRQHandler
                0x00000000080012c4                DMA2_Stream6_IRQHandler
                0x00000000080012c4                DMA1_Stream3_IRQHandler
 *fill*         0x00000000080012c6        0x2 
 .text.HAL_Init
                0x00000000080012c8       0x44 Drivers/STM32F4xx_HAL_Driver/Src/stm32f4xx_hal.o
                0x00000000080012c8                HAL_Init
 .text.HAL_InitTick
                0x000000000800130c       0x60 Drivers/STM32F4xx_HAL_Driver/Src/stm32f4xx_hal.o
                0x000000000800130c                HAL_InitTick
 .text.HAL_IncTick
                0x000000000800136c       0x28 Drivers/STM32F4xx_HAL_Driver/Src/stm32f4xx_hal.o
                0x000000000800136c                HAL_IncTick
 .text.HAL_GetTick
                0x0000000008001394       0x18 Drivers/STM32F4xx_HAL_Driver/Src/stm32f4xx_hal.o
                0x0000000008001394                HAL_GetTick
 .text.HAL_Delay
                0x00000000080013ac       0x44 Drivers/STM32F4xx_HAL_Driver/Src/stm32f4xx_hal.o
                0x00000000080013ac                HAL_Delay
 .text.__NVIC_SetPriorityGrouping
                0x00000000080013f0       0x48 Drivers/STM32F4xx_HAL_Driver/Src/stm32f4xx_hal_cortex.o
 .text.__NVIC_GetPriorityGrouping
                0x0000000008001438       0x1c Drivers/STM32F4xx_HAL_Driver/Src/stm32f4xx_hal_cortex.o
 .text.__NVIC_SetPriority
                0x0000000008001454       0x54 Drivers/STM32F4xx_HAL_Driver/Src/stm32f4xx_hal_cortex.o
 .text.NVIC_EncodePriority
                0x00000000080014a8       0x66 Drivers/STM32F4xx_HAL_Driver/Src/stm32f4xx_hal_cortex.o
 *fill*         0x000000000800150e        0x2 
 .text.SysTick_Config
                0x0000000008001510       0x44 Drivers/STM32F4xx_HAL_Driver/Src/stm32f4xx_hal_cortex.o
 .text.HAL_NVIC_SetPriorityGrouping
                0x0000000008001554       0x16 Drivers/STM32F4xx_HAL_Driver/Src/stm32f4xx_hal_cortex.o
                0x0000000008001554                HAL_NVIC_SetPriorityGrouping
 .text.HAL_NVIC_SetPriority
                0x000000000800156a       0x38 Drivers/STM32F4xx_HAL_Driver/Src/stm32f4xx_hal_cortex.o
                0x000000000800156a                HAL_NVIC_SetPriority
 .text.HAL_SYSTICK_Config
                0x00000000080015a2       0x18 Drivers/STM32F4xx_HAL_Driver/Src/stm32f4xx_hal_cortex.o
                0x00000000080015a2                HAL_SYSTICK_Config
 *fill*         0x00000000080015ba        0x2 
 .text.HAL_GPIO_Init
                0x00000000080015bc      0x334 Drivers/STM32F4xx_HAL_Driver/Src/stm32f4xx_hal_gpio.o
                0x00000000080015bc                HAL_GPIO_Init
 .text.HAL_GPIO_WritePin
                0x00000000080018f0       0x32 Drivers/STM32F4xx_HAL_Driver/Src/stm32f4xx_hal_gpio.o
                0x00000000080018f0                HAL_GPIO_WritePin
 *fill*         0x0000000008001922        0x2 
 .text.HAL_RCC_OscConfig
                0x0000000008001924      0x4e0 Drivers/STM32F4xx_HAL_Driver/Src/stm32f4xx_hal_rcc.o
                0x0000000008001924                HAL_RCC_OscConfig
 .text.HAL_RCC_ClockConfig
                0x0000000008001e04      0x1cc Drivers/STM32F4xx_HAL_Driver/Src/stm32f4xx_hal_rcc.o
                0x0000000008001e04                HAL_RCC_ClockConfig
 .text.HAL_RCC_GetSysClockFreq
                0x0000000008001fd0      0x1b0 Drivers/STM32F4xx_HAL_Driver/Src/stm32f4xx_hal_rcc.o
                0x0000000008001fd0                HAL_RCC_GetSysClockFreq
 .text.HAL_SPI_Init
                0x0000000008002180       0xc8 Drivers/STM32F4xx_HAL_Driver/Src/stm32f4xx_hal_spi.o
                0x0000000008002180                HAL_SPI_Init
 .text.HAL_SPI_Transmit
                0x0000000008002248      0x268 Drivers/STM32F4xx_HAL_Driver/Src/stm32f4xx_hal_spi.o
                0x0000000008002248                HAL_SPI_Transmit
 .text.HAL_SPI_TransmitReceive
                0x00000000080024b0      0x344 Drivers/STM32F4xx_HAL_Driver/Src/stm32f4xx_hal_spi.o
                0x00000000080024b0                HAL_SPI_TransmitReceive
 .text.SPI_WaitFlagStateUntilTimeout
                0x00000000080027f4       0xd4 Drivers/STM32F4xx_HAL_Driver/Src/stm32f4xx_hal_spi.o
 .text.SPI_EndRxTxTransaction
                0x00000000080028c8       0x84 Drivers/STM32F4xx_HAL_Driver/Src/stm32f4xx_hal_spi.o
 .text.MX_FATFS_Init
                0x000000000800294c       0x24 FATFS/App/fatfs.o
                0x000000000800294c                MX_FATFS_Init
 .text.get_fattime
                0x0000000008002970       0x10 FATFS/App/fatfs.o
                0x0000000008002970                get_fattime
 .text.USER_initialize
                0x0000000008002980       0x1e FATFS/Target/user_diskio.o
                0x0000000008002980                USER_initialize
 .text.USER_status
                0x000000000800299e       0x1e FATFS/Target/user_diskio.o
                0x000000000800299e                USER_status
 .text.USER_read
                0x00000000080029bc       0x28 FATFS/Target/user_diskio.o
                0x00000000080029bc                USER_read
 .text.USER_write
                0x00000000080029e4       0x28 FATFS/Target/user_diskio.o
                0x00000000080029e4                USER_write
 .text.USER_ioctl
                0x0000000008002a0c       0x28 FATFS/Target/user_diskio.o
                0x0000000008002a0c                USER_ioctl
 .text.disk_status
                0x0000000008002a34       0x34 Middlewares/Third_Party/FatFs/src/diskio.o
                0x0000000008002a34                disk_status
 .text.disk_initialize
                0x0000000008002a68       0x4c Middlewares/Third_Party/FatFs/src/diskio.o
                0x0000000008002a68                disk_initialize
 .text.disk_read
                0x0000000008002ab4       0x40 Middlewares/Third_Party/FatFs/src/diskio.o
                0x0000000008002ab4                disk_read
 .text.disk_write
                0x0000000008002af4       0x40 Middlewares/Third_Party/FatFs/src/diskio.o
                0x0000000008002af4                disk_write
 .text.disk_ioctl
                0x0000000008002b34       0x3c Middlewares/Third_Party/FatFs/src/diskio.o
                0x0000000008002b34                disk_ioctl
 .text.ld_word  0x0000000008002b70       0x30 Middlewares/Third_Party/FatFs/src/ff.o
 .text.ld_dword
                0x0000000008002ba0       0x46 Middlewares/Third_Party/FatFs/src/ff.o
 .text.st_word  0x0000000008002be6       0x36 Middlewares/Third_Party/FatFs/src/ff.o
 .text.st_dword
                0x0000000008002c1c       0x58 Middlewares/Third_Party/FatFs/src/ff.o
 .text.mem_cpy  0x0000000008002c74       0x42 Middlewares/Third_Party/FatFs/src/ff.o
 .text.mem_set  0x0000000008002cb6       0x34 Middlewares/Third_Party/FatFs/src/ff.o
 .text.mem_cmp  0x0000000008002cea       0x4e Middlewares/Third_Party/FatFs/src/ff.o
 .text.chk_chr  0x0000000008002d38       0x36 Middlewares/Third_Party/FatFs/src/ff.o
 *fill*         0x0000000008002d6e        0x2 
 .text.chk_lock
                0x0000000008002d70       0xb8 Middlewares/Third_Party/FatFs/src/ff.o
 .text.enq_lock
                0x0000000008002e28       0x44 Middlewares/Third_Party/FatFs/src/ff.o
 .text.inc_lock
                0x0000000008002e6c      0x11c Middlewares/Third_Party/FatFs/src/ff.o
 .text.dec_lock
                0x0000000008002f88       0x78 Middlewares/Third_Party/FatFs/src/ff.o
 .text.clear_lock
                0x0000000008003000       0x48 Middlewares/Third_Party/FatFs/src/ff.o
 .text.sync_window
                0x0000000008003048       0x88 Middlewares/Third_Party/FatFs/src/ff.o
 .text.move_window
                0x00000000080030d0       0x5a Middlewares/Third_Party/FatFs/src/ff.o
 *fill*         0x000000000800312a        0x2 
 .text.sync_fs  0x000000000800312c       0xdc Middlewares/Third_Party/FatFs/src/ff.o
 .text.clust2sect
                0x0000000008003208       0x3e Middlewares/Third_Party/FatFs/src/ff.o
 .text.get_fat  0x0000000008003246      0x14a Middlewares/Third_Party/FatFs/src/ff.o
 .text.put_fat  0x0000000008003390      0x1ce Middlewares/Third_Party/FatFs/src/ff.o
 .text.remove_chain
                0x000000000800355e       0xca Middlewares/Third_Party/FatFs/src/ff.o
 .text.create_chain
                0x0000000008003628      0x130 Middlewares/Third_Party/FatFs/src/ff.o
 .text.clmt_clust
                0x0000000008003758       0x68 Middlewares/Third_Party/FatFs/src/ff.o
 .text.dir_sdi  0x00000000080037c0       0xf6 Middlewares/Third_Party/FatFs/src/ff.o
 .text.dir_next
                0x00000000080038b6      0x18a Middlewares/Third_Party/FatFs/src/ff.o
 .text.dir_alloc
                0x0000000008003a40       0x8e Middlewares/Third_Party/FatFs/src/ff.o
 .text.ld_clust
                0x0000000008003ace       0x3e Middlewares/Third_Party/FatFs/src/ff.o
 .text.st_clust
                0x0000000008003b0c       0x40 Middlewares/Third_Party/FatFs/src/ff.o
 .text.dir_find
                0x0000000008003b4c       0xaa Middlewares/Third_Party/FatFs/src/ff.o
 .text.dir_register
                0x0000000008003bf6       0x64 Middlewares/Third_Party/FatFs/src/ff.o
 *fill*         0x0000000008003c5a        0x2 
 .text.create_name
                0x0000000008003c5c      0x128 Middlewares/Third_Party/FatFs/src/ff.o
 .text.follow_path
                0x0000000008003d84       0xe2 Middlewares/Third_Party/FatFs/src/ff.o
 .text.get_ldnumber
                0x0000000008003e66       0x88 Middlewares/Third_Party/FatFs/src/ff.o
 *fill*         0x0000000008003eee        0x2 
 .text.check_fs
                0x0000000008003ef0       0xac Middlewares/Third_Party/FatFs/src/ff.o
 .text.find_volume
                0x0000000008003f9c      0x498 Middlewares/Third_Party/FatFs/src/ff.o
 .text.validate
                0x0000000008004434       0x6a Middlewares/Third_Party/FatFs/src/ff.o
 *fill*         0x000000000800449e        0x2 
 .text.f_mount  0x00000000080044a0       0x8c Middlewares/Third_Party/FatFs/src/ff.o
                0x00000000080044a0                f_mount
 .text.f_open   0x000000000800452c      0x37c Middlewares/Third_Party/FatFs/src/ff.o
                0x000000000800452c                f_open
 .text.f_read   0x00000000080048a8      0x27e Middlewares/Third_Party/FatFs/src/ff.o
                0x00000000080048a8                f_read
 .text.f_write  0x0000000008004b26      0x2ea Middlewares/Third_Party/FatFs/src/ff.o
                0x0000000008004b26                f_write
 .text.f_sync   0x0000000008004e10       0xfc Middlewares/Third_Party/FatFs/src/ff.o
                0x0000000008004e10                f_sync
 .text.f_close  0x0000000008004f0c       0x54 Middlewares/Third_Party/FatFs/src/ff.o
                0x0000000008004f0c                f_close
 .text.FATFS_LinkDriverEx
                0x0000000008004f60       0x98 Middlewares/Third_Party/FatFs/src/ff_gen_drv.o
                0x0000000008004f60                FATFS_LinkDriverEx
 .text.FATFS_LinkDriver
                0x0000000008004ff8       0x1e Middlewares/Third_Party/FatFs/src/ff_gen_drv.o
                0x0000000008004ff8                FATFS_LinkDriver
 *fill*         0x0000000008005016        0x2 
 .text.__libc_init_array
                0x0000000008005018       0x48 c:/st/stm32cubeide_1.5.0/stm32cubeide/plugins/com.st.stm32cube.ide.mcu.externaltools.gnu-tools-for-stm32.7-2018-q2-update.win32_1.5.0.202011040924/tools/bin/../lib/gcc/arm-none-eabi/7.3.1/../../../../arm-none-eabi/lib/thumb/v7e-m/fpv4-sp/hard\libc_nano.a(lib_a-init.o)
                0x0000000008005018                __libc_init_array
 .text.memset   0x0000000008005060       0x10 c:/st/stm32cubeide_1.5.0/stm32cubeide/plugins/com.st.stm32cube.ide.mcu.externaltools.gnu-tools-for-stm32.7-2018-q2-update.win32_1.5.0.202011040924/tools/bin/../lib/gcc/arm-none-eabi/7.3.1/../../../../arm-none-eabi/lib/thumb/v7e-m/fpv4-sp/hard\libc_nano.a(lib_a-memset.o)
                0x0000000008005060                memset
 *(.glue_7)
 .glue_7        0x0000000008005070        0x0 linker stubs
 *(.glue_7t)
 .glue_7t       0x0000000008005070        0x0 linker stubs
 *(.eh_frame)
 .eh_frame      0x0000000008005070        0x0 c:/st/stm32cubeide_1.5.0/stm32cubeide/plugins/com.st.stm32cube.ide.mcu.externaltools.gnu-tools-for-stm32.7-2018-q2-update.win32_1.5.0.202011040924/tools/bin/../lib/gcc/arm-none-eabi/7.3.1/thumb/v7e-m/fpv4-sp/hard/crtbegin.o
 *(.init)
 .init          0x0000000008005070        0x4 c:/st/stm32cubeide_1.5.0/stm32cubeide/plugins/com.st.stm32cube.ide.mcu.externaltools.gnu-tools-for-stm32.7-2018-q2-update.win32_1.5.0.202011040924/tools/bin/../lib/gcc/arm-none-eabi/7.3.1/thumb/v7e-m/fpv4-sp/hard/crti.o
                0x0000000008005070                _init
 .init          0x0000000008005074        0x8 c:/st/stm32cubeide_1.5.0/stm32cubeide/plugins/com.st.stm32cube.ide.mcu.externaltools.gnu-tools-for-stm32.7-2018-q2-update.win32_1.5.0.202011040924/tools/bin/../lib/gcc/arm-none-eabi/7.3.1/thumb/v7e-m/fpv4-sp/hard/crtn.o
 *(.fini)
 .fini          0x000000000800507c        0x4 c:/st/stm32cubeide_1.5.0/stm32cubeide/plugins/com.st.stm32cube.ide.mcu.externaltools.gnu-tools-for-stm32.7-2018-q2-update.win32_1.5.0.202011040924/tools/bin/../lib/gcc/arm-none-eabi/7.3.1/thumb/v7e-m/fpv4-sp/hard/crti.o
                0x000000000800507c                _fini
 .fini          0x0000000008005080        0x8 c:/st/stm32cubeide_1.5.0/stm32cubeide/plugins/com.st.stm32cube.ide.mcu.externaltools.gnu-tools-for-stm32.7-2018-q2-update.win32_1.5.0.202011040924/tools/bin/../lib/gcc/arm-none-eabi/7.3.1/thumb/v7e-m/fpv4-sp/hard/crtn.o
                0x0000000008005088                . = ALIGN (0x4)
                0x0000000008005088                _etext = .

.vfp11_veneer   0x0000000008005088        0x0
 .vfp11_veneer  0x0000000008005088        0x0 linker stubs

.v4_bx          0x0000000008005088        0x0
 .v4_bx         0x0000000008005088        0x0 linker stubs

.iplt           0x0000000008005088        0x0
 .iplt          0x0000000008005088        0x0 c:/st/stm32cubeide_1.5.0/stm32cubeide/plugins/com.st.stm32cube.ide.mcu.externaltools.gnu-tools-for-stm32.7-2018-q2-update.win32_1.5.0.202011040924/tools/bin/../lib/gcc/arm-none-eabi/7.3.1/thumb/v7e-m/fpv4-sp/hard/crtbegin.o

.rodata         0x0000000008005088       0xf0
                0x0000000008005088                . = ALIGN (0x4)
 *(.rodata)
 .rodata        0x0000000008005088       0x1a Core/Src/main.o
 *fill*         0x00000000080050a2        0x2 
 .rodata        0x00000000080050a4       0x44 Middlewares/Third_Party/FatFs/src/ff.o
 *(.rodata*)
 .rodata.AHBPrescTable
                0x00000000080050e8       0x10 Core/Src/system_stm32f4xx.o
                0x00000000080050e8                AHBPrescTable
 .rodata.ExCvt  0x00000000080050f8       0x80 Middlewares/Third_Party/FatFs/src/ff.o
                0x0000000008005178                . = ALIGN (0x4)

.ARM.extab      0x0000000008005178        0x0
                0x0000000008005178                . = ALIGN (0x4)
 *(.ARM.extab* .gnu.linkonce.armextab.*)
                0x0000000008005178                . = ALIGN (0x4)

.ARM            0x0000000008005178        0x8
                0x0000000008005178                . = ALIGN (0x4)
                0x0000000008005178                __exidx_start = .
 *(.ARM.exidx*)
 .ARM.exidx     0x0000000008005178        0x8 c:/st/stm32cubeide_1.5.0/stm32cubeide/plugins/com.st.stm32cube.ide.mcu.externaltools.gnu-tools-for-stm32.7-2018-q2-update.win32_1.5.0.202011040924/tools/bin/../lib/gcc/arm-none-eabi/7.3.1/thumb/v7e-m/fpv4-sp/hard\libgcc.a(_udivmoddi4.o)
                0x0000000008005180                __exidx_end = .
                0x0000000008005180                . = ALIGN (0x4)

.rel.dyn        0x0000000008005180        0x0
 .rel.iplt      0x0000000008005180        0x0 c:/st/stm32cubeide_1.5.0/stm32cubeide/plugins/com.st.stm32cube.ide.mcu.externaltools.gnu-tools-for-stm32.7-2018-q2-update.win32_1.5.0.202011040924/tools/bin/../lib/gcc/arm-none-eabi/7.3.1/thumb/v7e-m/fpv4-sp/hard/crtbegin.o

.preinit_array  0x0000000008005180        0x0
                0x0000000008005180                . = ALIGN (0x4)
                0x0000000008005180                PROVIDE (__preinit_array_start = .)
 *(.preinit_array*)
                0x0000000008005180                PROVIDE (__preinit_array_end = .)
                0x0000000008005180                . = ALIGN (0x4)

.init_array     0x0000000008005180        0x4
                0x0000000008005180                . = ALIGN (0x4)
                0x0000000008005180                PROVIDE (__init_array_start = .)
 *(SORT_BY_NAME(.init_array.*))
 *(.init_array*)
 .init_array    0x0000000008005180        0x4 c:/st/stm32cubeide_1.5.0/stm32cubeide/plugins/com.st.stm32cube.ide.mcu.externaltools.gnu-tools-for-stm32.7-2018-q2-update.win32_1.5.0.202011040924/tools/bin/../lib/gcc/arm-none-eabi/7.3.1/thumb/v7e-m/fpv4-sp/hard/crtbegin.o
                0x0000000008005184                PROVIDE (__init_array_end = .)
                0x0000000008005184                . = ALIGN (0x4)

.fini_array     0x0000000008005184        0x4
                0x0000000008005184                . = ALIGN (0x4)
                [!provide]                        PROVIDE (__fini_array_start = .)
 *(SORT_BY_NAME(.fini_array.*))
 *(.fini_array*)
 .fini_array    0x0000000008005184        0x4 c:/st/stm32cubeide_1.5.0/stm32cubeide/plugins/com.st.stm32cube.ide.mcu.externaltools.gnu-tools-for-stm32.7-2018-q2-update.win32_1.5.0.202011040924/tools/bin/../lib/gcc/arm-none-eabi/7.3.1/thumb/v7e-m/fpv4-sp/hard/crtbegin.o
                [!provide]                        PROVIDE (__fini_array_end = .)
                0x0000000008005188                . = ALIGN (0x4)
                0x0000000008005188                _sidata = LOADADDR (.data)

.data           0x0000000020000000       0x58 load address 0x0000000008005188
                0x0000000020000000                . = ALIGN (0x4)
                0x0000000020000000                _sdata = .
 *(.data)
 *(.data*)
 .data.Stat     0x0000000020000000        0x1 Core/Src/fatfs_sd.o
 *fill*         0x0000000020000001        0x3 
 .data.write_buffer
                0x0000000020000004       0x32 Core/Src/main.o
                0x0000000020000004                write_buffer
 *fill*         0x0000000020000036        0x2 
 .data.SystemCoreClock
                0x0000000020000038        0x4 Core/Src/system_stm32f4xx.o
                0x0000000020000038                SystemCoreClock
 .data.uwTickPrio
                0x000000002000003c        0x4 Drivers/STM32F4xx_HAL_Driver/Src/stm32f4xx_hal.o
                0x000000002000003c                uwTickPrio
 .data.uwTickFreq
                0x0000000020000040        0x1 Drivers/STM32F4xx_HAL_Driver/Src/stm32f4xx_hal.o
                0x0000000020000040                uwTickFreq
 *fill*         0x0000000020000041        0x3 
 .data.SD_Driver
                0x0000000020000044       0x14 FATFS/Target/user_diskio.o
                0x0000000020000044                SD_Driver
 *(.RamFunc)
 *(.RamFunc*)
                0x0000000020000058                . = ALIGN (0x4)
                0x0000000020000058                _edata = .

.igot.plt       0x0000000020000058        0x0 load address 0x00000000080051e0
 .igot.plt      0x0000000020000058        0x0 c:/st/stm32cubeide_1.5.0/stm32cubeide/plugins/com.st.stm32cube.ide.mcu.externaltools.gnu-tools-for-stm32.7-2018-q2-update.win32_1.5.0.202011040924/tools/bin/../lib/gcc/arm-none-eabi/7.3.1/thumb/v7e-m/fpv4-sp/hard/crtbegin.o
                0x0000000020000058                . = ALIGN (0x4)

.bss            0x0000000020000058      0x9e8 load address 0x00000000080051e0
                0x0000000020000058                _sbss = .
                0x0000000020000058                __bss_start__ = _sbss
 *(.bss)
 .bss           0x0000000020000058       0x1c c:/st/stm32cubeide_1.5.0/stm32cubeide/plugins/com.st.stm32cube.ide.mcu.externaltools.gnu-tools-for-stm32.7-2018-q2-update.win32_1.5.0.202011040924/tools/bin/../lib/gcc/arm-none-eabi/7.3.1/thumb/v7e-m/fpv4-sp/hard/crtbegin.o
 *(.bss*)
 .bss.CardType  0x0000000020000074        0x1 Core/Src/fatfs_sd.o
 .bss.PowerFlag
                0x0000000020000075        0x1 Core/Src/fatfs_sd.o
 *fill*         0x0000000020000076        0x2 
 .bss.FatFs     0x0000000020000078        0x4 Middlewares/Third_Party/FatFs/src/ff.o
 .bss.Fsid      0x000000002000007c        0x2 Middlewares/Third_Party/FatFs/src/ff.o
 *fill*         0x000000002000007e        0x2 
 .bss.Files     0x0000000020000080       0x20 Middlewares/Third_Party/FatFs/src/ff.o
 .bss.disk      0x00000000200000a0        0xc Middlewares/Third_Party/FatFs/src/ff_gen_drv.o
                0x00000000200000a0                disk
 *(COMMON)
 COMMON         0x00000000200000ac        0x4 Core/Src/fatfs_sd.o
                0x00000000200000ac                Timer2
                0x00000000200000ae                Timer1
 COMMON         0x00000000200000b0      0x521 Core/Src/main.o
                0x00000000200000b0                hspi2
                0x0000000020000108                fs
                0x0000000020000338                brw
                0x000000002000033c                file
                0x000000002000056c                buffer
                0x00000000200005d0                res
 *fill*         0x00000000200005d1        0x3 
 COMMON         0x00000000200005d4        0x4 Drivers/STM32F4xx_HAL_Driver/Src/stm32f4xx_hal.o
                0x00000000200005d4                uwTick
 COMMON         0x00000000200005d8      0x468 FATFS/App/fatfs.o
                0x00000000200005d8                USERPath
                0x00000000200005dc                retUSER
                0x00000000200005e0                USERFile
                0x0000000020000810                USERFatFS
                0x0000000020000a40                . = ALIGN (0x4)
                0x0000000020000a40                _ebss = .
                0x0000000020000a40                __bss_end__ = _ebss

._user_heap_stack
                0x0000000020000a40      0x600 load address 0x00000000080051e0
                0x0000000020000a40                . = ALIGN (0x8)
                [!provide]                        PROVIDE (end = .)
                0x0000000020000a40                PROVIDE (_end = .)
                0x0000000020000c40                . = (. + _Min_Heap_Size)
 *fill*         0x0000000020000a40      0x200 
                0x0000000020001040                . = (. + _Min_Stack_Size)
 *fill*         0x0000000020000c40      0x400 
                0x0000000020001040                . = ALIGN (0x8)

/DISCARD/
 libc.a(*)
 libm.a(*)
 libgcc.a(*)

.ARM.attributes
                0x0000000000000000       0x30
 *(.ARM.attributes)
 .ARM.attributes
                0x0000000000000000       0x22 c:/st/stm32cubeide_1.5.0/stm32cubeide/plugins/com.st.stm32cube.ide.mcu.externaltools.gnu-tools-for-stm32.7-2018-q2-update.win32_1.5.0.202011040924/tools/bin/../lib/gcc/arm-none-eabi/7.3.1/thumb/v7e-m/fpv4-sp/hard/crti.o
 .ARM.attributes
                0x0000000000000022       0x34 c:/st/stm32cubeide_1.5.0/stm32cubeide/plugins/com.st.stm32cube.ide.mcu.externaltools.gnu-tools-for-stm32.7-2018-q2-update.win32_1.5.0.202011040924/tools/bin/../lib/gcc/arm-none-eabi/7.3.1/thumb/v7e-m/fpv4-sp/hard/crtbegin.o
 .ARM.attributes
                0x0000000000000056       0x39 Core/Src/fatfs_sd.o
 .ARM.attributes
                0x000000000000008f       0x39 Core/Src/main.o
 .ARM.attributes
                0x00000000000000c8       0x39 Core/Src/stm32f4xx_hal_msp.o
 .ARM.attributes
                0x0000000000000101       0x39 Core/Src/stm32f4xx_it.o
 .ARM.attributes
                0x000000000000013a       0x39 Core/Src/system_stm32f4xx.o
 .ARM.attributes
                0x0000000000000173       0x21 Core/Startup/startup_stm32f407vgtx.o
 .ARM.attributes
                0x0000000000000194       0x39 Drivers/STM32F4xx_HAL_Driver/Src/stm32f4xx_hal.o
 .ARM.attributes
                0x00000000000001cd       0x39 Drivers/STM32F4xx_HAL_Driver/Src/stm32f4xx_hal_cortex.o
 .ARM.attributes
                0x0000000000000206       0x39 Drivers/STM32F4xx_HAL_Driver/Src/stm32f4xx_hal_gpio.o
 .ARM.attributes
                0x000000000000023f       0x39 Drivers/STM32F4xx_HAL_Driver/Src/stm32f4xx_hal_rcc.o
 .ARM.attributes
                0x0000000000000278       0x39 Drivers/STM32F4xx_HAL_Driver/Src/stm32f4xx_hal_spi.o
 .ARM.attributes
                0x00000000000002b1       0x39 FATFS/App/fatfs.o
 .ARM.attributes
                0x00000000000002ea       0x39 FATFS/Target/user_diskio.o
 .ARM.attributes
                0x0000000000000323       0x39 Middlewares/Third_Party/FatFs/src/diskio.o
 .ARM.attributes
                0x000000000000035c       0x39 Middlewares/Third_Party/FatFs/src/ff.o
 .ARM.attributes
                0x0000000000000395       0x39 Middlewares/Third_Party/FatFs/src/ff_gen_drv.o
 .ARM.attributes
                0x00000000000003ce       0x34 c:/st/stm32cubeide_1.5.0/stm32cubeide/plugins/com.st.stm32cube.ide.mcu.externaltools.gnu-tools-for-stm32.7-2018-q2-update.win32_1.5.0.202011040924/tools/bin/../lib/gcc/arm-none-eabi/7.3.1/../../../../arm-none-eabi/lib/thumb/v7e-m/fpv4-sp/hard\libc_nano.a(lib_a-init.o)
 .ARM.attributes
                0x0000000000000402       0x34 c:/st/stm32cubeide_1.5.0/stm32cubeide/plugins/com.st.stm32cube.ide.mcu.externaltools.gnu-tools-for-stm32.7-2018-q2-update.win32_1.5.0.202011040924/tools/bin/../lib/gcc/arm-none-eabi/7.3.1/../../../../arm-none-eabi/lib/thumb/v7e-m/fpv4-sp/hard\libc_nano.a(lib_a-memset.o)
 .ARM.attributes
                0x0000000000000436       0x22 c:/st/stm32cubeide_1.5.0/stm32cubeide/plugins/com.st.stm32cube.ide.mcu.externaltools.gnu-tools-for-stm32.7-2018-q2-update.win32_1.5.0.202011040924/tools/bin/../lib/gcc/arm-none-eabi/7.3.1/thumb/v7e-m/fpv4-sp/hard\libgcc.a(_aeabi_uldivmod.o)
 .ARM.attributes
                0x0000000000000458       0x34 c:/st/stm32cubeide_1.5.0/stm32cubeide/plugins/com.st.stm32cube.ide.mcu.externaltools.gnu-tools-for-stm32.7-2018-q2-update.win32_1.5.0.202011040924/tools/bin/../lib/gcc/arm-none-eabi/7.3.1/thumb/v7e-m/fpv4-sp/hard\libgcc.a(_udivmoddi4.o)
 .ARM.attributes
                0x000000000000048c       0x22 c:/st/stm32cubeide_1.5.0/stm32cubeide/plugins/com.st.stm32cube.ide.mcu.externaltools.gnu-tools-for-stm32.7-2018-q2-update.win32_1.5.0.202011040924/tools/bin/../lib/gcc/arm-none-eabi/7.3.1/thumb/v7e-m/fpv4-sp/hard\libgcc.a(_dvmd_tls.o)
 .ARM.attributes
                0x00000000000004ae       0x22 c:/st/stm32cubeide_1.5.0/stm32cubeide/plugins/com.st.stm32cube.ide.mcu.externaltools.gnu-tools-for-stm32.7-2018-q2-update.win32_1.5.0.202011040924/tools/bin/../lib/gcc/arm-none-eabi/7.3.1/thumb/v7e-m/fpv4-sp/hard/crtn.o
OUTPUT(STM32_FATFS.elf elf32-littlearm)

.debug_info     0x0000000000000000     0xd190
 .debug_info    0x0000000000000000      0xc24 Core/Src/fatfs_sd.o
 .debug_info    0x0000000000000c24     0x184c Core/Src/main.o
 .debug_info    0x0000000000002470      0x9ae Core/Src/stm32f4xx_hal_msp.o
 .debug_info    0x0000000000002e1e      0x20a Core/Src/stm32f4xx_it.o
 .debug_info    0x0000000000003028      0x554 Core/Src/system_stm32f4xx.o
 .debug_info    0x000000000000357c       0x22 Core/Startup/startup_stm32f407vgtx.o
 .debug_info    0x000000000000359e      0x945 Drivers/STM32F4xx_HAL_Driver/Src/stm32f4xx_hal.o
 .debug_info    0x0000000000003ee3      0xe28 Drivers/STM32F4xx_HAL_Driver/Src/stm32f4xx_hal_cortex.o
 .debug_info    0x0000000000004d0b      0x7b5 Drivers/STM32F4xx_HAL_Driver/Src/stm32f4xx_hal_gpio.o
 .debug_info    0x00000000000054c0      0x904 Drivers/STM32F4xx_HAL_Driver/Src/stm32f4xx_hal_rcc.o
 .debug_info    0x0000000000005dc4     0x163a Drivers/STM32F4xx_HAL_Driver/Src/stm32f4xx_hal_spi.o
 .debug_info    0x00000000000073fe      0xd81 FATFS/App/fatfs.o
 .debug_info    0x000000000000817f      0xc6a FATFS/Target/user_diskio.o
 .debug_info    0x0000000000008de9      0xcdc Middlewares/Third_Party/FatFs/src/diskio.o
 .debug_info    0x0000000000009ac5     0x2a57 Middlewares/Third_Party/FatFs/src/ff.o
 .debug_info    0x000000000000c51c      0xc74 Middlewares/Third_Party/FatFs/src/ff_gen_drv.o

.debug_abbrev   0x0000000000000000     0x1e78
 .debug_abbrev  0x0000000000000000      0x284 Core/Src/fatfs_sd.o
 .debug_abbrev  0x0000000000000284      0x28c Core/Src/main.o
 .debug_abbrev  0x0000000000000510      0x18c Core/Src/stm32f4xx_hal_msp.o
 .debug_abbrev  0x000000000000069c       0xc6 Core/Src/stm32f4xx_it.o
 .debug_abbrev  0x0000000000000762      0x12b Core/Src/system_stm32f4xx.o
 .debug_abbrev  0x000000000000088d       0x12 Core/Startup/startup_stm32f407vgtx.o
 .debug_abbrev  0x000000000000089f      0x1c7 Drivers/STM32F4xx_HAL_Driver/Src/stm32f4xx_hal.o
 .debug_abbrev  0x0000000000000a66      0x2fa Drivers/STM32F4xx_HAL_Driver/Src/stm32f4xx_hal_cortex.o
 .debug_abbrev  0x0000000000000d60      0x1c9 Drivers/STM32F4xx_HAL_Driver/Src/stm32f4xx_hal_gpio.o
 .debug_abbrev  0x0000000000000f29      0x245 Drivers/STM32F4xx_HAL_Driver/Src/stm32f4xx_hal_rcc.o
 .debug_abbrev  0x000000000000116e      0x240 Drivers/STM32F4xx_HAL_Driver/Src/stm32f4xx_hal_spi.o
 .debug_abbrev  0x00000000000013ae      0x1df FATFS/App/fatfs.o
 .debug_abbrev  0x000000000000158d      0x207 FATFS/Target/user_diskio.o
 .debug_abbrev  0x0000000000001794      0x209 Middlewares/Third_Party/FatFs/src/diskio.o
 .debug_abbrev  0x000000000000199d      0x2a5 Middlewares/Third_Party/FatFs/src/ff.o
 .debug_abbrev  0x0000000000001c42      0x236 Middlewares/Third_Party/FatFs/src/ff_gen_drv.o

.debug_aranges  0x0000000000000000      0x978
 .debug_aranges
                0x0000000000000000       0xa8 Core/Src/fatfs_sd.o
 .debug_aranges
                0x00000000000000a8       0x40 Core/Src/main.o
 .debug_aranges
                0x00000000000000e8       0x30 Core/Src/stm32f4xx_hal_msp.o
 .debug_aranges
                0x0000000000000118       0x60 Core/Src/stm32f4xx_it.o
 .debug_aranges
                0x0000000000000178       0x28 Core/Src/system_stm32f4xx.o
 .debug_aranges
                0x00000000000001a0       0x28 Core/Startup/startup_stm32f407vgtx.o
 .debug_aranges
                0x00000000000001c8       0xf0 Drivers/STM32F4xx_HAL_Driver/Src/stm32f4xx_hal.o
 .debug_aranges
                0x00000000000002b8      0x118 Drivers/STM32F4xx_HAL_Driver/Src/stm32f4xx_hal_cortex.o
 .debug_aranges
                0x00000000000003d0       0x58 Drivers/STM32F4xx_HAL_Driver/Src/stm32f4xx_hal_gpio.o
 .debug_aranges
                0x0000000000000428       0x88 Drivers/STM32F4xx_HAL_Driver/Src/stm32f4xx_hal_rcc.o
 .debug_aranges
                0x00000000000004b0      0x1d0 Drivers/STM32F4xx_HAL_Driver/Src/stm32f4xx_hal_spi.o
 .debug_aranges
                0x0000000000000680       0x28 FATFS/App/fatfs.o
 .debug_aranges
                0x00000000000006a8       0x40 FATFS/Target/user_diskio.o
 .debug_aranges
                0x00000000000006e8       0x48 Middlewares/Third_Party/FatFs/src/diskio.o
 .debug_aranges
                0x0000000000000730      0x208 Middlewares/Third_Party/FatFs/src/ff.o
 .debug_aranges
                0x0000000000000938       0x40 Middlewares/Third_Party/FatFs/src/ff_gen_drv.o

.debug_ranges   0x0000000000000000      0x880
 .debug_ranges  0x0000000000000000       0x98 Core/Src/fatfs_sd.o
 .debug_ranges  0x0000000000000098       0x30 Core/Src/main.o
 .debug_ranges  0x00000000000000c8       0x20 Core/Src/stm32f4xx_hal_msp.o
 .debug_ranges  0x00000000000000e8       0x50 Core/Src/stm32f4xx_it.o
 .debug_ranges  0x0000000000000138       0x18 Core/Src/system_stm32f4xx.o
 .debug_ranges  0x0000000000000150       0x20 Core/Startup/startup_stm32f407vgtx.o
 .debug_ranges  0x0000000000000170       0xe0 Drivers/STM32F4xx_HAL_Driver/Src/stm32f4xx_hal.o
 .debug_ranges  0x0000000000000250      0x108 Drivers/STM32F4xx_HAL_Driver/Src/stm32f4xx_hal_cortex.o
 .debug_ranges  0x0000000000000358       0x48 Drivers/STM32F4xx_HAL_Driver/Src/stm32f4xx_hal_gpio.o
 .debug_ranges  0x00000000000003a0       0x78 Drivers/STM32F4xx_HAL_Driver/Src/stm32f4xx_hal_rcc.o
 .debug_ranges  0x0000000000000418      0x1c0 Drivers/STM32F4xx_HAL_Driver/Src/stm32f4xx_hal_spi.o
 .debug_ranges  0x00000000000005d8       0x18 FATFS/App/fatfs.o
 .debug_ranges  0x00000000000005f0       0x30 FATFS/Target/user_diskio.o
 .debug_ranges  0x0000000000000620       0x38 Middlewares/Third_Party/FatFs/src/diskio.o
 .debug_ranges  0x0000000000000658      0x1f8 Middlewares/Third_Party/FatFs/src/ff.o
 .debug_ranges  0x0000000000000850       0x30 Middlewares/Third_Party/FatFs/src/ff_gen_drv.o

.debug_macro    0x0000000000000000    0x21308
 .debug_macro   0x0000000000000000      0x1ed Core/Src/fatfs_sd.o
 .debug_macro   0x00000000000001ed      0xa5a Core/Src/fatfs_sd.o
 .debug_macro   0x0000000000000c47      0x28e Core/Src/fatfs_sd.o
 .debug_macro   0x0000000000000ed5       0x2e Core/Src/fatfs_sd.o
 .debug_macro   0x0000000000000f03       0x2f Core/Src/fatfs_sd.o
 .debug_macro   0x0000000000000f32       0x22 Core/Src/fatfs_sd.o
 .debug_macro   0x0000000000000f54       0x8e Core/Src/fatfs_sd.o
 .debug_macro   0x0000000000000fe2       0x51 Core/Src/fatfs_sd.o
 .debug_macro   0x0000000000001033       0xef Core/Src/fatfs_sd.o
 .debug_macro   0x0000000000001122       0x6a Core/Src/fatfs_sd.o
 .debug_macro   0x000000000000118c      0x1df Core/Src/fatfs_sd.o
 .debug_macro   0x000000000000136b       0x1c Core/Src/fatfs_sd.o
 .debug_macro   0x0000000000001387       0x22 Core/Src/fatfs_sd.o
 .debug_macro   0x00000000000013a9       0xdf Core/Src/fatfs_sd.o
 .debug_macro   0x0000000000001488     0x102d Core/Src/fatfs_sd.o
 .debug_macro   0x00000000000024b5      0x11f Core/Src/fatfs_sd.o
 .debug_macro   0x00000000000025d4    0x15e3c Core/Src/fatfs_sd.o
 .debug_macro   0x0000000000018410       0x43 Core/Src/fatfs_sd.o
 .debug_macro   0x0000000000018453     0x3659 Core/Src/fatfs_sd.o
 .debug_macro   0x000000000001baac      0x174 Core/Src/fatfs_sd.o
 .debug_macro   0x000000000001bc20       0x5a Core/Src/fatfs_sd.o
 .debug_macro   0x000000000001bc7a      0x96b Core/Src/fatfs_sd.o
 .debug_macro   0x000000000001c5e5      0x9fe Core/Src/fatfs_sd.o
 .debug_macro   0x000000000001cfe3      0x117 Core/Src/fatfs_sd.o
 .debug_macro   0x000000000001d0fa      0x13e Core/Src/fatfs_sd.o
 .debug_macro   0x000000000001d238       0x27 Core/Src/fatfs_sd.o
 .debug_macro   0x000000000001d25f      0x174 Core/Src/fatfs_sd.o
 .debug_macro   0x000000000001d3d3      0x287 Core/Src/fatfs_sd.o
 .debug_macro   0x000000000001d65a       0x5f Core/Src/fatfs_sd.o
 .debug_macro   0x000000000001d6b9      0x236 Core/Src/fatfs_sd.o
 .debug_macro   0x000000000001d8ef      0x12c Core/Src/fatfs_sd.o
 .debug_macro   0x000000000001da1b      0x21e Core/Src/fatfs_sd.o
 .debug_macro   0x000000000001dc39       0x2e Core/Src/fatfs_sd.o
 .debug_macro   0x000000000001dc67      0x11a Core/Src/fatfs_sd.o
 .debug_macro   0x000000000001dd81       0x7e Core/Src/fatfs_sd.o
 .debug_macro   0x000000000001ddff       0x89 Core/Src/fatfs_sd.o
 .debug_macro   0x000000000001de88      0x225 Core/Src/fatfs_sd.o
 .debug_macro   0x000000000001e0ad      0x12d Core/Src/fatfs_sd.o
 .debug_macro   0x000000000001e1da       0x16 Core/Src/fatfs_sd.o
 .debug_macro   0x000000000001e1f0       0x7c Core/Src/fatfs_sd.o
 .debug_macro   0x000000000001e26c       0x9a Core/Src/fatfs_sd.o
 .debug_macro   0x000000000001e306      0x2db Core/Src/main.o
 .debug_macro   0x000000000001e5e1       0x10 Core/Src/main.o
 .debug_macro   0x000000000001e5f1       0xeb Core/Src/main.o
 .debug_macro   0x000000000001e6dc       0x18 Core/Src/main.o
 .debug_macro   0x000000000001e6f4       0x46 Core/Src/main.o
 .debug_macro   0x000000000001e73a       0x3c Core/Src/main.o
 .debug_macro   0x000000000001e776       0x34 Core/Src/main.o
 .debug_macro   0x000000000001e7aa       0x16 Core/Src/main.o
 .debug_macro   0x000000000001e7c0       0x35 Core/Src/main.o
 .debug_macro   0x000000000001e7f5       0x52 Core/Src/main.o
 .debug_macro   0x000000000001e847       0x1f Core/Src/main.o
 .debug_macro   0x000000000001e866       0x43 Core/Src/main.o
 .debug_macro   0x000000000001e8a9       0x20 Core/Src/main.o
 .debug_macro   0x000000000001e8c9      0x1a3 Core/Src/main.o
 .debug_macro   0x000000000001ea6c      0x32a Core/Src/main.o
 .debug_macro   0x000000000001ed96       0x16 Core/Src/main.o
 .debug_macro   0x000000000001edac       0x29 Core/Src/main.o
 .debug_macro   0x000000000001edd5       0x12 Core/Src/main.o
 .debug_macro   0x000000000001ede7       0xe2 Core/Src/main.o
 .debug_macro   0x000000000001eec9       0x8e Core/Src/main.o
 .debug_macro   0x000000000001ef57      0x1c9 Core/Src/stm32f4xx_hal_msp.o
 .debug_macro   0x000000000001f120      0x1d3 Core/Src/stm32f4xx_it.o
 .debug_macro   0x000000000001f2f3      0x1c0 Core/Src/system_stm32f4xx.o
 .debug_macro   0x000000000001f4b3      0x21a Drivers/STM32F4xx_HAL_Driver/Src/stm32f4xx_hal.o
 .debug_macro   0x000000000001f6cd      0x1ba Drivers/STM32F4xx_HAL_Driver/Src/stm32f4xx_hal_cortex.o
 .debug_macro   0x000000000001f887      0x1f0 Drivers/STM32F4xx_HAL_Driver/Src/stm32f4xx_hal_gpio.o
 .debug_macro   0x000000000001fa77      0x1de Drivers/STM32F4xx_HAL_Driver/Src/stm32f4xx_hal_rcc.o
 .debug_macro   0x000000000001fc55      0x1c9 Drivers/STM32F4xx_HAL_Driver/Src/stm32f4xx_hal_spi.o
 .debug_macro   0x000000000001fe1e      0x2e1 FATFS/App/fatfs.o
 .debug_macro   0x00000000000200ff       0xe5 FATFS/App/fatfs.o
 .debug_macro   0x00000000000201e4      0x2fe FATFS/Target/user_diskio.o
 .debug_macro   0x00000000000204e2       0x10 FATFS/Target/user_diskio.o
 .debug_macro   0x00000000000204f2       0x20 FATFS/Target/user_diskio.o
 .debug_macro   0x0000000000020512       0xd9 FATFS/Target/user_diskio.o
 .debug_macro   0x00000000000205eb       0x54 FATFS/Target/user_diskio.o
 .debug_macro   0x000000000002063f      0x2ce Middlewares/Third_Party/FatFs/src/diskio.o
 .debug_macro   0x000000000002090d      0x6d5 Middlewares/Third_Party/FatFs/src/ff.o
 .debug_macro   0x0000000000020fe2       0x58 Middlewares/Third_Party/FatFs/src/ff.o
 .debug_macro   0x000000000002103a      0x2ce Middlewares/Third_Party/FatFs/src/ff_gen_drv.o

.debug_line     0x0000000000000000     0x9abb
 .debug_line    0x0000000000000000      0xa72 Core/Src/fatfs_sd.o
 .debug_line    0x0000000000000a72      0x901 Core/Src/main.o
 .debug_line    0x0000000000001373      0x6be Core/Src/stm32f4xx_hal_msp.o
 .debug_line    0x0000000000001a31      0x737 Core/Src/stm32f4xx_it.o
 .debug_line    0x0000000000002168      0x6aa Core/Src/system_stm32f4xx.o
 .debug_line    0x0000000000002812       0x85 Core/Startup/startup_stm32f407vgtx.o
 .debug_line    0x0000000000002897      0x894 Drivers/STM32F4xx_HAL_Driver/Src/stm32f4xx_hal.o
 .debug_line    0x000000000000312b      0x9b8 Drivers/STM32F4xx_HAL_Driver/Src/stm32f4xx_hal_cortex.o
 .debug_line    0x0000000000003ae3      0x873 Drivers/STM32F4xx_HAL_Driver/Src/stm32f4xx_hal_gpio.o
 .debug_line    0x0000000000004356      0x8ec Drivers/STM32F4xx_HAL_Driver/Src/stm32f4xx_hal_rcc.o
 .debug_line    0x0000000000004c42     0x1050 Drivers/STM32F4xx_HAL_Driver/Src/stm32f4xx_hal_spi.o
 .debug_line    0x0000000000005c92      0x867 FATFS/App/fatfs.o
 .debug_line    0x00000000000064f9      0x8ae FATFS/Target/user_diskio.o
 .debug_line    0x0000000000006da7      0x88f Middlewares/Third_Party/FatFs/src/diskio.o
 .debug_line    0x0000000000007636     0x1bf6 Middlewares/Third_Party/FatFs/src/ff.o
 .debug_line    0x000000000000922c      0x88f Middlewares/Third_Party/FatFs/src/ff_gen_drv.o

.debug_str      0x0000000000000000    0xc20f3
 .debug_str     0x0000000000000000    0xbbb70 Core/Src/fatfs_sd.o
                                      0xbbe88 (size before relaxing)
 .debug_str     0x00000000000bbb70     0x393f Core/Src/main.o
                                      0xbf5cc (size before relaxing)
 .debug_str     0x00000000000bf4af       0x53 Core/Src/stm32f4xx_hal_msp.o
                                      0xbbb66 (size before relaxing)
 .debug_str     0x00000000000bf502       0xbd Core/Src/stm32f4xx_it.o
                                      0xbb629 (size before relaxing)
 .debug_str     0x00000000000bf5bf       0xc4 Core/Src/system_stm32f4xx.o
                                      0xbb6f6 (size before relaxing)
 .debug_str     0x00000000000bf683       0x36 Core/Startup/startup_stm32f407vgtx.o
                                         0x7a (size before relaxing)
 .debug_str     0x00000000000bf6b9      0xa5e Drivers/STM32F4xx_HAL_Driver/Src/stm32f4xx_hal.o
                                      0xbc1c3 (size before relaxing)
 .debug_str     0x00000000000c0117      0x399 Drivers/STM32F4xx_HAL_Driver/Src/stm32f4xx_hal_cortex.o
                                      0xbbfb2 (size before relaxing)
 .debug_str     0x00000000000c04b0      0x20c Drivers/STM32F4xx_HAL_Driver/Src/stm32f4xx_hal_gpio.o
                                      0xbb935 (size before relaxing)
 .debug_str     0x00000000000c06bc      0x259 Drivers/STM32F4xx_HAL_Driver/Src/stm32f4xx_hal_rcc.o
                                      0xbbae3 (size before relaxing)
 .debug_str     0x00000000000c0915      0x560 Drivers/STM32F4xx_HAL_Driver/Src/stm32f4xx_hal_spi.o
                                      0xbbf64 (size before relaxing)
 .debug_str     0x00000000000c0e75       0x2f FATFS/App/fatfs.o
                                      0xbed53 (size before relaxing)
 .debug_str     0x00000000000c0ea4       0xe2 FATFS/Target/user_diskio.o
                                      0xbed39 (size before relaxing)
 .debug_str     0x00000000000c0f86       0x52 Middlewares/Third_Party/FatFs/src/diskio.o
                                      0xbec75 (size before relaxing)
 .debug_str     0x00000000000c0fd8     0x1079 Middlewares/Third_Party/FatFs/src/ff.o
                                      0xbfe9a (size before relaxing)
 .debug_str     0x00000000000c2051       0xa2 Middlewares/Third_Party/FatFs/src/ff_gen_drv.o
                                      0xbecc6 (size before relaxing)

.comment        0x0000000000000000       0x7b
 .comment       0x0000000000000000       0x7b Core/Src/fatfs_sd.o
                                         0x7c (size before relaxing)
 .comment       0x000000000000007b       0x7c Core/Src/main.o
 .comment       0x000000000000007b       0x7c Core/Src/stm32f4xx_hal_msp.o
 .comment       0x000000000000007b       0x7c Core/Src/stm32f4xx_it.o
 .comment       0x000000000000007b       0x7c Core/Src/system_stm32f4xx.o
 .comment       0x000000000000007b       0x7c Drivers/STM32F4xx_HAL_Driver/Src/stm32f4xx_hal.o
 .comment       0x000000000000007b       0x7c Drivers/STM32F4xx_HAL_Driver/Src/stm32f4xx_hal_cortex.o
 .comment       0x000000000000007b       0x7c Drivers/STM32F4xx_HAL_Driver/Src/stm32f4xx_hal_gpio.o
 .comment       0x000000000000007b       0x7c Drivers/STM32F4xx_HAL_Driver/Src/stm32f4xx_hal_rcc.o
 .comment       0x000000000000007b       0x7c Drivers/STM32F4xx_HAL_Driver/Src/stm32f4xx_hal_spi.o
 .comment       0x000000000000007b       0x7c FATFS/App/fatfs.o
 .comment       0x000000000000007b       0x7c FATFS/Target/user_diskio.o
 .comment       0x000000000000007b       0x7c Middlewares/Third_Party/FatFs/src/diskio.o
 .comment       0x000000000000007b       0x7c Middlewares/Third_Party/FatFs/src/ff.o
 .comment       0x000000000000007b       0x7c Middlewares/Third_Party/FatFs/src/ff_gen_drv.o

.debug_frame    0x0000000000000000     0x2538
 .debug_frame   0x0000000000000000      0x28c Core/Src/fatfs_sd.o
 .debug_frame   0x000000000000028c       0xa8 Core/Src/main.o
 .debug_frame   0x0000000000000334       0x80 Core/Src/stm32f4xx_hal_msp.o
 .debug_frame   0x00000000000003b4      0x104 Core/Src/stm32f4xx_it.o
 .debug_frame   0x00000000000004b8       0x58 Core/Src/system_stm32f4xx.o
 .debug_frame   0x0000000000000510      0x374 Drivers/STM32F4xx_HAL_Driver/Src/stm32f4xx_hal.o
 .debug_frame   0x0000000000000884      0x498 Drivers/STM32F4xx_HAL_Driver/Src/stm32f4xx_hal_cortex.o
 .debug_frame   0x0000000000000d1c      0x14c Drivers/STM32F4xx_HAL_Driver/Src/stm32f4xx_hal_gpio.o
 .debug_frame   0x0000000000000e68      0x1f0 Drivers/STM32F4xx_HAL_Driver/Src/stm32f4xx_hal_rcc.o
 .debug_frame   0x0000000000001058      0x824 Drivers/STM32F4xx_HAL_Driver/Src/stm32f4xx_hal_spi.o
 .debug_frame   0x000000000000187c       0x4c FATFS/App/fatfs.o
 .debug_frame   0x00000000000018c8       0xc4 FATFS/Target/user_diskio.o
 .debug_frame   0x000000000000198c       0xec Middlewares/Third_Party/FatFs/src/diskio.o
 .debug_frame   0x0000000000001a78      0x94c Middlewares/Third_Party/FatFs/src/ff.o
 .debug_frame   0x00000000000023c4       0xc8 Middlewares/Third_Party/FatFs/src/ff_gen_drv.o
 .debug_frame   0x000000000000248c       0x2c c:/st/stm32cubeide_1.5.0/stm32cubeide/plugins/com.st.stm32cube.ide.mcu.externaltools.gnu-tools-for-stm32.7-2018-q2-update.win32_1.5.0.202011040924/tools/bin/../lib/gcc/arm-none-eabi/7.3.1/../../../../arm-none-eabi/lib/thumb/v7e-m/fpv4-sp/hard\libc_nano.a(lib_a-init.o)
 .debug_frame   0x00000000000024b8       0x20 c:/st/stm32cubeide_1.5.0/stm32cubeide/plugins/com.st.stm32cube.ide.mcu.externaltools.gnu-tools-for-stm32.7-2018-q2-update.win32_1.5.0.202011040924/tools/bin/../lib/gcc/arm-none-eabi/7.3.1/../../../../arm-none-eabi/lib/thumb/v7e-m/fpv4-sp/hard\libc_nano.a(lib_a-memset.o)
 .debug_frame   0x00000000000024d8       0x2c c:/st/stm32cubeide_1.5.0/stm32cubeide/plugins/com.st.stm32cube.ide.mcu.externaltools.gnu-tools-for-stm32.7-2018-q2-update.win32_1.5.0.202011040924/tools/bin/../lib/gcc/arm-none-eabi/7.3.1/thumb/v7e-m/fpv4-sp/hard\libgcc.a(_aeabi_uldivmod.o)
 .debug_frame   0x0000000000002504       0x34 c:/st/stm32cubeide_1.5.0/stm32cubeide/plugins/com.st.stm32cube.ide.mcu.externaltools.gnu-tools-for-stm32.7-2018-q2-update.win32_1.5.0.202011040924/tools/bin/../lib/gcc/arm-none-eabi/7.3.1/thumb/v7e-m/fpv4-sp/hard\libgcc.a(_udivmoddi4.o)
